Archive member included to satisfy reference by file (symbol)

D:\Projects\FOCModule\Firmware\FOCModule\Middlewares\ST\ARM\DSP\Lib\libarm_cortexM4lf_math.a(arm_sin_f32.o)
                              CMakeFiles/FOCModule.elf.dir/FOC/Src/FOC_core.c.obj (arm_sin_f32)
D:\Projects\FOCModule\Firmware\FOCModule\Middlewares\ST\ARM\DSP\Lib\libarm_cortexM4lf_math.a(arm_cos_f32.o)
                              CMakeFiles/FOCModule.elf.dir/FOC/Src/FOC_core.c.obj (arm_cos_f32)
D:\Projects\FOCModule\Firmware\FOCModule\Middlewares\ST\ARM\DSP\Lib\libarm_cortexM4lf_math.a(arm_common_tables.o)
                              D:\Projects\FOCModule\Firmware\FOCModule\Middlewares\ST\ARM\DSP\Lib\libarm_cortexM4lf_math.a(arm_sin_f32.o) (sinTable_f32)
c:/tools/gcc-arm-none-eabi-10.3-2021.07/bin/../lib/gcc/arm-none-eabi/10.3.1/thumb/v7e-m+fp/hard\libgcc.a(_arm_muldf3.o)
                              CMakeFiles/FOCModule.elf.dir/FOC/Src/FOC_PID.c.obj (__aeabi_dmul)
c:/tools/gcc-arm-none-eabi-10.3-2021.07/bin/../lib/gcc/arm-none-eabi/10.3.1/thumb/v7e-m+fp/hard\libgcc.a(_arm_addsubdf3.o)
                              CMakeFiles/FOCModule.elf.dir/FOC/Src/FOC_PID.c.obj (__aeabi_dadd)
c:/tools/gcc-arm-none-eabi-10.3-2021.07/bin/../lib/gcc/arm-none-eabi/10.3.1/thumb/v7e-m+fp/hard\libgcc.a(_arm_cmpdf2.o)
                              CMakeFiles/FOCModule.elf.dir/FOC/Src/FOC_PID.c.obj (__aeabi_dcmplt)
c:/tools/gcc-arm-none-eabi-10.3-2021.07/bin/../lib/gcc/arm-none-eabi/10.3.1/thumb/v7e-m+fp/hard\libgcc.a(_arm_truncdfsf2.o)
                              CMakeFiles/FOCModule.elf.dir/FOC/Src/FOC_PID.c.obj (__aeabi_d2f)
c:/tools/gcc-arm-none-eabi-10.3-2021.07/bin/../lib/gcc/arm-none-eabi/10.3.1/thumb/v7e-m+fp/hard\libgcc.a(_aeabi_uldivmod.o)
                              CMakeFiles/FOCModule.elf.dir/Drivers/STM32F4xx_HAL_Driver/Src/stm32f4xx_hal_rcc.c.obj (__aeabi_uldivmod)
c:/tools/gcc-arm-none-eabi-10.3-2021.07/bin/../lib/gcc/arm-none-eabi/10.3.1/thumb/v7e-m+fp/hard\libgcc.a(_udivmoddi4.o)
                              c:/tools/gcc-arm-none-eabi-10.3-2021.07/bin/../lib/gcc/arm-none-eabi/10.3.1/thumb/v7e-m+fp/hard\libgcc.a(_aeabi_uldivmod.o) (__udivmoddi4)
c:/tools/gcc-arm-none-eabi-10.3-2021.07/bin/../lib/gcc/arm-none-eabi/10.3.1/thumb/v7e-m+fp/hard\libgcc.a(_dvmd_tls.o)
                              c:/tools/gcc-arm-none-eabi-10.3-2021.07/bin/../lib/gcc/arm-none-eabi/10.3.1/thumb/v7e-m+fp/hard\libgcc.a(_aeabi_uldivmod.o) (__aeabi_ldiv0)
c:/tools/gcc-arm-none-eabi-10.3-2021.07/bin/../lib/gcc/arm-none-eabi/10.3.1/../../../../arm-none-eabi/lib/thumb/v7e-m+fp/hard\libg.a(lib_a-errno.o)
                              CMakeFiles/FOCModule.elf.dir/Core/Src/syscalls.c.obj (__errno)
c:/tools/gcc-arm-none-eabi-10.3-2021.07/bin/../lib/gcc/arm-none-eabi/10.3.1/../../../../arm-none-eabi/lib/thumb/v7e-m+fp/hard\libg.a(lib_a-exit.o)
                              c:/tools/gcc-arm-none-eabi-10.3-2021.07/bin/../lib/gcc/arm-none-eabi/10.3.1/../../../../arm-none-eabi/lib/thumb/v7e-m+fp/hard/crt0.o (exit)
c:/tools/gcc-arm-none-eabi-10.3-2021.07/bin/../lib/gcc/arm-none-eabi/10.3.1/../../../../arm-none-eabi/lib/thumb/v7e-m+fp/hard\libg.a(lib_a-impure.o)
                              c:/tools/gcc-arm-none-eabi-10.3-2021.07/bin/../lib/gcc/arm-none-eabi/10.3.1/../../../../arm-none-eabi/lib/thumb/v7e-m+fp/hard\libg.a(lib_a-exit.o) (_global_impure_ptr)
c:/tools/gcc-arm-none-eabi-10.3-2021.07/bin/../lib/gcc/arm-none-eabi/10.3.1/../../../../arm-none-eabi/lib/thumb/v7e-m+fp/hard\libg.a(lib_a-init.o)
                              c:/tools/gcc-arm-none-eabi-10.3-2021.07/bin/../lib/gcc/arm-none-eabi/10.3.1/../../../../arm-none-eabi/lib/thumb/v7e-m+fp/hard/crt0.o (__libc_init_array)
c:/tools/gcc-arm-none-eabi-10.3-2021.07/bin/../lib/gcc/arm-none-eabi/10.3.1/../../../../arm-none-eabi/lib/thumb/v7e-m+fp/hard\libg.a(lib_a-memset.o)
                              c:/tools/gcc-arm-none-eabi-10.3-2021.07/bin/../lib/gcc/arm-none-eabi/10.3.1/../../../../arm-none-eabi/lib/thumb/v7e-m+fp/hard/crt0.o (memset)
c:/tools/gcc-arm-none-eabi-10.3-2021.07/bin/../lib/gcc/arm-none-eabi/10.3.1/../../../../arm-none-eabi/lib/thumb/v7e-m+fp/hard\libg.a(lib_a-vsnprintf.o)
                              CMakeFiles/FOCModule.elf.dir/USB_DEVICE/App/usbd_cdc_if.c.obj (vsnprintf)
c:/tools/gcc-arm-none-eabi-10.3-2021.07/bin/../lib/gcc/arm-none-eabi/10.3.1/../../../../arm-none-eabi/lib/thumb/v7e-m+fp/hard\libg.a(lib_a-__call_atexit.o)
                              c:/tools/gcc-arm-none-eabi-10.3-2021.07/bin/../lib/gcc/arm-none-eabi/10.3.1/../../../../arm-none-eabi/lib/thumb/v7e-m+fp/hard\libg.a(lib_a-exit.o) (__call_exitprocs)
c:/tools/gcc-arm-none-eabi-10.3-2021.07/bin/../lib/gcc/arm-none-eabi/10.3.1/../../../../arm-none-eabi/lib/thumb/v7e-m+fp/hard\libg.a(lib_a-atexit.o)
                              c:/tools/gcc-arm-none-eabi-10.3-2021.07/bin/../lib/gcc/arm-none-eabi/10.3.1/../../../../arm-none-eabi/lib/thumb/v7e-m+fp/hard\libg.a(lib_a-__call_atexit.o) (atexit)
[...]
Memory Configuration

Name             Origin             Length             Attributes
CCMRAM           0x10000000         0x00010000         xrw
RAM              0x20000000         0x00020000         xrw
FLASH            0x08000000         0x00100000         xr
*default*        0x00000000         0xffffffff

Linker script and memory map

LOAD c:/tools/gcc-arm-none-eabi-10.3-2021.07/bin/../lib/gcc/arm-none-eabi/10.3.1/thumb/v7e-m+fp/hard/crti.o
LOAD c:/tools/gcc-arm-none-eabi-10.3-2021.07/bin/../lib/gcc/arm-none-eabi/10.3.1/thumb/v7e-m+fp/hard/crtbegin.o
LOAD c:/tools/gcc-arm-none-eabi-10.3-2021.07/bin/../lib/gcc/arm-none-eabi/10.3.1/../../../../arm-none-eabi/lib/thumb/v7e-m+fp/hard/crt0.o
LOAD CMakeFiles/FOCModule.elf.dir/Core/Src/adc.c.obj
LOAD CMakeFiles/FOCModule.elf.dir/Core/Src/dac.c.obj
LOAD CMakeFiles/FOCModule.elf.dir/Core/Src/gpio.c.obj
LOAD CMakeFiles/FOCModule.elf.dir/Core/Src/i2c.c.obj
LOAD CMakeFiles/FOCModule.elf.dir/Core/Src/main.c.obj
LOAD CMakeFiles/FOCModule.elf.dir/Core/Src/stm32f4xx_hal_msp.c.obj
LOAD CMakeFiles/FOCModule.elf.dir/Core/Src/stm32f4xx_it.c.obj
LOAD CMakeFiles/FOCModule.elf.dir/Core/Src/syscalls.c.obj
LOAD CMakeFiles/FOCModule.elf.dir/Core/Src/sysmem.c.obj
LOAD CMakeFiles/FOCModule.elf.dir/Core/Src/system_stm32f4xx.c.obj
LOAD CMakeFiles/FOCModule.elf.dir/Core/Src/tim.c.obj
LOAD CMakeFiles/FOCModule.elf.dir/Core/Startup/startup_stm32f405rgtx.s.obj
LOAD CMakeFiles/FOCModule.elf.dir/Drivers/STM32F4xx_HAL_Driver/Src/stm32f4xx_hal.c.obj
LOAD CMakeFiles/FOCModule.elf.dir/Drivers/STM32F4xx_HAL_Driver/Src/stm32f4xx_hal_adc.c.obj
LOAD CMakeFiles/FOCModule.elf.dir/Drivers/STM32F4xx_HAL_Driver/Src/stm32f4xx_hal_adc_ex.c.obj
LOAD CMakeFiles/FOCModule.elf.dir/Drivers/STM32F4xx_HAL_Driver/Src/stm32f4xx_hal_cortex.c.obj
LOAD CMakeFiles/FOCModule.elf.dir/Drivers/STM32F4xx_HAL_Driver/Src/stm32f4xx_hal_dac.c.obj
LOAD CMakeFiles/FOCModule.elf.dir/Drivers/STM32F4xx_HAL_Driver/Src/stm32f4xx_hal_dac_ex.c.obj
LOAD CMakeFiles/FOCModule.elf.dir/Drivers/STM32F4xx_HAL_Driver/Src/stm32f4xx_hal_dma.c.obj
LOAD CMakeFiles/FOCModule.elf.dir/Drivers/STM32F4xx_HAL_Driver/Src/stm32f4xx_hal_dma_ex.c.obj
LOAD CMakeFiles/FOCModule.elf.dir/Drivers/STM32F4xx_HAL_Driver/Src/stm32f4xx_hal_exti.c.obj
LOAD CMakeFiles/FOCModule.elf.dir/Drivers/STM32F4xx_HAL_Driver/Src/stm32f4xx_hal_flash.c.obj
LOAD CMakeFiles/FOCModule.elf.dir/Drivers/STM32F4xx_HAL_Driver/Src/stm32f4xx_hal_flash_ex.c.obj
LOAD CMakeFiles/FOCModule.elf.dir/Drivers/STM32F4xx_HAL_Driver/Src/stm32f4xx_hal_flash_ramfunc.c.obj
LOAD CMakeFiles/FOCModule.elf.dir/Drivers/STM32F4xx_HAL_Driver/Src/stm32f4xx_hal_gpio.c.obj
LOAD CMakeFiles/FOCModule.elf.dir/Drivers/STM32F4xx_HAL_Driver/Src/stm32f4xx_hal_i2c.c.obj
LOAD CMakeFiles/FOCModule.elf.dir/Drivers/STM32F4xx_HAL_Driver/Src/stm32f4xx_hal_i2c_ex.c.obj
LOAD CMakeFiles/FOCModule.elf.dir/Drivers/STM32F4xx_HAL_Driver/Src/stm32f4xx_hal_pcd.c.obj
LOAD CMakeFiles/FOCModule.elf.dir/Drivers/STM32F4xx_HAL_Driver/Src/stm32f4xx_hal_pcd_ex.c.obj
LOAD CMakeFiles/FOCModule.elf.dir/Drivers/STM32F4xx_HAL_Driver/Src/stm32f4xx_hal_pwr.c.obj
LOAD CMakeFiles/FOCModule.elf.dir/Drivers/STM32F4xx_HAL_Driver/Src/stm32f4xx_hal_pwr_ex.c.obj
LOAD CMakeFiles/FOCModule.elf.dir/Drivers/STM32F4xx_HAL_Driver/Src/stm32f4xx_hal_rcc.c.obj
LOAD CMakeFiles/FOCModule.elf.dir/Drivers/STM32F4xx_HAL_Driver/Src/stm32f4xx_hal_rcc_ex.c.obj
LOAD CMakeFiles/FOCModule.elf.dir/Drivers/STM32F4xx_HAL_Driver/Src/stm32f4xx_hal_tim.c.obj
LOAD CMakeFiles/FOCModule.elf.dir/Drivers/STM32F4xx_HAL_Driver/Src/stm32f4xx_hal_tim_ex.c.obj
LOAD CMakeFiles/FOCModule.elf.dir/Drivers/STM32F4xx_HAL_Driver/Src/stm32f4xx_ll_adc.c.obj
LOAD CMakeFiles/FOCModule.elf.dir/Drivers/STM32F4xx_HAL_Driver/Src/stm32f4xx_ll_usb.c.obj
LOAD CMakeFiles/FOCModule.elf.dir/FOC/Encoder/Src/AS5600.c.obj
LOAD CMakeFiles/FOCModule.elf.dir/FOC/Src/FOC_LPF.c.obj
LOAD CMakeFiles/FOCModule.elf.dir/FOC/Src/FOC_PID.c.obj
LOAD CMakeFiles/FOCModule.elf.dir/FOC/Src/FOC_PWM.c.obj
LOAD CMakeFiles/FOCModule.elf.dir/FOC/Src/FOC_core.c.obj
LOAD CMakeFiles/FOCModule.elf.dir/FOC/Src/FOC_current_sense.c.obj
LOAD CMakeFiles/FOCModule.elf.dir/FOC/Src/FOC_encoder.c.obj
LOAD CMakeFiles/FOCModule.elf.dir/FOC/Src/FOC_scope.c.obj
LOAD CMakeFiles/FOCModule.elf.dir/FOC/Src/FOC_setting.c.obj
LOAD CMakeFiles/FOCModule.elf.dir/FOC/Src/FOC_utility.c.obj
LOAD CMakeFiles/FOCModule.elf.dir/Middlewares/ST/STM32_USB_Device_Library/Class/CDC/Src/usbd_cdc.c.obj
LOAD CMakeFiles/FOCModule.elf.dir/Middlewares/ST/STM32_USB_Device_Library/Core/Src/usbd_core.c.obj
LOAD CMakeFiles/FOCModule.elf.dir/Middlewares/ST/STM32_USB_Device_Library/Core/Src/usbd_ctlreq.c.obj
LOAD CMakeFiles/FOCModule.elf.dir/Middlewares/ST/STM32_USB_Device_Library/Core/Src/usbd_ioreq.c.obj
LOAD CMakeFiles/FOCModule.elf.dir/USB_DEVICE/App/usb_device.c.obj
LOAD CMakeFiles/FOCModule.elf.dir/USB_DEVICE/App/usbd_cdc_if.c.obj
LOAD CMakeFiles/FOCModule.elf.dir/USB_DEVICE/App/usbd_desc.c.obj
LOAD CMakeFiles/FOCModule.elf.dir/USB_DEVICE/Target/usbd_conf.c.obj
LOAD D:\Projects\FOCModule\Firmware\FOCModule\Middlewares\ST\ARM\DSP\Lib\libarm_cortexM4lf_math.a
START GROUP
LOAD c:/tools/gcc-arm-none-eabi-10.3-2021.07/bin/../lib/gcc/arm-none-eabi/10.3.1/thumb/v7e-m+fp/hard\libgcc.a
LOAD c:/tools/gcc-arm-none-eabi-10.3-2021.07/bin/../lib/gcc/arm-none-eabi/10.3.1/../../../../arm-none-eabi/lib/thumb/v7e-m+fp/hard\libg.a
LOAD c:/tools/gcc-arm-none-eabi-10.3-2021.07/bin/../lib/gcc/arm-none-eabi/10.3.1/../../../../arm-none-eabi/lib/thumb/v7e-m+fp/hard\libc.a
END GROUP
LOAD c:/tools/gcc-arm-none-eabi-10.3-2021.07/bin/../lib/gcc/arm-none-eabi/10.3.1/thumb/v7e-m+fp/hard/crtend.o
LOAD c:/tools/gcc-arm-none-eabi-10.3-2021.07/bin/../lib/gcc/arm-none-eabi/10.3.1/thumb/v7e-m+fp/hard/crtn.o
                0x20020000                _estack = (ORIGIN (RAM) + LENGTH (RAM))
                0x00000800                _Min_Heap_Size = 0x800
                0x00000800                _Min_Stack_Size = 0x800

.isr_vector     0x08000000      0x188
                0x08000000                . = ALIGN (0x4)
 *(.isr_vector)
 .isr_vector    0x08000000      0x188 CMakeFiles/FOCModule.elf.dir/Core/Startup/startup_stm32f405rgtx.s.obj
                0x08000000                g_pfnVectors
                0x08000188                . = ALIGN (0x4)

.text           0x080001c0     0xe164
                0x080001c0                . = ALIGN (0x4)
 *(.text)
 .text          0x080001c0       0x40 c:/tools/gcc-arm-none-eabi-10.3-2021.07/bin/../lib/gcc/arm-none-eabi/10.3.1/thumb/v7e-m+fp/hard/crtbegin.o
 .text          0x08000200      0x378 c:/tools/gcc-arm-none-eabi-10.3-2021.07/bin/../lib/gcc/arm-none-eabi/10.3.1/thumb/v7e-m+fp/hard\libgcc.a(_arm_addsubdf3.o)
                0x08000200                __aeabi_drsub
                0x08000208                __aeabi_dsub
                0x08000208                __subdf3
                0x0800020c                __aeabi_dadd
                0x0800020c                __adddf3
                0x08000484                __floatunsidf
                0x08000484                __aeabi_ui2d
                0x080004a4                __floatsidf
                0x080004a4                __aeabi_i2d
                0x080004c8                __aeabi_f2d
                0x080004c8                __extendsfdf2
                0x0800050c                __floatundidf
                0x0800050c                __aeabi_ul2d
                0x0800051c                __floatdidf
                0x0800051c                __aeabi_l2d
 .text          0x08000578      0x110 c:/tools/gcc-arm-none-eabi-10.3-2021.07/bin/../lib/gcc/arm-none-eabi/10.3.1/thumb/v7e-m+fp/hard\libgcc.a(_arm_cmpdf2.o)
                0x08000578                __gtdf2
                0x08000578                __gedf2
                0x08000580                __ltdf2
                0x08000580                __ledf2
                0x08000588                __nedf2
                0x08000588                __eqdf2
                0x08000588                __cmpdf2
                0x08000604                __aeabi_cdrcmple
                0x08000614                __aeabi_cdcmpeq
                0x08000614                __aeabi_cdcmple
                0x08000624                __aeabi_dcmpeq
                0x08000638                __aeabi_dcmplt
                0x0800064c                __aeabi_dcmple
                0x08000660                __aeabi_dcmpge
                0x08000674                __aeabi_dcmpgt
 .text          0x08000688       0xa0 c:/tools/gcc-arm-none-eabi-10.3-2021.07/bin/../lib/gcc/arm-none-eabi/10.3.1/thumb/v7e-m+fp/hard\libgcc.a(_arm_truncdfsf2.o)
                0x08000688                __truncdfsf2
                0x08000688                __aeabi_d2f
 .text          0x08000728       0x30 c:/tools/gcc-arm-none-eabi-10.3-2021.07/bin/../lib/gcc/arm-none-eabi/10.3.1/thumb/v7e-m+fp/hard\libgcc.a(_aeabi_uldivmod.o)
                0x08000728                __aeabi_uldivmod
 .text          0x08000758      0x2d0 c:/tools/gcc-arm-none-eabi-10.3-2021.07/bin/../lib/gcc/arm-none-eabi/10.3.1/thumb/v7e-m+fp/hard\libgcc.a(_udivmoddi4.o)
                0x08000758                __udivmoddi4
 .text          0x08000a28        0x4 c:/tools/gcc-arm-none-eabi-10.3-2021.07/bin/../lib/gcc/arm-none-eabi/10.3.1/thumb/v7e-m+fp/hard\libgcc.a(_dvmd_tls.o)
                0x08000a28                __aeabi_idiv0
                0x08000a28                __aeabi_ldiv0
 *fill*         0x08000a2c        0x4 
 .text          0x08000a30       0xa0 c:/tools/gcc-arm-none-eabi-10.3-2021.07/bin/../lib/gcc/arm-none-eabi/10.3.1/../../../../arm-none-eabi/lib/thumb/v7e-m+fp/hard\libg.a(lib_a-memchr.o)
                0x08000a30                memchr
 .text          0x08000ad0      0x134 c:/tools/gcc-arm-none-eabi-10.3-2021.07/bin/../lib/gcc/arm-none-eabi/10.3.1/../../../../arm-none-eabi/lib/thumb/v7e-m+fp/hard\libg.a(lib_a-memcpy.o)
                0x08000ad0                memcpy
 *fill*         0x08000c04       0x3c 
 .text          0x08000c40       0xdc c:/tools/gcc-arm-none-eabi-10.3-2021.07/bin/../lib/gcc/arm-none-eabi/10.3.1/../../../../arm-none-eabi/lib/thumb/v7e-m+fp/hard\libg.a(lib_a-strlen.o)
                0x08000c40                strlen
 .text          0x08000d1c      0x424 c:/tools/gcc-arm-none-eabi-10.3-2021.07/bin/../lib/gcc/arm-none-eabi/10.3.1/thumb/v7e-m+fp/hard\libgcc.a(_arm_muldivdf3.o)
                0x08000d1c                __aeabi_dmul
                0x08000d1c                __muldf3
                0x08000f70                __divdf3
                0x08000f70                __aeabi_ddiv
 .text          0x08001140       0x2c c:/tools/gcc-arm-none-eabi-10.3-2021.07/bin/../lib/gcc/arm-none-eabi/10.3.1/thumb/v7e-m+fp/hard\libgcc.a(_arm_unorddf2.o)
                0x08001140                __unorddf2
                0x08001140                __aeabi_dcmpun
 .text          0x0800116c       0x50 c:/tools/gcc-arm-none-eabi-10.3-2021.07/bin/../lib/gcc/arm-none-eabi/10.3.1/thumb/v7e-m+fp/hard\libgcc.a(_arm_fixdfsi.o)
                0x0800116c                __aeabi_d2iz
                0x0800116c                __fixdfsi
 *(.text*)
 .text.MX_ADC1_Init
                0x080011bc       0xd4 CMakeFiles/FOCModule.elf.dir/Core/Src/adc.c.obj
                0x080011bc                MX_ADC1_Init
 .text.HAL_ADC_MspInit
                0x08001290       0x78 CMakeFiles/FOCModule.elf.dir/Core/Src/adc.c.obj
                0x08001290                HAL_ADC_MspInit
 .text.MX_DAC_Init
                0x08001308       0x54 CMakeFiles/FOCModule.elf.dir/Core/Src/dac.c.obj
                0x08001308                MX_DAC_Init
 .text.HAL_DAC_MspInit
                0x0800135c       0x68 CMakeFiles/FOCModule.elf.dir/Core/Src/dac.c.obj
                0x0800135c                HAL_DAC_MspInit
 .text.MX_GPIO_Init
                0x080013c4       0x8c CMakeFiles/FOCModule.elf.dir/Core/Src/gpio.c.obj
                0x080013c4                MX_GPIO_Init
 .text.MX_I2C1_Init
                0x08001450       0x3c CMakeFiles/FOCModule.elf.dir/Core/Src/i2c.c.obj
                0x08001450                MX_I2C1_Init
 .text.HAL_I2C_MspInit
                0x0800148c       0x70 CMakeFiles/FOCModule.elf.dir/Core/Src/i2c.c.obj
                0x0800148c                HAL_I2C_MspInit
 .text.Error_Handler
                0x080014fc        0x4 CMakeFiles/FOCModule.elf.dir/Core/Src/main.c.obj
                0x080014fc                Error_Handler
 .text.SystemClock_Config
                0x08001500       0xa8 CMakeFiles/FOCModule.elf.dir/Core/Src/main.c.obj
                0x08001500                SystemClock_Config
 .text.SystemClock_EnableHSI
                0x080015a8       0x60 CMakeFiles/FOCModule.elf.dir/Core/Src/main.c.obj
                0x080015a8                SystemClock_EnableHSI
 .text.SystemClock_DisableHSI
                0x08001608       0x24 CMakeFiles/FOCModule.elf.dir/Core/Src/main.c.obj
                0x08001608                SystemClock_DisableHSI
 .text.main     0x0800162c       0x70 CMakeFiles/FOCModule.elf.dir/Core/Src/main.c.obj
                0x0800162c                main
 .text.HAL_MspInit
                0x0800169c       0x38 CMakeFiles/FOCModule.elf.dir/Core/Src/stm32f4xx_hal_msp.c.obj
                0x0800169c                HAL_MspInit
 .text.NMI_Handler
                0x080016d4        0x2 CMakeFiles/FOCModule.elf.dir/Core/Src/stm32f4xx_it.c.obj
                0x080016d4                NMI_Handler
 .text.HardFault_Handler
                0x080016d6        0x2 CMakeFiles/FOCModule.elf.dir/Core/Src/stm32f4xx_it.c.obj
                0x080016d6                HardFault_Handler
 .text.MemManage_Handler
                0x080016d8        0x2 CMakeFiles/FOCModule.elf.dir/Core/Src/stm32f4xx_it.c.obj
                0x080016d8                MemManage_Handler
 .text.BusFault_Handler
                0x080016da        0x2 CMakeFiles/FOCModule.elf.dir/Core/Src/stm32f4xx_it.c.obj
                0x080016da                BusFault_Handler
 .text.UsageFault_Handler
                0x080016dc        0x2 CMakeFiles/FOCModule.elf.dir/Core/Src/stm32f4xx_it.c.obj
                0x080016dc                UsageFault_Handler
 .text.SVC_Handler
                0x080016de        0x2 CMakeFiles/FOCModule.elf.dir/Core/Src/stm32f4xx_it.c.obj
                0x080016de                SVC_Handler
 .text.DebugMon_Handler
                0x080016e0        0x2 CMakeFiles/FOCModule.elf.dir/Core/Src/stm32f4xx_it.c.obj
                0x080016e0                DebugMon_Handler
 .text.PendSV_Handler
                0x080016e2        0x2 CMakeFiles/FOCModule.elf.dir/Core/Src/stm32f4xx_it.c.obj
                0x080016e2                PendSV_Handler
 .text.SysTick_Handler
                0x080016e4        0x8 CMakeFiles/FOCModule.elf.dir/Core/Src/stm32f4xx_it.c.obj
                0x080016e4                SysTick_Handler
 .text.ADC_IRQHandler
                0x080016ec       0x10 CMakeFiles/FOCModule.elf.dir/Core/Src/stm32f4xx_it.c.obj
                0x080016ec                ADC_IRQHandler
 .text.OTG_FS_IRQHandler
                0x080016fc       0x10 CMakeFiles/FOCModule.elf.dir/Core/Src/stm32f4xx_it.c.obj
                0x080016fc                OTG_FS_IRQHandler
 .text._getpid  0x0800170c        0x4 CMakeFiles/FOCModule.elf.dir/Core/Src/syscalls.c.obj
                0x0800170c                _getpid
 .text._kill    0x08001710       0x10 CMakeFiles/FOCModule.elf.dir/Core/Src/syscalls.c.obj
                0x08001710                _kill
 .text._exit    0x08001720        0xc CMakeFiles/FOCModule.elf.dir/Core/Src/syscalls.c.obj
                0x08001720                _exit
 .text._read    0x0800172c       0x20 CMakeFiles/FOCModule.elf.dir/Core/Src/syscalls.c.obj
                0x0800172c                _read
 .text._write   0x0800174c       0x1c CMakeFiles/FOCModule.elf.dir/Core/Src/syscalls.c.obj
                0x0800174c                _write
 .text._close   0x08001768        0x6 CMakeFiles/FOCModule.elf.dir/Core/Src/syscalls.c.obj
                0x08001768                _close
 .text._fstat   0x0800176e        0xa CMakeFiles/FOCModule.elf.dir/Core/Src/syscalls.c.obj
                0x0800176e                _fstat
 .text._isatty  0x08001778        0x4 CMakeFiles/FOCModule.elf.dir/Core/Src/syscalls.c.obj
                0x08001778                _isatty
 .text._lseek   0x0800177c        0x4 CMakeFiles/FOCModule.elf.dir/Core/Src/syscalls.c.obj
                0x0800177c                _lseek
 .text._sbrk    0x08001780       0x48 CMakeFiles/FOCModule.elf.dir/Core/Src/sysmem.c.obj
                0x08001780                _sbrk
 .text.SystemInit
                0x080017c8       0x14 CMakeFiles/FOCModule.elf.dir/Core/Src/system_stm32f4xx.c.obj
                0x080017c8                SystemInit
 .text.MX_TIM2_Init
                0x080017dc       0x70 CMakeFiles/FOCModule.elf.dir/Core/Src/tim.c.obj
                0x080017dc                MX_TIM2_Init
 .text.HAL_TIM_Base_MspInit
                0x0800184c       0x50 CMakeFiles/FOCModule.elf.dir/Core/Src/tim.c.obj
                0x0800184c                HAL_TIM_Base_MspInit
 .text.HAL_TIM_MspPostInit
                0x0800189c       0x84 CMakeFiles/FOCModule.elf.dir/Core/Src/tim.c.obj
                0x0800189c                HAL_TIM_MspPostInit
 .text.MX_TIM1_Init
                0x08001920      0x124 CMakeFiles/FOCModule.elf.dir/Core/Src/tim.c.obj
                0x08001920                MX_TIM1_Init
 .text.Reset_Handler
                0x08001a44       0x50 CMakeFiles/FOCModule.elf.dir/Core/Startup/startup_stm32f405rgtx.s.obj
                0x08001a44                Reset_Handler
 .text.Default_Handler
                0x08001a94        0x2 CMakeFiles/FOCModule.elf.dir/Core/Startup/startup_stm32f405rgtx.s.obj
                0x08001a94                RTC_Alarm_IRQHandler
                0x08001a94                HASH_RNG_IRQHandler
                0x08001a94                EXTI2_IRQHandler
                0x08001a94                TIM8_CC_IRQHandler
                0x08001a94                TIM1_CC_IRQHandler
                0x08001a94                DMA2_Stream5_IRQHandler
                0x08001a94                DMA1_Stream5_IRQHandler
                0x08001a94                PVD_IRQHandler
                0x08001a94                SDIO_IRQHandler
                0x08001a94                TAMP_STAMP_IRQHandler
                0x08001a94                CAN2_RX1_IRQHandler
                0x08001a94                EXTI3_IRQHandler
                0x08001a94                TIM8_TRG_COM_TIM14_IRQHandler
                0x08001a94                TIM1_UP_TIM10_IRQHandler
                0x08001a94                TIM8_UP_TIM13_IRQHandler
                0x08001a94                I2C3_ER_IRQHandler
                0x08001a94                EXTI0_IRQHandler
                0x08001a94                I2C2_EV_IRQHandler
                0x08001a94                DMA1_Stream2_IRQHandler
                0x08001a94                CAN1_RX0_IRQHandler
                0x08001a94                FPU_IRQHandler
                0x08001a94                OTG_HS_WKUP_IRQHandler
                0x08001a94                CAN2_SCE_IRQHandler
                0x08001a94                DMA2_Stream2_IRQHandler
                0x08001a94                SPI1_IRQHandler
                0x08001a94                TIM6_DAC_IRQHandler
                0x08001a94                TIM1_BRK_TIM9_IRQHandler
                0x08001a94                CAN2_RX0_IRQHandler
                0x08001a94                DMA2_Stream3_IRQHandler
                0x08001a94                USART6_IRQHandler
                0x08001a94                USART3_IRQHandler
                0x08001a94                CAN1_RX1_IRQHandler
                0x08001a94                UART5_IRQHandler
                0x08001a94                DMA2_Stream0_IRQHandler
                0x08001a94                TIM4_IRQHandler
                0x08001a94                I2C1_EV_IRQHandler
                0x08001a94                DMA1_Stream6_IRQHandler
                0x08001a94                DMA1_Stream1_IRQHandler
                0x08001a94                UART4_IRQHandler
                0x08001a94                TIM3_IRQHandler
                0x08001a94                RCC_IRQHandler
                0x08001a94                TIM8_BRK_TIM12_IRQHandler
                0x08001a94                Default_Handler
                0x08001a94                EXTI15_10_IRQHandler
                0x08001a94                DMA1_Stream7_IRQHandler
                0x08001a94                TIM7_IRQHandler
                0x08001a94                CAN2_TX_IRQHandler
                0x08001a94                TIM5_IRQHandler
                0x08001a94                DMA2_Stream7_IRQHandler
                0x08001a94                I2C3_EV_IRQHandler
                0x08001a94                EXTI9_5_IRQHandler
                0x08001a94                RTC_WKUP_IRQHandler
                0x08001a94                SPI2_IRQHandler
                0x08001a94                OTG_HS_EP1_IN_IRQHandler
                0x08001a94                DMA1_Stream0_IRQHandler
                0x08001a94                CAN1_TX_IRQHandler
                0x08001a94                EXTI4_IRQHandler
                0x08001a94                FSMC_IRQHandler
                0x08001a94                OTG_HS_EP1_OUT_IRQHandler
                0x08001a94                WWDG_IRQHandler
                0x08001a94                TIM2_IRQHandler
                0x08001a94                OTG_FS_WKUP_IRQHandler
                0x08001a94                TIM1_TRG_COM_TIM11_IRQHandler
                0x08001a94                OTG_HS_IRQHandler
                0x08001a94                EXTI1_IRQHandler
                0x08001a94                USART2_IRQHandler
                0x08001a94                I2C2_ER_IRQHandler
                0x08001a94                DMA2_Stream1_IRQHandler
                0x08001a94                CAN1_SCE_IRQHandler
                0x08001a94                FLASH_IRQHandler
                0x08001a94                DMA2_Stream4_IRQHandler
                0x08001a94                USART1_IRQHandler
                0x08001a94                SPI3_IRQHandler
                0x08001a94                DMA1_Stream4_IRQHandler
                0x08001a94                I2C1_ER_IRQHandler
                0x08001a94                DMA2_Stream6_IRQHandler
                0x08001a94                DMA1_Stream3_IRQHandler
 *fill*         0x08001a96        0x2 
 .text.HAL_InitTick
                0x08001a98       0x4c CMakeFiles/FOCModule.elf.dir/Drivers/STM32F4xx_HAL_Driver/Src/stm32f4xx_hal.c.obj
                0x08001a98                HAL_InitTick
 .text.HAL_Init
                0x08001ae4       0x34 CMakeFiles/FOCModule.elf.dir/Drivers/STM32F4xx_HAL_Driver/Src/stm32f4xx_hal.c.obj
                0x08001ae4                HAL_Init
 .text.HAL_IncTick
                0x08001b18       0x18 CMakeFiles/FOCModule.elf.dir/Drivers/STM32F4xx_HAL_Driver/Src/stm32f4xx_hal.c.obj
                0x08001b18                HAL_IncTick
 .text.HAL_GetTick
                0x08001b30        0xc CMakeFiles/FOCModule.elf.dir/Drivers/STM32F4xx_HAL_Driver/Src/stm32f4xx_hal.c.obj
                0x08001b30                HAL_GetTick
 .text.HAL_Delay
                0x08001b3c       0x28 CMakeFiles/FOCModule.elf.dir/Drivers/STM32F4xx_HAL_Driver/Src/stm32f4xx_hal.c.obj
                0x08001b3c                HAL_Delay
 .text.ADC_Init
                0x08001b64      0x134 CMakeFiles/FOCModule.elf.dir/Drivers/STM32F4xx_HAL_Driver/Src/stm32f4xx_hal_adc.c.obj
 .text.HAL_ADC_Init
                0x08001c98       0x56 CMakeFiles/FOCModule.elf.dir/Drivers/STM32F4xx_HAL_Driver/Src/stm32f4xx_hal_adc.c.obj
                0x08001c98                HAL_ADC_Init
 .text.HAL_ADC_ConvCpltCallback
                0x08001cee        0x2 CMakeFiles/FOCModule.elf.dir/Drivers/STM32F4xx_HAL_Driver/Src/stm32f4xx_hal_adc.c.obj
                0x08001cee                HAL_ADC_ConvCpltCallback
 .text.HAL_ADC_LevelOutOfWindowCallback
                0x08001cf0        0x2 CMakeFiles/FOCModule.elf.dir/Drivers/STM32F4xx_HAL_Driver/Src/stm32f4xx_hal_adc.c.obj
                0x08001cf0                HAL_ADC_LevelOutOfWindowCallback
 .text.HAL_ADC_ErrorCallback
                0x08001cf2        0x2 CMakeFiles/FOCModule.elf.dir/Drivers/STM32F4xx_HAL_Driver/Src/stm32f4xx_hal_adc.c.obj
                0x08001cf2                HAL_ADC_ErrorCallback
 .text.HAL_ADC_IRQHandler
                0x08001cf4      0x142 CMakeFiles/FOCModule.elf.dir/Drivers/STM32F4xx_HAL_Driver/Src/stm32f4xx_hal_adc.c.obj
                0x08001cf4                HAL_ADC_IRQHandler
 *fill*         0x08001e36        0x2 
 .text.HAL_ADC_ConfigChannel
                0x08001e38      0x198 CMakeFiles/FOCModule.elf.dir/Drivers/STM32F4xx_HAL_Driver/Src/stm32f4xx_hal_adc.c.obj
                0x08001e38                HAL_ADC_ConfigChannel
 .text.HAL_ADCEx_InjectedStart_IT
                0x08001fd0      0x10c CMakeFiles/FOCModule.elf.dir/Drivers/STM32F4xx_HAL_Driver/Src/stm32f4xx_hal_adc_ex.c.obj
                0x08001fd0                HAL_ADCEx_InjectedStart_IT
 .text.HAL_ADCEx_InjectedGetValue
                0x080020dc       0x40 CMakeFiles/FOCModule.elf.dir/Drivers/STM32F4xx_HAL_Driver/Src/stm32f4xx_hal_adc_ex.c.obj
                0x080020dc                HAL_ADCEx_InjectedGetValue
 .text.HAL_ADCEx_InjectedConfigChannel
                0x0800211c      0x210 CMakeFiles/FOCModule.elf.dir/Drivers/STM32F4xx_HAL_Driver/Src/stm32f4xx_hal_adc_ex.c.obj
                0x0800211c                HAL_ADCEx_InjectedConfigChannel
 .text.HAL_NVIC_SetPriorityGrouping
                0x0800232c       0x24 CMakeFiles/FOCModule.elf.dir/Drivers/STM32F4xx_HAL_Driver/Src/stm32f4xx_hal_cortex.c.obj
                0x0800232c                HAL_NVIC_SetPriorityGrouping
 .text.HAL_NVIC_SetPriority
                0x08002350       0x70 CMakeFiles/FOCModule.elf.dir/Drivers/STM32F4xx_HAL_Driver/Src/stm32f4xx_hal_cortex.c.obj
                0x08002350                HAL_NVIC_SetPriority
 .text.HAL_NVIC_EnableIRQ
                0x080023c0       0x1c CMakeFiles/FOCModule.elf.dir/Drivers/STM32F4xx_HAL_Driver/Src/stm32f4xx_hal_cortex.c.obj
                0x080023c0                HAL_NVIC_EnableIRQ
 .text.HAL_SYSTICK_Config
                0x080023dc       0x28 CMakeFiles/FOCModule.elf.dir/Drivers/STM32F4xx_HAL_Driver/Src/stm32f4xx_hal_cortex.c.obj
                0x080023dc                HAL_SYSTICK_Config
 .text.HAL_DAC_Init
                0x08002404       0x24 CMakeFiles/FOCModule.elf.dir/Drivers/STM32F4xx_HAL_Driver/Src/stm32f4xx_hal_dac.c.obj
                0x08002404                HAL_DAC_Init
 .text.HAL_DAC_Start
                0x08002428       0x68 CMakeFiles/FOCModule.elf.dir/Drivers/STM32F4xx_HAL_Driver/Src/stm32f4xx_hal_dac.c.obj
                0x08002428                HAL_DAC_Start
 .text.HAL_DAC_SetValue
                0x08002490       0x2e CMakeFiles/FOCModule.elf.dir/Drivers/STM32F4xx_HAL_Driver/Src/stm32f4xx_hal_dac.c.obj
                0x08002490                HAL_DAC_SetValue
 .text.HAL_DAC_ConfigChannel
                0x080024be       0x56 CMakeFiles/FOCModule.elf.dir/Drivers/STM32F4xx_HAL_Driver/Src/stm32f4xx_hal_dac.c.obj
                0x080024be                HAL_DAC_ConfigChannel
 .text.HAL_GPIO_Init
                0x08002514      0x1e4 CMakeFiles/FOCModule.elf.dir/Drivers/STM32F4xx_HAL_Driver/Src/stm32f4xx_hal_gpio.c.obj
                0x08002514                HAL_GPIO_Init
 .text.HAL_GPIO_WritePin
                0x080026f8        0xc CMakeFiles/FOCModule.elf.dir/Drivers/STM32F4xx_HAL_Driver/Src/stm32f4xx_hal_gpio.c.obj
                0x080026f8                HAL_GPIO_WritePin
 .text.HAL_GPIO_TogglePin
                0x08002704       0x12 CMakeFiles/FOCModule.elf.dir/Drivers/STM32F4xx_HAL_Driver/Src/stm32f4xx_hal_gpio.c.obj
                0x08002704                HAL_GPIO_TogglePin
 .text.I2C_IsAcknowledgeFailed
                0x08002716       0x32 CMakeFiles/FOCModule.elf.dir/Drivers/STM32F4xx_HAL_Driver/Src/stm32f4xx_hal_i2c.c.obj
 .text.I2C_WaitOnFlagUntilTimeout
                0x08002748       0x7c CMakeFiles/FOCModule.elf.dir/Drivers/STM32F4xx_HAL_Driver/Src/stm32f4xx_hal_i2c.c.obj
 .text.I2C_WaitOnMasterAddressFlagUntilTimeout
                0x080027c4       0xaa CMakeFiles/FOCModule.elf.dir/Drivers/STM32F4xx_HAL_Driver/Src/stm32f4xx_hal_i2c.c.obj
 .text.I2C_WaitOnTXEFlagUntilTimeout
                0x0800286e       0x54 CMakeFiles/FOCModule.elf.dir/Drivers/STM32F4xx_HAL_Driver/Src/stm32f4xx_hal_i2c.c.obj
 *fill*         0x080028c2        0x2 
 .text.I2C_RequestMemoryWrite
                0x080028c4       0xd8 CMakeFiles/FOCModule.elf.dir/Drivers/STM32F4xx_HAL_Driver/Src/stm32f4xx_hal_i2c.c.obj
 .text.I2C_RequestMemoryRead
                0x0800299c      0x154 CMakeFiles/FOCModule.elf.dir/Drivers/STM32F4xx_HAL_Driver/Src/stm32f4xx_hal_i2c.c.obj
 .text.I2C_WaitOnBTFFlagUntilTimeout
                0x08002af0       0x54 CMakeFiles/FOCModule.elf.dir/Drivers/STM32F4xx_HAL_Driver/Src/stm32f4xx_hal_i2c.c.obj
 .text.I2C_WaitOnRXNEFlagUntilTimeout
                0x08002b44       0x6a CMakeFiles/FOCModule.elf.dir/Drivers/STM32F4xx_HAL_Driver/Src/stm32f4xx_hal_i2c.c.obj
 *fill*         0x08002bae        0x2 
 .text.HAL_I2C_Init
                0x08002bb0      0x1bc CMakeFiles/FOCModule.elf.dir/Drivers/STM32F4xx_HAL_Driver/Src/stm32f4xx_hal_i2c.c.obj
                0x08002bb0                HAL_I2C_Init
 .text.HAL_I2C_Mem_Write
                0x08002d6c      0x164 CMakeFiles/FOCModule.elf.dir/Drivers/STM32F4xx_HAL_Driver/Src/stm32f4xx_hal_i2c.c.obj
                0x08002d6c                HAL_I2C_Mem_Write
 .text.HAL_I2C_Mem_Read
                0x08002ed0      0x2e4 CMakeFiles/FOCModule.elf.dir/Drivers/STM32F4xx_HAL_Driver/Src/stm32f4xx_hal_i2c.c.obj
                0x08002ed0                HAL_I2C_Mem_Read
 .text.PCD_WriteEmptyTxFifo
                0x080031b4       0xd0 CMakeFiles/FOCModule.elf.dir/Drivers/STM32F4xx_HAL_Driver/Src/stm32f4xx_hal_pcd.c.obj
 .text.HAL_PCD_Init
                0x08003284      0x12e CMakeFiles/FOCModule.elf.dir/Drivers/STM32F4xx_HAL_Driver/Src/stm32f4xx_hal_pcd.c.obj
                0x08003284                HAL_PCD_Init
 .text.HAL_PCD_Start
                0x080033b2       0x42 CMakeFiles/FOCModule.elf.dir/Drivers/STM32F4xx_HAL_Driver/Src/stm32f4xx_hal_pcd.c.obj
                0x080033b2                HAL_PCD_Start
 .text.PCD_EP_OutXfrComplete_int
                0x080033f4      0x104 CMakeFiles/FOCModule.elf.dir/Drivers/STM32F4xx_HAL_Driver/Src/stm32f4xx_hal_pcd.c.obj
 .text.PCD_EP_OutSetupPacket_int
                0x080034f8       0x50 CMakeFiles/FOCModule.elf.dir/Drivers/STM32F4xx_HAL_Driver/Src/stm32f4xx_hal_pcd.c.obj
 .text.HAL_PCD_SetAddress
                0x08003548       0x28 CMakeFiles/FOCModule.elf.dir/Drivers/STM32F4xx_HAL_Driver/Src/stm32f4xx_hal_pcd.c.obj
                0x08003548                HAL_PCD_SetAddress
 .text.HAL_PCD_EP_Open
                0x08003570       0x8a CMakeFiles/FOCModule.elf.dir/Drivers/STM32F4xx_HAL_Driver/Src/stm32f4xx_hal_pcd.c.obj
                0x08003570                HAL_PCD_EP_Open
 .text.HAL_PCD_EP_Close
                0x080035fa       0x72 CMakeFiles/FOCModule.elf.dir/Drivers/STM32F4xx_HAL_Driver/Src/stm32f4xx_hal_pcd.c.obj
                0x080035fa                HAL_PCD_EP_Close
 .text.HAL_PCD_EP_Receive
                0x0800366c       0x5e CMakeFiles/FOCModule.elf.dir/Drivers/STM32F4xx_HAL_Driver/Src/stm32f4xx_hal_pcd.c.obj
                0x0800366c                HAL_PCD_EP_Receive
 .text.HAL_PCD_EP_GetRxCount
                0x080036ca       0x12 CMakeFiles/FOCModule.elf.dir/Drivers/STM32F4xx_HAL_Driver/Src/stm32f4xx_hal_pcd.c.obj
                0x080036ca                HAL_PCD_EP_GetRxCount
 .text.HAL_PCD_EP_Transmit
                0x080036dc       0x5e CMakeFiles/FOCModule.elf.dir/Drivers/STM32F4xx_HAL_Driver/Src/stm32f4xx_hal_pcd.c.obj
                0x080036dc                HAL_PCD_EP_Transmit
 .text.HAL_PCD_EP_SetStall
                0x0800373a       0x88 CMakeFiles/FOCModule.elf.dir/Drivers/STM32F4xx_HAL_Driver/Src/stm32f4xx_hal_pcd.c.obj
                0x0800373a                HAL_PCD_EP_SetStall
 .text.HAL_PCD_EP_ClrStall
                0x080037c2       0x76 CMakeFiles/FOCModule.elf.dir/Drivers/STM32F4xx_HAL_Driver/Src/stm32f4xx_hal_pcd.c.obj
                0x080037c2                HAL_PCD_EP_ClrStall
 .text.HAL_PCD_EP_Abort
                0x08003838       0x34 CMakeFiles/FOCModule.elf.dir/Drivers/STM32F4xx_HAL_Driver/Src/stm32f4xx_hal_pcd.c.obj
                0x08003838                HAL_PCD_EP_Abort
 .text.HAL_PCD_IRQHandler
                0x0800386c      0x5c4 CMakeFiles/FOCModule.elf.dir/Drivers/STM32F4xx_HAL_Driver/Src/stm32f4xx_hal_pcd.c.obj
                0x0800386c                HAL_PCD_IRQHandler
 .text.HAL_PCDEx_SetTxFiFo
                0x08003e30       0x4c CMakeFiles/FOCModule.elf.dir/Drivers/STM32F4xx_HAL_Driver/Src/stm32f4xx_hal_pcd_ex.c.obj
                0x08003e30                HAL_PCDEx_SetTxFiFo
 .text.HAL_PCDEx_SetRxFiFo
                0x08003e7c        0x8 CMakeFiles/FOCModule.elf.dir/Drivers/STM32F4xx_HAL_Driver/Src/stm32f4xx_hal_pcd_ex.c.obj
                0x08003e7c                HAL_PCDEx_SetRxFiFo
 .text.HAL_PCDEx_LPM_Callback
                0x08003e84        0x2 CMakeFiles/FOCModule.elf.dir/Drivers/STM32F4xx_HAL_Driver/Src/stm32f4xx_hal_pcd_ex.c.obj
                0x08003e84                HAL_PCDEx_LPM_Callback
 *fill*         0x08003e86        0x2 
 .text.HAL_RCC_OscConfig
                0x08003e88      0x3f8 CMakeFiles/FOCModule.elf.dir/Drivers/STM32F4xx_HAL_Driver/Src/stm32f4xx_hal_rcc.c.obj
                0x08003e88                HAL_RCC_OscConfig
 .text.HAL_RCC_GetSysClockFreq
                0x08004280       0xd4 CMakeFiles/FOCModule.elf.dir/Drivers/STM32F4xx_HAL_Driver/Src/stm32f4xx_hal_rcc.c.obj
                0x08004280                HAL_RCC_GetSysClockFreq
 .text.HAL_RCC_ClockConfig
                0x08004354      0x160 CMakeFiles/FOCModule.elf.dir/Drivers/STM32F4xx_HAL_Driver/Src/stm32f4xx_hal_rcc.c.obj
                0x08004354                HAL_RCC_ClockConfig
 .text.HAL_RCC_GetHCLKFreq
                0x080044b4        0xc CMakeFiles/FOCModule.elf.dir/Drivers/STM32F4xx_HAL_Driver/Src/stm32f4xx_hal_rcc.c.obj
                0x080044b4                HAL_RCC_GetHCLKFreq
 .text.HAL_RCC_GetPCLK1Freq
                0x080044c0       0x20 CMakeFiles/FOCModule.elf.dir/Drivers/STM32F4xx_HAL_Driver/Src/stm32f4xx_hal_rcc.c.obj
                0x080044c0                HAL_RCC_GetPCLK1Freq
 .text.TIM_OC1_SetConfig
                0x080044e0       0x68 CMakeFiles/FOCModule.elf.dir/Drivers/STM32F4xx_HAL_Driver/Src/stm32f4xx_hal_tim.c.obj
 .text.TIM_OC3_SetConfig
                0x08004548       0x70 CMakeFiles/FOCModule.elf.dir/Drivers/STM32F4xx_HAL_Driver/Src/stm32f4xx_hal_tim.c.obj
 .text.TIM_OC4_SetConfig
                0x080045b8       0x50 CMakeFiles/FOCModule.elf.dir/Drivers/STM32F4xx_HAL_Driver/Src/stm32f4xx_hal_tim.c.obj
 .text.TIM_TI1_ConfigInputStage
                0x08004608       0x26 CMakeFiles/FOCModule.elf.dir/Drivers/STM32F4xx_HAL_Driver/Src/stm32f4xx_hal_tim.c.obj
 .text.TIM_TI2_ConfigInputStage
                0x0800462e       0x28 CMakeFiles/FOCModule.elf.dir/Drivers/STM32F4xx_HAL_Driver/Src/stm32f4xx_hal_tim.c.obj
 .text.TIM_ITRx_SetConfig
                0x08004656       0x10 CMakeFiles/FOCModule.elf.dir/Drivers/STM32F4xx_HAL_Driver/Src/stm32f4xx_hal_tim.c.obj
 *fill*         0x08004666        0x2 
 .text.HAL_TIM_Base_Start
                0x08004668       0x7c CMakeFiles/FOCModule.elf.dir/Drivers/STM32F4xx_HAL_Driver/Src/stm32f4xx_hal_tim.c.obj
                0x08004668                HAL_TIM_Base_Start
 .text.HAL_TIM_PWM_MspInit
                0x080046e4        0x2 CMakeFiles/FOCModule.elf.dir/Drivers/STM32F4xx_HAL_Driver/Src/stm32f4xx_hal_tim.c.obj
                0x080046e4                HAL_TIM_PWM_MspInit
 *fill*         0x080046e6        0x2 
 .text.TIM_Base_SetConfig
                0x080046e8       0xc8 CMakeFiles/FOCModule.elf.dir/Drivers/STM32F4xx_HAL_Driver/Src/stm32f4xx_hal_tim.c.obj
                0x080046e8                TIM_Base_SetConfig
 .text.HAL_TIM_Base_Init
                0x080047b0       0x58 CMakeFiles/FOCModule.elf.dir/Drivers/STM32F4xx_HAL_Driver/Src/stm32f4xx_hal_tim.c.obj
                0x080047b0                HAL_TIM_Base_Init
 .text.HAL_TIM_PWM_Init
                0x08004808       0x58 CMakeFiles/FOCModule.elf.dir/Drivers/STM32F4xx_HAL_Driver/Src/stm32f4xx_hal_tim.c.obj
                0x08004808                HAL_TIM_PWM_Init
 .text.TIM_OC2_SetConfig
                0x08004860       0x70 CMakeFiles/FOCModule.elf.dir/Drivers/STM32F4xx_HAL_Driver/Src/stm32f4xx_hal_tim.c.obj
                0x08004860                TIM_OC2_SetConfig
 .text.HAL_TIM_PWM_ConfigChannel
                0x080048d0       0xdc CMakeFiles/FOCModule.elf.dir/Drivers/STM32F4xx_HAL_Driver/Src/stm32f4xx_hal_tim.c.obj
                0x080048d0                HAL_TIM_PWM_ConfigChannel
 .text.TIM_ETR_SetConfig
                0x080049ac       0x1a CMakeFiles/FOCModule.elf.dir/Drivers/STM32F4xx_HAL_Driver/Src/stm32f4xx_hal_tim.c.obj
                0x080049ac                TIM_ETR_SetConfig
 .text.HAL_TIM_ConfigClockSource
                0x080049c6       0xfe CMakeFiles/FOCModule.elf.dir/Drivers/STM32F4xx_HAL_Driver/Src/stm32f4xx_hal_tim.c.obj
                0x080049c6                HAL_TIM_ConfigClockSource
 .text.TIM_CCxChannelCmd
                0x08004ac4       0x1e CMakeFiles/FOCModule.elf.dir/Drivers/STM32F4xx_HAL_Driver/Src/stm32f4xx_hal_tim.c.obj
                0x08004ac4                TIM_CCxChannelCmd
 *fill*         0x08004ae2        0x2 
 .text.HAL_TIM_PWM_Start
                0x08004ae4      0x104 CMakeFiles/FOCModule.elf.dir/Drivers/STM32F4xx_HAL_Driver/Src/stm32f4xx_hal_tim.c.obj
                0x08004ae4                HAL_TIM_PWM_Start
 .text.TIM_CCxNChannelCmd
                0x08004be8       0x1e CMakeFiles/FOCModule.elf.dir/Drivers/STM32F4xx_HAL_Driver/Src/stm32f4xx_hal_tim_ex.c.obj
 *fill*         0x08004c06        0x2 
 .text.HAL_TIMEx_OCN_Start
                0x08004c08       0xf8 CMakeFiles/FOCModule.elf.dir/Drivers/STM32F4xx_HAL_Driver/Src/stm32f4xx_hal_tim_ex.c.obj
                0x08004c08                HAL_TIMEx_OCN_Start
 .text.HAL_TIMEx_MasterConfigSynchronization
                0x08004d00       0x8c CMakeFiles/FOCModule.elf.dir/Drivers/STM32F4xx_HAL_Driver/Src/stm32f4xx_hal_tim_ex.c.obj
                0x08004d00                HAL_TIMEx_MasterConfigSynchronization
 .text.HAL_TIMEx_ConfigBreakDeadTime
                0x08004d8c       0x52 CMakeFiles/FOCModule.elf.dir/Drivers/STM32F4xx_HAL_Driver/Src/stm32f4xx_hal_tim_ex.c.obj
                0x08004d8c                HAL_TIMEx_ConfigBreakDeadTime
 *fill*         0x08004dde        0x2 
 .text.USB_CoreReset
                0x08004de0       0x50 CMakeFiles/FOCModule.elf.dir/Drivers/STM32F4xx_HAL_Driver/Src/stm32f4xx_ll_usb.c.obj
 .text.USB_CoreInit
                0x08004e30       0x8a CMakeFiles/FOCModule.elf.dir/Drivers/STM32F4xx_HAL_Driver/Src/stm32f4xx_ll_usb.c.obj
                0x08004e30                USB_CoreInit
 *fill*         0x08004eba        0x2 
 .text.USB_SetTurnaroundTime
                0x08004ebc       0xe4 CMakeFiles/FOCModule.elf.dir/Drivers/STM32F4xx_HAL_Driver/Src/stm32f4xx_ll_usb.c.obj
                0x08004ebc                USB_SetTurnaroundTime
 .text.USB_EnableGlobalInt
                0x08004fa0        0xc CMakeFiles/FOCModule.elf.dir/Drivers/STM32F4xx_HAL_Driver/Src/stm32f4xx_ll_usb.c.obj
                0x08004fa0                USB_EnableGlobalInt
 .text.USB_DisableGlobalInt
                0x08004fac        0xc CMakeFiles/FOCModule.elf.dir/Drivers/STM32F4xx_HAL_Driver/Src/stm32f4xx_ll_usb.c.obj
                0x08004fac                USB_DisableGlobalInt
 .text.USB_FlushTxFifo
                0x08004fb8       0x50 CMakeFiles/FOCModule.elf.dir/Drivers/STM32F4xx_HAL_Driver/Src/stm32f4xx_ll_usb.c.obj
                0x08004fb8                USB_FlushTxFifo
 .text.USB_FlushRxFifo
                0x08005008       0x4c CMakeFiles/FOCModule.elf.dir/Drivers/STM32F4xx_HAL_Driver/Src/stm32f4xx_ll_usb.c.obj
                0x08005008                USB_FlushRxFifo
 .text.USB_SetDevSpeed
                0x08005054        0xe CMakeFiles/FOCModule.elf.dir/Drivers/STM32F4xx_HAL_Driver/Src/stm32f4xx_ll_usb.c.obj
                0x08005054                USB_SetDevSpeed
 *fill*         0x08005062        0x2 
 .text.USB_DevInit
                0x08005064      0x190 CMakeFiles/FOCModule.elf.dir/Drivers/STM32F4xx_HAL_Driver/Src/stm32f4xx_ll_usb.c.obj
                0x08005064                USB_DevInit
 .text.USB_GetDevSpeed
                0x080051f4       0x22 CMakeFiles/FOCModule.elf.dir/Drivers/STM32F4xx_HAL_Driver/Src/stm32f4xx_ll_usb.c.obj
                0x080051f4                USB_GetDevSpeed
 .text.USB_ActivateEndpoint
                0x08005216       0x9c CMakeFiles/FOCModule.elf.dir/Drivers/STM32F4xx_HAL_Driver/Src/stm32f4xx_ll_usb.c.obj
                0x08005216                USB_ActivateEndpoint
 *fill*         0x080052b2        0x2 
 .text.USB_DeactivateEndpoint
                0x080052b4       0xe0 CMakeFiles/FOCModule.elf.dir/Drivers/STM32F4xx_HAL_Driver/Src/stm32f4xx_ll_usb.c.obj
                0x080052b4                USB_DeactivateEndpoint
 .text.USB_EP0StartXfer
                0x08005394      0x124 CMakeFiles/FOCModule.elf.dir/Drivers/STM32F4xx_HAL_Driver/Src/stm32f4xx_ll_usb.c.obj
                0x08005394                USB_EP0StartXfer
 .text.USB_EPStopXfer
                0x080054b8       0xbe CMakeFiles/FOCModule.elf.dir/Drivers/STM32F4xx_HAL_Driver/Src/stm32f4xx_ll_usb.c.obj
                0x080054b8                USB_EPStopXfer
 .text.USB_WritePacket
                0x08005576       0x2e CMakeFiles/FOCModule.elf.dir/Drivers/STM32F4xx_HAL_Driver/Src/stm32f4xx_ll_usb.c.obj
                0x08005576                USB_WritePacket
 .text.USB_EPStartXfer
                0x080055a4      0x234 CMakeFiles/FOCModule.elf.dir/Drivers/STM32F4xx_HAL_Driver/Src/stm32f4xx_ll_usb.c.obj
                0x080055a4                USB_EPStartXfer
 .text.USB_ReadPacket
                0x080057d8       0x54 CMakeFiles/FOCModule.elf.dir/Drivers/STM32F4xx_HAL_Driver/Src/stm32f4xx_ll_usb.c.obj
                0x080057d8                USB_ReadPacket
 .text.USB_EPSetStall
                0x0800582c       0x5a CMakeFiles/FOCModule.elf.dir/Drivers/STM32F4xx_HAL_Driver/Src/stm32f4xx_ll_usb.c.obj
                0x0800582c                USB_EPSetStall
 .text.USB_EPClearStall
                0x08005886       0x5c CMakeFiles/FOCModule.elf.dir/Drivers/STM32F4xx_HAL_Driver/Src/stm32f4xx_ll_usb.c.obj
                0x08005886                USB_EPClearStall
 .text.USB_SetDevAddress
                0x080058e2       0x20 CMakeFiles/FOCModule.elf.dir/Drivers/STM32F4xx_HAL_Driver/Src/stm32f4xx_ll_usb.c.obj
                0x080058e2                USB_SetDevAddress
 .text.USB_DevConnect
                0x08005902       0x1c CMakeFiles/FOCModule.elf.dir/Drivers/STM32F4xx_HAL_Driver/Src/stm32f4xx_ll_usb.c.obj
                0x08005902                USB_DevConnect
 .text.USB_DevDisconnect
                0x0800591e       0x1c CMakeFiles/FOCModule.elf.dir/Drivers/STM32F4xx_HAL_Driver/Src/stm32f4xx_ll_usb.c.obj
                0x0800591e                USB_DevDisconnect
 .text.USB_ReadInterrupts
                0x0800593a        0x8 CMakeFiles/FOCModule.elf.dir/Drivers/STM32F4xx_HAL_Driver/Src/stm32f4xx_ll_usb.c.obj
                0x0800593a                USB_ReadInterrupts
 .text.USB_ReadDevAllOutEpInterrupt
                0x08005942       0x10 CMakeFiles/FOCModule.elf.dir/Drivers/STM32F4xx_HAL_Driver/Src/stm32f4xx_ll_usb.c.obj
                0x08005942                USB_ReadDevAllOutEpInterrupt
 .text.USB_ReadDevAllInEpInterrupt
                0x08005952       0x10 CMakeFiles/FOCModule.elf.dir/Drivers/STM32F4xx_HAL_Driver/Src/stm32f4xx_ll_usb.c.obj
                0x08005952                USB_ReadDevAllInEpInterrupt
 .text.USB_ReadDevOutEPInterrupt
                0x08005962       0x12 CMakeFiles/FOCModule.elf.dir/Drivers/STM32F4xx_HAL_Driver/Src/stm32f4xx_ll_usb.c.obj
                0x08005962                USB_ReadDevOutEPInterrupt
 .text.USB_ReadDevInEPInterrupt
                0x08005974       0x28 CMakeFiles/FOCModule.elf.dir/Drivers/STM32F4xx_HAL_Driver/Src/stm32f4xx_ll_usb.c.obj
                0x08005974                USB_ReadDevInEPInterrupt
 .text.USB_GetMode
                0x0800599c        0x8 CMakeFiles/FOCModule.elf.dir/Drivers/STM32F4xx_HAL_Driver/Src/stm32f4xx_ll_usb.c.obj
                0x0800599c                USB_GetMode
 .text.USB_SetCurrentMode
                0x080059a4       0x62 CMakeFiles/FOCModule.elf.dir/Drivers/STM32F4xx_HAL_Driver/Src/stm32f4xx_ll_usb.c.obj
                0x080059a4                USB_SetCurrentMode
 .text.USB_ActivateSetup
                0x08005a06       0x20 CMakeFiles/FOCModule.elf.dir/Drivers/STM32F4xx_HAL_Driver/Src/stm32f4xx_ll_usb.c.obj
                0x08005a06                USB_ActivateSetup
 *fill*         0x08005a26        0x2 
 .text.USB_EP0_OutStart
                0x08005a28       0x60 CMakeFiles/FOCModule.elf.dir/Drivers/STM32F4xx_HAL_Driver/Src/stm32f4xx_ll_usb.c.obj
                0x08005a28                USB_EP0_OutStart
 .text.AS5600_init
                0x08005a88       0x34 CMakeFiles/FOCModule.elf.dir/FOC/Encoder/Src/AS5600.c.obj
                0x08005a88                AS5600_init
 .text.AS5600_detectMagnet
                0x08005abc       0x40 CMakeFiles/FOCModule.elf.dir/FOC/Encoder/Src/AS5600.c.obj
                0x08005abc                AS5600_detectMagnet
 .text.AS5600_ReadSensorRawData
                0x08005afc       0x54 CMakeFiles/FOCModule.elf.dir/FOC/Encoder/Src/AS5600.c.obj
                0x08005afc                AS5600_ReadSensorRawData
 .text.FOC_PID_get_u
                0x08005b50       0xf4 CMakeFiles/FOCModule.elf.dir/FOC/Src/FOC_PID.c.obj
                0x08005b50                FOC_PID_get_u
 .text.FOC_set_duty_cycle
                0x08005c44       0x90 CMakeFiles/FOCModule.elf.dir/FOC/Src/FOC_PWM.c.obj
                0x08005c44                FOC_set_duty_cycle
 .text.FOC_tim_init
                0x08005cd4       0x54 CMakeFiles/FOCModule.elf.dir/FOC/Src/FOC_PWM.c.obj
                0x08005cd4                FOC_tim_init
 .text.FOC_SVPWM
                0x08005d28      0x2d4 CMakeFiles/FOCModule.elf.dir/FOC/Src/FOC_core.c.obj
                0x08005d28                FOC_SVPWM
 .text.FOC_calibrate
                0x08005ffc       0x18 CMakeFiles/FOCModule.elf.dir/FOC/Src/FOC_core.c.obj
                0x08005ffc                FOC_calibrate
 .text.FOC_Clarke_Transform
                0x08006014       0x60 CMakeFiles/FOCModule.elf.dir/FOC/Src/FOC_core.c.obj
                0x08006014                FOC_Clarke_Transform
 .text.FOC_Park_Transform
                0x08006074       0x64 CMakeFiles/FOCModule.elf.dir/FOC/Src/FOC_core.c.obj
                0x08006074                FOC_Park_Transform
 .text.FOC_voltage_loop
                0x080060d8       0x30 CMakeFiles/FOCModule.elf.dir/FOC/Src/FOC_core.c.obj
                0x080060d8                FOC_voltage_loop
 .text.FOC_current_loop
                0x08006108       0xc0 CMakeFiles/FOCModule.elf.dir/FOC/Src/FOC_core.c.obj
                0x08006108                FOC_current_loop
 .text.FOC_velocity_loop
                0x080061c8       0x38 CMakeFiles/FOCModule.elf.dir/FOC/Src/FOC_core.c.obj
                0x080061c8                FOC_velocity_loop
 .text.FOC_position_loop
                0x08006200       0xa8 CMakeFiles/FOCModule.elf.dir/FOC/Src/FOC_core.c.obj
                0x08006200                FOC_position_loop
 .text.FOC_main_loop
                0x080062a8       0x4c CMakeFiles/FOCModule.elf.dir/FOC/Src/FOC_core.c.obj
                0x080062a8                FOC_main_loop
 .text.FOC_current_callback
                0x080062f4       0x24 CMakeFiles/FOCModule.elf.dir/FOC/Src/FOC_core.c.obj
                0x080062f4                FOC_current_callback
 .text.FOC_cs_init
                0x08006318       0x28 CMakeFiles/FOCModule.elf.dir/FOC/Src/FOC_current_sense.c.obj
                0x08006318                FOC_cs_init
 .text.HAL_ADCEx_InjectedConvCpltCallback
                0x08006340       0x58 CMakeFiles/FOCModule.elf.dir/FOC/Src/FOC_current_sense.c.obj
                0x08006340                HAL_ADCEx_InjectedConvCpltCallback
 .text.FOC_cs_read_current
                0x08006398       0xc0 CMakeFiles/FOCModule.elf.dir/FOC/Src/FOC_current_sense.c.obj
                0x08006398                FOC_cs_read_current
 .text.FOC_encoder_read_raw_data
                0x08006458       0x18 CMakeFiles/FOCModule.elf.dir/FOC/Src/FOC_encoder.c.obj
                0x08006458                FOC_encoder_read_raw_data
 .text.FOC_encoder_read_mechanical_angle
                0x08006470       0x30 CMakeFiles/FOCModule.elf.dir/FOC/Src/FOC_encoder.c.obj
                0x08006470                FOC_encoder_read_mechanical_angle
 .text.FOC_encoder_init
                0x080064a0       0x14 CMakeFiles/FOCModule.elf.dir/FOC/Src/FOC_encoder.c.obj
                0x080064a0                FOC_encoder_init
 .text.FOC_encoder_compute_electrical_angle
                0x080064b4       0x4c CMakeFiles/FOCModule.elf.dir/FOC/Src/FOC_encoder.c.obj
                0x080064b4                FOC_encoder_compute_electrical_angle
 .text.FOC_encoder_compute_velocity
                0x08006500       0xac CMakeFiles/FOCModule.elf.dir/FOC/Src/FOC_encoder.c.obj
                0x08006500                FOC_encoder_compute_velocity
 .text.FOC_scope_init
                0x080065ac       0x1c CMakeFiles/FOCModule.elf.dir/FOC/Src/FOC_scope.c.obj
                0x080065ac                FOC_scope_init
 .text.FOC_scope_probe
                0x080065c8       0x2c CMakeFiles/FOCModule.elf.dir/FOC/Src/FOC_scope.c.obj
                0x080065c8                FOC_scope_probe
 .text.FOC_utility_init
                0x080065f4       0x10 CMakeFiles/FOCModule.elf.dir/FOC/Src/FOC_utility.c.obj
                0x080065f4                FOC_utility_init
 .text._checkRange
                0x08006604       0x20 CMakeFiles/FOCModule.elf.dir/FOC/Src/FOC_utility.c.obj
                0x08006604                _checkRange
 .text._normalizeAngle
                0x08006624       0x24 CMakeFiles/FOCModule.elf.dir/FOC/Src/FOC_utility.c.obj
                0x08006624                _normalizeAngle
 .text._spanMicro
                0x08006648       0x18 CMakeFiles/FOCModule.elf.dir/FOC/Src/FOC_utility.c.obj
                0x08006648                _spanMicro
 .text.USBD_CDC_EP0_RxReady
                0x08006660       0x40 CMakeFiles/FOCModule.elf.dir/Middlewares/ST/STM32_USB_Device_Library/Class/CDC/Src/usbd_cdc.c.obj
 .text.USBD_CDC_GetDeviceQualifierDescriptor
                0x080066a0        0xc CMakeFiles/FOCModule.elf.dir/Middlewares/ST/STM32_USB_Device_Library/Class/CDC/Src/usbd_cdc.c.obj
                0x080066a0                USBD_CDC_GetDeviceQualifierDescriptor
 .text.USBD_CDC_GetOtherSpeedCfgDesc
                0x080066ac       0x48 CMakeFiles/FOCModule.elf.dir/Middlewares/ST/STM32_USB_Device_Library/Class/CDC/Src/usbd_cdc.c.obj
 .text.USBD_CDC_GetFSCfgDesc
                0x080066f4       0x48 CMakeFiles/FOCModule.elf.dir/Middlewares/ST/STM32_USB_Device_Library/Class/CDC/Src/usbd_cdc.c.obj
 .text.USBD_CDC_GetHSCfgDesc
                0x0800673c       0x48 CMakeFiles/FOCModule.elf.dir/Middlewares/ST/STM32_USB_Device_Library/Class/CDC/Src/usbd_cdc.c.obj
 .text.USBD_CDC_DataOut
                0x08006784       0x38 CMakeFiles/FOCModule.elf.dir/Middlewares/ST/STM32_USB_Device_Library/Class/CDC/Src/usbd_cdc.c.obj
 .text.USBD_CDC_DataIn
                0x080067bc       0x7c CMakeFiles/FOCModule.elf.dir/Middlewares/ST/STM32_USB_Device_Library/Class/CDC/Src/usbd_cdc.c.obj
 .text.USBD_CDC_Setup
                0x08006838      0x11a CMakeFiles/FOCModule.elf.dir/Middlewares/ST/STM32_USB_Device_Library/Class/CDC/Src/usbd_cdc.c.obj
 .text.USBD_CDC_DeInit
                0x08006952       0x64 CMakeFiles/FOCModule.elf.dir/Middlewares/ST/STM32_USB_Device_Library/Class/CDC/Src/usbd_cdc.c.obj
 .text.USBD_CDC_Init
                0x080069b6       0xee CMakeFiles/FOCModule.elf.dir/Middlewares/ST/STM32_USB_Device_Library/Class/CDC/Src/usbd_cdc.c.obj
 .text.USBD_CDC_RegisterInterface
                0x08006aa4       0x16 CMakeFiles/FOCModule.elf.dir/Middlewares/ST/STM32_USB_Device_Library/Class/CDC/Src/usbd_cdc.c.obj
                0x08006aa4                USBD_CDC_RegisterInterface
 .text.USBD_CDC_SetTxBuffer
                0x08006aba       0x1c CMakeFiles/FOCModule.elf.dir/Middlewares/ST/STM32_USB_Device_Library/Class/CDC/Src/usbd_cdc.c.obj
                0x08006aba                USBD_CDC_SetTxBuffer
 .text.USBD_CDC_SetRxBuffer
                0x08006ad6       0x18 CMakeFiles/FOCModule.elf.dir/Middlewares/ST/STM32_USB_Device_Library/Class/CDC/Src/usbd_cdc.c.obj
                0x08006ad6                USBD_CDC_SetRxBuffer
 .text.USBD_CDC_TransmitPacket
                0x08006aee       0x3a CMakeFiles/FOCModule.elf.dir/Middlewares/ST/STM32_USB_Device_Library/Class/CDC/Src/usbd_cdc.c.obj
                0x08006aee                USBD_CDC_TransmitPacket
 .text.USBD_CDC_ReceivePacket
                0x08006b28       0x38 CMakeFiles/FOCModule.elf.dir/Middlewares/ST/STM32_USB_Device_Library/Class/CDC/Src/usbd_cdc.c.obj
                0x08006b28                USBD_CDC_ReceivePacket
 .text.USBD_Init
                0x08006b60       0x2e CMakeFiles/FOCModule.elf.dir/Middlewares/ST/STM32_USB_Device_Library/Core/Src/usbd_core.c.obj
                0x08006b60                USBD_Init
 .text.USBD_RegisterClass
                0x08006b8e       0x34 CMakeFiles/FOCModule.elf.dir/Middlewares/ST/STM32_USB_Device_Library/Core/Src/usbd_core.c.obj
                0x08006b8e                USBD_RegisterClass
 .text.USBD_Start
                0x08006bc2        0x8 CMakeFiles/FOCModule.elf.dir/Middlewares/ST/STM32_USB_Device_Library/Core/Src/usbd_core.c.obj
                0x08006bc2                USBD_Start
 .text.USBD_SetClassConfig
                0x08006bca       0x12 CMakeFiles/FOCModule.elf.dir/Middlewares/ST/STM32_USB_Device_Library/Core/Src/usbd_core.c.obj
                0x08006bca                USBD_SetClassConfig
 .text.USBD_ClrClassConfig
                0x08006bdc       0x12 CMakeFiles/FOCModule.elf.dir/Middlewares/ST/STM32_USB_Device_Library/Core/Src/usbd_core.c.obj
                0x08006bdc                USBD_ClrClassConfig
 .text.USBD_LL_SetupStage
                0x08006bee       0x58 CMakeFiles/FOCModule.elf.dir/Middlewares/ST/STM32_USB_Device_Library/Core/Src/usbd_core.c.obj
                0x08006bee                USBD_LL_SetupStage
 .text.USBD_LL_Reset
                0x08006c46       0x64 CMakeFiles/FOCModule.elf.dir/Middlewares/ST/STM32_USB_Device_Library/Core/Src/usbd_core.c.obj
                0x08006c46                USBD_LL_Reset
 .text.USBD_LL_SetSpeed
                0x08006caa        0x6 CMakeFiles/FOCModule.elf.dir/Middlewares/ST/STM32_USB_Device_Library/Core/Src/usbd_core.c.obj
                0x08006caa                USBD_LL_SetSpeed
 .text.USBD_LL_Suspend
                0x08006cb0       0x14 CMakeFiles/FOCModule.elf.dir/Middlewares/ST/STM32_USB_Device_Library/Core/Src/usbd_core.c.obj
                0x08006cb0                USBD_LL_Suspend
 .text.USBD_LL_Resume
                0x08006cc4       0x1a CMakeFiles/FOCModule.elf.dir/Middlewares/ST/STM32_USB_Device_Library/Core/Src/usbd_core.c.obj
                0x08006cc4                USBD_LL_Resume
 .text.USBD_LL_SOF
                0x08006cde       0x22 CMakeFiles/FOCModule.elf.dir/Middlewares/ST/STM32_USB_Device_Library/Core/Src/usbd_core.c.obj
                0x08006cde                USBD_LL_SOF
 .text.USBD_LL_IsoINIncomplete
                0x08006d00       0x2e CMakeFiles/FOCModule.elf.dir/Middlewares/ST/STM32_USB_Device_Library/Core/Src/usbd_core.c.obj
                0x08006d00                USBD_LL_IsoINIncomplete
 .text.USBD_LL_IsoOUTIncomplete
                0x08006d2e       0x2e CMakeFiles/FOCModule.elf.dir/Middlewares/ST/STM32_USB_Device_Library/Core/Src/usbd_core.c.obj
                0x08006d2e                USBD_LL_IsoOUTIncomplete
 .text.USBD_LL_DevConnected
                0x08006d5c        0x4 CMakeFiles/FOCModule.elf.dir/Middlewares/ST/STM32_USB_Device_Library/Core/Src/usbd_core.c.obj
                0x08006d5c                USBD_LL_DevConnected
 .text.USBD_LL_DevDisconnected
                0x08006d60       0x20 CMakeFiles/FOCModule.elf.dir/Middlewares/ST/STM32_USB_Device_Library/Core/Src/usbd_core.c.obj
                0x08006d60                USBD_LL_DevDisconnected
 .text.USBD_CoreFindIF
                0x08006d80        0x4 CMakeFiles/FOCModule.elf.dir/Middlewares/ST/STM32_USB_Device_Library/Core/Src/usbd_core.c.obj
                0x08006d80                USBD_CoreFindIF
 .text.USBD_CoreFindEP
                0x08006d84        0x4 CMakeFiles/FOCModule.elf.dir/Middlewares/ST/STM32_USB_Device_Library/Core/Src/usbd_core.c.obj
                0x08006d84                USBD_CoreFindEP
 .text.USBD_LL_DataOutStage
                0x08006d88       0xc6 CMakeFiles/FOCModule.elf.dir/Middlewares/ST/STM32_USB_Device_Library/Core/Src/usbd_core.c.obj
                0x08006d88                USBD_LL_DataOutStage
 .text.USBD_LL_DataInStage
                0x08006e4e       0xd6 CMakeFiles/FOCModule.elf.dir/Middlewares/ST/STM32_USB_Device_Library/Core/Src/usbd_core.c.obj
                0x08006e4e                USBD_LL_DataInStage
 .text.USBD_GetNextDesc
                0x08006f24        0xe CMakeFiles/FOCModule.elf.dir/Middlewares/ST/STM32_USB_Device_Library/Core/Src/usbd_core.c.obj
                0x08006f24                USBD_GetNextDesc
 .text.USBD_GetEpDesc
                0x08006f32       0x3e CMakeFiles/FOCModule.elf.dir/Middlewares/ST/STM32_USB_Device_Library/Core/Src/usbd_core.c.obj
                0x08006f32                USBD_GetEpDesc
 .text.USBD_GetLen
                0x08006f70       0x14 CMakeFiles/FOCModule.elf.dir/Middlewares/ST/STM32_USB_Device_Library/Core/Src/usbd_ctlreq.c.obj
 .text.USBD_ParseSetupRequest
                0x08006f84       0x28 CMakeFiles/FOCModule.elf.dir/Middlewares/ST/STM32_USB_Device_Library/Core/Src/usbd_ctlreq.c.obj
                0x08006f84                USBD_ParseSetupRequest
 .text.USBD_CtlError
                0x08006fac       0x14 CMakeFiles/FOCModule.elf.dir/Middlewares/ST/STM32_USB_Device_Library/Core/Src/usbd_ctlreq.c.obj
                0x08006fac                USBD_CtlError
 .text.USBD_GetDescriptor
                0x08006fc0      0x18a CMakeFiles/FOCModule.elf.dir/Middlewares/ST/STM32_USB_Device_Library/Core/Src/usbd_ctlreq.c.obj
 .text.USBD_SetAddress
                0x0800714a       0x50 CMakeFiles/FOCModule.elf.dir/Middlewares/ST/STM32_USB_Device_Library/Core/Src/usbd_ctlreq.c.obj
 *fill*         0x0800719a        0x2 
 .text.USBD_SetConfig
                0x0800719c       0xcc CMakeFiles/FOCModule.elf.dir/Middlewares/ST/STM32_USB_Device_Library/Core/Src/usbd_ctlreq.c.obj
 .text.USBD_GetConfig
                0x08007268       0x40 CMakeFiles/FOCModule.elf.dir/Middlewares/ST/STM32_USB_Device_Library/Core/Src/usbd_ctlreq.c.obj
 .text.USBD_GetStatus
                0x080072a8       0x38 CMakeFiles/FOCModule.elf.dir/Middlewares/ST/STM32_USB_Device_Library/Core/Src/usbd_ctlreq.c.obj
 .text.USBD_SetFeature
                0x080072e0       0x2a CMakeFiles/FOCModule.elf.dir/Middlewares/ST/STM32_USB_Device_Library/Core/Src/usbd_ctlreq.c.obj
 .text.USBD_ClrFeature
                0x0800730a       0x26 CMakeFiles/FOCModule.elf.dir/Middlewares/ST/STM32_USB_Device_Library/Core/Src/usbd_ctlreq.c.obj
 .text.USBD_StdDevReq
                0x08007330       0x76 CMakeFiles/FOCModule.elf.dir/Middlewares/ST/STM32_USB_Device_Library/Core/Src/usbd_ctlreq.c.obj
                0x08007330                USBD_StdDevReq
 .text.USBD_StdItfReq
                0x080073a6       0x84 CMakeFiles/FOCModule.elf.dir/Middlewares/ST/STM32_USB_Device_Library/Core/Src/usbd_ctlreq.c.obj
                0x080073a6                USBD_StdItfReq
 .text.USBD_StdEPReq
                0x0800742a      0x230 CMakeFiles/FOCModule.elf.dir/Middlewares/ST/STM32_USB_Device_Library/Core/Src/usbd_ctlreq.c.obj
                0x0800742a                USBD_StdEPReq
 .text.USBD_GetString
                0x0800765a       0x3a CMakeFiles/FOCModule.elf.dir/Middlewares/ST/STM32_USB_Device_Library/Core/Src/usbd_ctlreq.c.obj
                0x0800765a                USBD_GetString
 .text.USBD_CtlSendData
                0x08007694       0x1a CMakeFiles/FOCModule.elf.dir/Middlewares/ST/STM32_USB_Device_Library/Core/Src/usbd_ioreq.c.obj
                0x08007694                USBD_CtlSendData
 .text.USBD_CtlContinueSendData
                0x080076ae       0x10 CMakeFiles/FOCModule.elf.dir/Middlewares/ST/STM32_USB_Device_Library/Core/Src/usbd_ioreq.c.obj
                0x080076ae                USBD_CtlContinueSendData
 .text.USBD_CtlPrepareRx
                0x080076be       0x1e CMakeFiles/FOCModule.elf.dir/Middlewares/ST/STM32_USB_Device_Library/Core/Src/usbd_ioreq.c.obj
                0x080076be                USBD_CtlPrepareRx
 .text.USBD_CtlContinueRx
                0x080076dc       0x10 CMakeFiles/FOCModule.elf.dir/Middlewares/ST/STM32_USB_Device_Library/Core/Src/usbd_ioreq.c.obj
                0x080076dc                USBD_CtlContinueRx
 .text.USBD_CtlSendStatus
                0x080076ec       0x16 CMakeFiles/FOCModule.elf.dir/Middlewares/ST/STM32_USB_Device_Library/Core/Src/usbd_ioreq.c.obj
                0x080076ec                USBD_CtlSendStatus
 .text.USBD_CtlReceiveStatus
                0x08007702       0x16 CMakeFiles/FOCModule.elf.dir/Middlewares/ST/STM32_USB_Device_Library/Core/Src/usbd_ioreq.c.obj
                0x08007702                USBD_CtlReceiveStatus
 .text.MX_USB_DEVICE_Init
                0x08007718       0x54 CMakeFiles/FOCModule.elf.dir/USB_DEVICE/App/usb_device.c.obj
                0x08007718                MX_USB_DEVICE_Init
 .text.CDC_DeInit_FS
                0x0800776c        0x4 CMakeFiles/FOCModule.elf.dir/USB_DEVICE/App/usbd_cdc_if.c.obj
 .text.CDC_Control_FS
                0x08007770        0x4 CMakeFiles/FOCModule.elf.dir/USB_DEVICE/App/usbd_cdc_if.c.obj
 .text.CDC_TransmitCplt_FS
                0x08007774        0x4 CMakeFiles/FOCModule.elf.dir/USB_DEVICE/App/usbd_cdc_if.c.obj
 .text.CDC_Init_FS
                0x08007778       0x28 CMakeFiles/FOCModule.elf.dir/USB_DEVICE/App/usbd_cdc_if.c.obj
 .text.CDC_Transmit_FS
                0x080077a0       0x2c CMakeFiles/FOCModule.elf.dir/USB_DEVICE/App/usbd_cdc_if.c.obj
                0x080077a0                CDC_Transmit_FS
 .text.CDC_Receive_FS
                0x080077cc       0x24 CMakeFiles/FOCModule.elf.dir/USB_DEVICE/App/usbd_cdc_if.c.obj
 .text.CDC_printf
                0x080077f0       0x30 CMakeFiles/FOCModule.elf.dir/USB_DEVICE/App/usbd_cdc_if.c.obj
                0x080077f0                CDC_printf
 .text.USBD_FS_DeviceDescriptor
                0x08007820        0xc CMakeFiles/FOCModule.elf.dir/USB_DEVICE/App/usbd_desc.c.obj
                0x08007820                USBD_FS_DeviceDescriptor
 .text.USBD_FS_LangIDStrDescriptor
                0x0800782c        0xc CMakeFiles/FOCModule.elf.dir/USB_DEVICE/App/usbd_desc.c.obj
                0x0800782c                USBD_FS_LangIDStrDescriptor
 .text.IntToUnicode
                0x08007838       0x46 CMakeFiles/FOCModule.elf.dir/USB_DEVICE/App/usbd_desc.c.obj
 *fill*         0x0800787e        0x2 
 .text.Get_SerialNum
                0x08007880       0x38 CMakeFiles/FOCModule.elf.dir/USB_DEVICE/App/usbd_desc.c.obj
 .text.USBD_FS_SerialStrDescriptor
                0x080078b8       0x14 CMakeFiles/FOCModule.elf.dir/USB_DEVICE/App/usbd_desc.c.obj
                0x080078b8                USBD_FS_SerialStrDescriptor
 .text.USBD_FS_ProductStrDescriptor
                0x080078cc       0x24 CMakeFiles/FOCModule.elf.dir/USB_DEVICE/App/usbd_desc.c.obj
                0x080078cc                USBD_FS_ProductStrDescriptor
 .text.USBD_FS_ManufacturerStrDescriptor
                0x080078f0       0x1c CMakeFiles/FOCModule.elf.dir/USB_DEVICE/App/usbd_desc.c.obj
                0x080078f0                USBD_FS_ManufacturerStrDescriptor
 .text.USBD_FS_ConfigStrDescriptor
                0x0800790c       0x24 CMakeFiles/FOCModule.elf.dir/USB_DEVICE/App/usbd_desc.c.obj
                0x0800790c                USBD_FS_ConfigStrDescriptor
 .text.USBD_FS_InterfaceStrDescriptor
                0x08007930       0x24 CMakeFiles/FOCModule.elf.dir/USB_DEVICE/App/usbd_desc.c.obj
                0x08007930                USBD_FS_InterfaceStrDescriptor
 .text.HAL_PCD_MspInit
                0x08007954       0x84 CMakeFiles/FOCModule.elf.dir/USB_DEVICE/Target/usbd_conf.c.obj
                0x08007954                HAL_PCD_MspInit
 .text.HAL_PCD_SetupStageCallback
                0x080079d8       0x10 CMakeFiles/FOCModule.elf.dir/USB_DEVICE/Target/usbd_conf.c.obj
                0x080079d8                HAL_PCD_SetupStageCallback
 .text.HAL_PCD_DataOutStageCallback
                0x080079e8       0x18 CMakeFiles/FOCModule.elf.dir/USB_DEVICE/Target/usbd_conf.c.obj
                0x080079e8                HAL_PCD_DataOutStageCallback
 .text.HAL_PCD_DataInStageCallback
                0x08007a00       0x16 CMakeFiles/FOCModule.elf.dir/USB_DEVICE/Target/usbd_conf.c.obj
                0x08007a00                HAL_PCD_DataInStageCallback
 .text.HAL_PCD_SOFCallback
                0x08007a16        0xc CMakeFiles/FOCModule.elf.dir/USB_DEVICE/Target/usbd_conf.c.obj
                0x08007a16                HAL_PCD_SOFCallback
 .text.HAL_PCD_ResetCallback
                0x08007a22       0x2c CMakeFiles/FOCModule.elf.dir/USB_DEVICE/Target/usbd_conf.c.obj
                0x08007a22                HAL_PCD_ResetCallback
 *fill*         0x08007a4e        0x2 
 .text.HAL_PCD_SuspendCallback
                0x08007a50       0x30 CMakeFiles/FOCModule.elf.dir/USB_DEVICE/Target/usbd_conf.c.obj
                0x08007a50                HAL_PCD_SuspendCallback
 .text.HAL_PCD_ResumeCallback
                0x08007a80        0xc CMakeFiles/FOCModule.elf.dir/USB_DEVICE/Target/usbd_conf.c.obj
                0x08007a80                HAL_PCD_ResumeCallback
 .text.HAL_PCD_ISOOUTIncompleteCallback
                0x08007a8c        0xc CMakeFiles/FOCModule.elf.dir/USB_DEVICE/Target/usbd_conf.c.obj
                0x08007a8c                HAL_PCD_ISOOUTIncompleteCallback
 .text.HAL_PCD_ISOINIncompleteCallback
                0x08007a98        0xc CMakeFiles/FOCModule.elf.dir/USB_DEVICE/Target/usbd_conf.c.obj
                0x08007a98                HAL_PCD_ISOINIncompleteCallback
 .text.HAL_PCD_ConnectCallback
                0x08007aa4        0xc CMakeFiles/FOCModule.elf.dir/USB_DEVICE/Target/usbd_conf.c.obj
                0x08007aa4                HAL_PCD_ConnectCallback
 .text.HAL_PCD_DisconnectCallback
                0x08007ab0        0xc CMakeFiles/FOCModule.elf.dir/USB_DEVICE/Target/usbd_conf.c.obj
                0x08007ab0                HAL_PCD_DisconnectCallback
 .text.USBD_LL_Init
                0x08007abc       0x68 CMakeFiles/FOCModule.elf.dir/USB_DEVICE/Target/usbd_conf.c.obj
                0x08007abc                USBD_LL_Init
 .text.USBD_LL_IsStallEP
                0x08007b24       0x2e CMakeFiles/FOCModule.elf.dir/USB_DEVICE/Target/usbd_conf.c.obj
                0x08007b24                USBD_LL_IsStallEP
 .text.USBD_LL_GetRxDataSize
                0x08007b52        0xc CMakeFiles/FOCModule.elf.dir/USB_DEVICE/Target/usbd_conf.c.obj
                0x08007b52                USBD_LL_GetRxDataSize
 *fill*         0x08007b5e        0x2 
 .text.USBD_static_malloc
                0x08007b60        0x8 CMakeFiles/FOCModule.elf.dir/USB_DEVICE/Target/usbd_conf.c.obj
                0x08007b60                USBD_static_malloc
 .text.USBD_static_free
                0x08007b68        0x2 CMakeFiles/FOCModule.elf.dir/USB_DEVICE/Target/usbd_conf.c.obj
                0x08007b68                USBD_static_free
 .text.USBD_Get_USB_Status
                0x08007b6a       0x14 CMakeFiles/FOCModule.elf.dir/USB_DEVICE/Target/usbd_conf.c.obj
                0x08007b6a                USBD_Get_USB_Status
 .text.USBD_LL_Start
                0x08007b7e       0x10 CMakeFiles/FOCModule.elf.dir/USB_DEVICE/Target/usbd_conf.c.obj
                0x08007b7e                USBD_LL_Start
 .text.USBD_LL_OpenEP
                0x08007b8e       0x16 CMakeFiles/FOCModule.elf.dir/USB_DEVICE/Target/usbd_conf.c.obj
                0x08007b8e                USBD_LL_OpenEP
 .text.USBD_LL_CloseEP
                0x08007ba4       0x10 CMakeFiles/FOCModule.elf.dir/USB_DEVICE/Target/usbd_conf.c.obj
                0x08007ba4                USBD_LL_CloseEP
 .text.USBD_LL_StallEP
                0x08007bb4       0x10 CMakeFiles/FOCModule.elf.dir/USB_DEVICE/Target/usbd_conf.c.obj
                0x08007bb4                USBD_LL_StallEP
 .text.USBD_LL_ClearStallEP
                0x08007bc4       0x10 CMakeFiles/FOCModule.elf.dir/USB_DEVICE/Target/usbd_conf.c.obj
                0x08007bc4                USBD_LL_ClearStallEP
 .text.USBD_LL_SetUSBAddress
                0x08007bd4       0x10 CMakeFiles/FOCModule.elf.dir/USB_DEVICE/Target/usbd_conf.c.obj
                0x08007bd4                USBD_LL_SetUSBAddress
 .text.USBD_LL_Transmit
                0x08007be4       0x10 CMakeFiles/FOCModule.elf.dir/USB_DEVICE/Target/usbd_conf.c.obj
                0x08007be4                USBD_LL_Transmit
 .text.USBD_LL_PrepareReceive
                0x08007bf4       0x10 CMakeFiles/FOCModule.elf.dir/USB_DEVICE/Target/usbd_conf.c.obj
                0x08007bf4                USBD_LL_PrepareReceive
 .text.arm_sin_f32
                0x08007c04       0x8c D:\Projects\FOCModule\Firmware\FOCModule\Middlewares\ST\ARM\DSP\Lib\libarm_cortexM4lf_math.a(arm_sin_f32.o)
                0x08007c04                arm_sin_f32
 .text.arm_cos_f32
                0x08007c90       0x94 D:\Projects\FOCModule\Firmware\FOCModule\Middlewares\ST\ARM\DSP\Lib\libarm_cortexM4lf_math.a(arm_cos_f32.o)
                0x08007c90                arm_cos_f32
 .text.__errno  0x08007d24        0xc c:/tools/gcc-arm-none-eabi-10.3-2021.07/bin/../lib/gcc/arm-none-eabi/10.3.1/../../../../arm-none-eabi/lib/thumb/v7e-m+fp/hard\libg.a(lib_a-errno.o)
                0x08007d24                __errno
 .text.__libc_init_array
                0x08007d30       0x48 c:/tools/gcc-arm-none-eabi-10.3-2021.07/bin/../lib/gcc/arm-none-eabi/10.3.1/../../../../arm-none-eabi/lib/thumb/v7e-m+fp/hard\libg.a(lib_a-init.o)
                0x08007d30                __libc_init_array
 .text.memset   0x08007d78       0xa4 c:/tools/gcc-arm-none-eabi-10.3-2021.07/bin/../lib/gcc/arm-none-eabi/10.3.1/../../../../arm-none-eabi/lib/thumb/v7e-m+fp/hard\libg.a(lib_a-memset.o)
                0x08007d78                memset
 .text.vsnprintf
                0x08007e1c       0x70 c:/tools/gcc-arm-none-eabi-10.3-2021.07/bin/../lib/gcc/arm-none-eabi/10.3.1/../../../../arm-none-eabi/lib/thumb/v7e-m+fp/hard\libg.a(lib_a-vsnprintf.o)
                0x08007e1c                vsnprintf
 .text.startup.register_fini
                0x08007e8c       0x14 c:/tools/gcc-arm-none-eabi-10.3-2021.07/bin/../lib/gcc/arm-none-eabi/10.3.1/../../../../arm-none-eabi/lib/thumb/v7e-m+fp/hard\libg.a(lib_a-__call_atexit.o)
 .text.atexit   0x08007ea0        0xc c:/tools/gcc-arm-none-eabi-10.3-2021.07/bin/../lib/gcc/arm-none-eabi/10.3.1/../../../../arm-none-eabi/lib/thumb/v7e-m+fp/hard\libg.a(lib_a-atexit.o)
                0x08007ea0                atexit
 .text.__libc_fini_array
                0x08007eac       0x2c c:/tools/gcc-arm-none-eabi-10.3-2021.07/bin/../lib/gcc/arm-none-eabi/10.3.1/../../../../arm-none-eabi/lib/thumb/v7e-m+fp/hard\libg.a(lib_a-fini.o)
                0x08007eac                __libc_fini_array
 .text.__retarget_lock_init_recursive
                0x08007ed8        0x4 c:/tools/gcc-arm-none-eabi-10.3-2021.07/bin/../lib/gcc/arm-none-eabi/10.3.1/../../../../arm-none-eabi/lib/thumb/v7e-m+fp/hard\libg.a(lib_a-lock.o)
                0x08007ed8                __retarget_lock_init_recursive
 .text.__retarget_lock_close_recursive
                0x08007edc        0x4 c:/tools/gcc-arm-none-eabi-10.3-2021.07/bin/../lib/gcc/arm-none-eabi/10.3.1/../../../../arm-none-eabi/lib/thumb/v7e-m+fp/hard\libg.a(lib_a-lock.o)
                0x08007edc                __retarget_lock_close_recursive
 .text.__retarget_lock_acquire_recursive
                0x08007ee0        0x4 c:/tools/gcc-arm-none-eabi-10.3-2021.07/bin/../lib/gcc/arm-none-eabi/10.3.1/../../../../arm-none-eabi/lib/thumb/v7e-m+fp/hard\libg.a(lib_a-lock.o)
                0x08007ee0                __retarget_lock_acquire_recursive
 .text.__retarget_lock_release_recursive
                0x08007ee4        0x4 c:/tools/gcc-arm-none-eabi-10.3-2021.07/bin/../lib/gcc/arm-none-eabi/10.3.1/../../../../arm-none-eabi/lib/thumb/v7e-m+fp/hard\libg.a(lib_a-lock.o)
                0x08007ee4                __retarget_lock_release_recursive
 .text._svfprintf_r
                0x08007ee8     0x1acc c:/tools/gcc-arm-none-eabi-10.3-2021.07/bin/../lib/gcc/arm-none-eabi/10.3.1/../../../../arm-none-eabi/lib/thumb/v7e-m+fp/hard\libg.a(lib_a-svfprintf.o)
                0x08007ee8                _svfprintf_r
 .text.__register_exitproc
                0x080099b4       0x8c c:/tools/gcc-arm-none-eabi-10.3-2021.07/bin/../lib/gcc/arm-none-eabi/10.3.1/../../../../arm-none-eabi/lib/thumb/v7e-m+fp/hard\libg.a(lib_a-__atexit.o)
                0x080099b4                __register_exitproc
 .text.quorem   0x08009a40      0x128 c:/tools/gcc-arm-none-eabi-10.3-2021.07/bin/../lib/gcc/arm-none-eabi/10.3.1/../../../../arm-none-eabi/lib/thumb/v7e-m+fp/hard\libg.a(lib_a-dtoa.o)
 .text._dtoa_r  0x08009b68      0xf3c c:/tools/gcc-arm-none-eabi-10.3-2021.07/bin/../lib/gcc/arm-none-eabi/10.3.1/../../../../arm-none-eabi/lib/thumb/v7e-m+fp/hard\libg.a(lib_a-dtoa.o)
                0x08009b68                _dtoa_r
 .text._malloc_trim_r
                0x0800aaa4       0xa0 c:/tools/gcc-arm-none-eabi-10.3-2021.07/bin/../lib/gcc/arm-none-eabi/10.3.1/../../../../arm-none-eabi/lib/thumb/v7e-m+fp/hard\libg.a(lib_a-freer.o)
                0x0800aaa4                _malloc_trim_r
 .text._free_r  0x0800ab44      0x20c c:/tools/gcc-arm-none-eabi-10.3-2021.07/bin/../lib/gcc/arm-none-eabi/10.3.1/../../../../arm-none-eabi/lib/thumb/v7e-m+fp/hard\libg.a(lib_a-freer.o)
                0x0800ab44                _free_r
 .text._localeconv_r
                0x0800ad50        0x8 c:/tools/gcc-arm-none-eabi-10.3-2021.07/bin/../lib/gcc/arm-none-eabi/10.3.1/../../../../arm-none-eabi/lib/thumb/v7e-m+fp/hard\libg.a(lib_a-localeconv.o)
                0x0800ad50                _localeconv_r
 .text._malloc_r
                0x0800ad58      0x560 c:/tools/gcc-arm-none-eabi-10.3-2021.07/bin/../lib/gcc/arm-none-eabi/10.3.1/../../../../arm-none-eabi/lib/thumb/v7e-m+fp/hard\libg.a(lib_a-mallocr.o)
                0x0800ad58                _malloc_r
 .text.__malloc_lock
                0x0800b2b8        0xc c:/tools/gcc-arm-none-eabi-10.3-2021.07/bin/../lib/gcc/arm-none-eabi/10.3.1/../../../../arm-none-eabi/lib/thumb/v7e-m+fp/hard\libg.a(lib_a-mlock.o)
                0x0800b2b8                __malloc_lock
 .text.__malloc_unlock
                0x0800b2c4        0xc c:/tools/gcc-arm-none-eabi-10.3-2021.07/bin/../lib/gcc/arm-none-eabi/10.3.1/../../../../arm-none-eabi/lib/thumb/v7e-m+fp/hard\libg.a(lib_a-mlock.o)
                0x0800b2c4                __malloc_unlock
 .text._Balloc  0x0800b2d0       0x4c c:/tools/gcc-arm-none-eabi-10.3-2021.07/bin/../lib/gcc/arm-none-eabi/10.3.1/../../../../arm-none-eabi/lib/thumb/v7e-m+fp/hard\libg.a(lib_a-mprec.o)
                0x0800b2d0                _Balloc
 .text._Bfree   0x0800b31c       0x14 c:/tools/gcc-arm-none-eabi-10.3-2021.07/bin/../lib/gcc/arm-none-eabi/10.3.1/../../../../arm-none-eabi/lib/thumb/v7e-m+fp/hard\libg.a(lib_a-mprec.o)
                0x0800b31c                _Bfree
 .text.__multadd
                0x0800b330       0xa8 c:/tools/gcc-arm-none-eabi-10.3-2021.07/bin/../lib/gcc/arm-none-eabi/10.3.1/../../../../arm-none-eabi/lib/thumb/v7e-m+fp/hard\libg.a(lib_a-mprec.o)
                0x0800b330                __multadd
 .text.__hi0bits
                0x0800b3d8       0x40 c:/tools/gcc-arm-none-eabi-10.3-2021.07/bin/../lib/gcc/arm-none-eabi/10.3.1/../../../../arm-none-eabi/lib/thumb/v7e-m+fp/hard\libg.a(lib_a-mprec.o)
                0x0800b3d8                __hi0bits
 .text.__lo0bits
                0x0800b418       0x60 c:/tools/gcc-arm-none-eabi-10.3-2021.07/bin/../lib/gcc/arm-none-eabi/10.3.1/../../../../arm-none-eabi/lib/thumb/v7e-m+fp/hard\libg.a(lib_a-mprec.o)
                0x0800b418                __lo0bits
 .text.__i2b    0x0800b478       0x5c c:/tools/gcc-arm-none-eabi-10.3-2021.07/bin/../lib/gcc/arm-none-eabi/10.3.1/../../../../arm-none-eabi/lib/thumb/v7e-m+fp/hard\libg.a(lib_a-mprec.o)
                0x0800b478                __i2b
 .text.__multiply
                0x0800b4d4      0x15c c:/tools/gcc-arm-none-eabi-10.3-2021.07/bin/../lib/gcc/arm-none-eabi/10.3.1/../../../../arm-none-eabi/lib/thumb/v7e-m+fp/hard\libg.a(lib_a-mprec.o)
                0x0800b4d4                __multiply
 .text.__pow5mult
                0x0800b630       0xc0 c:/tools/gcc-arm-none-eabi-10.3-2021.07/bin/../lib/gcc/arm-none-eabi/10.3.1/../../../../arm-none-eabi/lib/thumb/v7e-m+fp/hard\libg.a(lib_a-mprec.o)
                0x0800b630                __pow5mult
 .text.__lshift
                0x0800b6f0       0xf0 c:/tools/gcc-arm-none-eabi-10.3-2021.07/bin/../lib/gcc/arm-none-eabi/10.3.1/../../../../arm-none-eabi/lib/thumb/v7e-m+fp/hard\libg.a(lib_a-mprec.o)
                0x0800b6f0                __lshift
 .text.__mcmp   0x0800b7e0       0x44 c:/tools/gcc-arm-none-eabi-10.3-2021.07/bin/../lib/gcc/arm-none-eabi/10.3.1/../../../../arm-none-eabi/lib/thumb/v7e-m+fp/hard\libg.a(lib_a-mprec.o)
                0x0800b7e0                __mcmp
 .text.__mdiff  0x0800b824      0x14c c:/tools/gcc-arm-none-eabi-10.3-2021.07/bin/../lib/gcc/arm-none-eabi/10.3.1/../../../../arm-none-eabi/lib/thumb/v7e-m+fp/hard\libg.a(lib_a-mprec.o)
                0x0800b824                __mdiff
 .text.__d2b    0x0800b970       0xd0 c:/tools/gcc-arm-none-eabi-10.3-2021.07/bin/../lib/gcc/arm-none-eabi/10.3.1/../../../../arm-none-eabi/lib/thumb/v7e-m+fp/hard\libg.a(lib_a-mprec.o)
                0x0800b970                __d2b
 .text.frexp    0x0800ba40       0x6c c:/tools/gcc-arm-none-eabi-10.3-2021.07/bin/../lib/gcc/arm-none-eabi/10.3.1/../../../../arm-none-eabi/lib/thumb/v7e-m+fp/hard\libg.a(lib_a-s_frexp.o)
                0x0800ba40                frexp
 .text._sbrk_r  0x0800baac       0x24 c:/tools/gcc-arm-none-eabi-10.3-2021.07/bin/../lib/gcc/arm-none-eabi/10.3.1/../../../../arm-none-eabi/lib/thumb/v7e-m+fp/hard\libg.a(lib_a-sbrkr.o)
                0x0800baac                _sbrk_r
 .text.strncpy  0x0800bad0       0x64 c:/tools/gcc-arm-none-eabi-10.3-2021.07/bin/../lib/gcc/arm-none-eabi/10.3.1/../../../../arm-none-eabi/lib/thumb/v7e-m+fp/hard\libg.a(lib_a-strncpy.o)
                0x0800bad0                strncpy
 .text.__ssprint_r
                0x0800bb34       0xf8 c:/tools/gcc-arm-none-eabi-10.3-2021.07/bin/../lib/gcc/arm-none-eabi/10.3.1/../../../../arm-none-eabi/lib/thumb/v7e-m+fp/hard\libg.a(lib_a-svfiprintf.o)
                0x0800bb34                __ssprint_r
 .text.__assert_func
                0x0800bc2c       0x40 c:/tools/gcc-arm-none-eabi-10.3-2021.07/bin/../lib/gcc/arm-none-eabi/10.3.1/../../../../arm-none-eabi/lib/thumb/v7e-m+fp/hard\libg.a(lib_a-assert.o)
                0x0800bc2c                __assert_func
 .text._calloc_r
                0x0800bc6c       0x78 c:/tools/gcc-arm-none-eabi-10.3-2021.07/bin/../lib/gcc/arm-none-eabi/10.3.1/../../../../arm-none-eabi/lib/thumb/v7e-m+fp/hard\libg.a(lib_a-callocr.o)
                0x0800bc6c                _calloc_r
 .text.fiprintf
                0x0800bce4       0x28 c:/tools/gcc-arm-none-eabi-10.3-2021.07/bin/../lib/gcc/arm-none-eabi/10.3.1/../../../../arm-none-eabi/lib/thumb/v7e-m+fp/hard\libg.a(lib_a-fiprintf.o)
                0x0800bce4                fiprintf
 .text.__locale_mb_cur_max
                0x0800bd0c        0xc c:/tools/gcc-arm-none-eabi-10.3-2021.07/bin/../lib/gcc/arm-none-eabi/10.3.1/../../../../arm-none-eabi/lib/thumb/v7e-m+fp/hard\libg.a(lib_a-locale.o)
                0x0800bd0c                __locale_mb_cur_max
 .text.__ascii_mbtowc
                0x0800bd18       0x2c c:/tools/gcc-arm-none-eabi-10.3-2021.07/bin/../lib/gcc/arm-none-eabi/10.3.1/../../../../arm-none-eabi/lib/thumb/v7e-m+fp/hard\libg.a(lib_a-mbtowc_r.o)
                0x0800bd18                __ascii_mbtowc
 .text.memmove  0x0800bd44       0xf8 c:/tools/gcc-arm-none-eabi-10.3-2021.07/bin/../lib/gcc/arm-none-eabi/10.3.1/../../../../arm-none-eabi/lib/thumb/v7e-m+fp/hard\libg.a(lib_a-memmove.o)
                0x0800bd44                memmove
 .text._realloc_r
                0x0800be3c      0x3d8 c:/tools/gcc-arm-none-eabi-10.3-2021.07/bin/../lib/gcc/arm-none-eabi/10.3.1/../../../../arm-none-eabi/lib/thumb/v7e-m+fp/hard\libg.a(lib_a-reallocr.o)
                0x0800be3c                _realloc_r
 .text.__sprint_r.part.0
                0x0800c214       0x78 c:/tools/gcc-arm-none-eabi-10.3-2021.07/bin/../lib/gcc/arm-none-eabi/10.3.1/../../../../arm-none-eabi/lib/thumb/v7e-m+fp/hard\libg.a(lib_a-vfiprintf.o)
 .text._vfiprintf_r
                0x0800c28c      0xdfc c:/tools/gcc-arm-none-eabi-10.3-2021.07/bin/../lib/gcc/arm-none-eabi/10.3.1/../../../../arm-none-eabi/lib/thumb/v7e-m+fp/hard\libg.a(lib_a-vfiprintf.o)
                0x0800c28c                _vfiprintf_r
 .text.__sbprintf
                0x0800d088       0x80 c:/tools/gcc-arm-none-eabi-10.3-2021.07/bin/../lib/gcc/arm-none-eabi/10.3.1/../../../../arm-none-eabi/lib/thumb/v7e-m+fp/hard\libg.a(lib_a-vfiprintf.o)
 .text.__ascii_wctomb
                0x0800d108       0x1c c:/tools/gcc-arm-none-eabi-10.3-2021.07/bin/../lib/gcc/arm-none-eabi/10.3.1/../../../../arm-none-eabi/lib/thumb/v7e-m+fp/hard\libg.a(lib_a-wctomb_r.o)
                0x0800d108                __ascii_wctomb
 .text.__swsetup_r
                0x0800d124       0xd4 c:/tools/gcc-arm-none-eabi-10.3-2021.07/bin/../lib/gcc/arm-none-eabi/10.3.1/../../../../arm-none-eabi/lib/thumb/v7e-m+fp/hard\libg.a(lib_a-wsetup.o)
                0x0800d124                __swsetup_r
 .text.abort    0x0800d1f8       0x10 c:/tools/gcc-arm-none-eabi-10.3-2021.07/bin/../lib/gcc/arm-none-eabi/10.3.1/../../../../arm-none-eabi/lib/thumb/v7e-m+fp/hard\libg.a(lib_a-abort.o)
                0x0800d1f8                abort
 .text.__sflush_r
                0x0800d208      0x130 c:/tools/gcc-arm-none-eabi-10.3-2021.07/bin/../lib/gcc/arm-none-eabi/10.3.1/../../../../arm-none-eabi/lib/thumb/v7e-m+fp/hard\libg.a(lib_a-fflush.o)
                0x0800d208                __sflush_r
 .text._fflush_r
                0x0800d338       0x5c c:/tools/gcc-arm-none-eabi-10.3-2021.07/bin/../lib/gcc/arm-none-eabi/10.3.1/../../../../arm-none-eabi/lib/thumb/v7e-m+fp/hard\libg.a(lib_a-fflush.o)
                0x0800d338                _fflush_r
 .text._cleanup_r
                0x0800d394        0xc c:/tools/gcc-arm-none-eabi-10.3-2021.07/bin/../lib/gcc/arm-none-eabi/10.3.1/../../../../arm-none-eabi/lib/thumb/v7e-m+fp/hard\libg.a(lib_a-findfp.o)
                0x0800d394                _cleanup_r
 .text.__sinit  0x0800d3a0      0x10c c:/tools/gcc-arm-none-eabi-10.3-2021.07/bin/../lib/gcc/arm-none-eabi/10.3.1/../../../../arm-none-eabi/lib/thumb/v7e-m+fp/hard\libg.a(lib_a-findfp.o)
                0x0800d3a0                __sinit
 .text.__sfp_lock_acquire
                0x0800d4ac        0xc c:/tools/gcc-arm-none-eabi-10.3-2021.07/bin/../lib/gcc/arm-none-eabi/10.3.1/../../../../arm-none-eabi/lib/thumb/v7e-m+fp/hard\libg.a(lib_a-findfp.o)
                0x0800d4ac                __sfp_lock_acquire
 .text.__sfp_lock_release
                0x0800d4b8        0xc c:/tools/gcc-arm-none-eabi-10.3-2021.07/bin/../lib/gcc/arm-none-eabi/10.3.1/../../../../arm-none-eabi/lib/thumb/v7e-m+fp/hard\libg.a(lib_a-findfp.o)
                0x0800d4b8                __sfp_lock_release
 .text.__fputwc
                0x0800d4c4       0xa8 c:/tools/gcc-arm-none-eabi-10.3-2021.07/bin/../lib/gcc/arm-none-eabi/10.3.1/../../../../arm-none-eabi/lib/thumb/v7e-m+fp/hard\libg.a(lib_a-fputwc.o)
                0x0800d4c4                __fputwc
 .text._fputwc_r
                0x0800d56c       0x68 c:/tools/gcc-arm-none-eabi-10.3-2021.07/bin/../lib/gcc/arm-none-eabi/10.3.1/../../../../arm-none-eabi/lib/thumb/v7e-m+fp/hard\libg.a(lib_a-fputwc.o)
                0x0800d56c                _fputwc_r
 .text.__sfvwrite_r
                0x0800d5d4      0x2f0 c:/tools/gcc-arm-none-eabi-10.3-2021.07/bin/../lib/gcc/arm-none-eabi/10.3.1/../../../../arm-none-eabi/lib/thumb/v7e-m+fp/hard\libg.a(lib_a-fvwrite.o)
                0x0800d5d4                __sfvwrite_r
 .text._fwalk_reent
                0x0800d8c4       0x48 c:/tools/gcc-arm-none-eabi-10.3-2021.07/bin/../lib/gcc/arm-none-eabi/10.3.1/../../../../arm-none-eabi/lib/thumb/v7e-m+fp/hard\libg.a(lib_a-fwalk.o)
                0x0800d8c4                _fwalk_reent
 .text.__smakebuf_r
                0x0800d90c       0xe0 c:/tools/gcc-arm-none-eabi-10.3-2021.07/bin/../lib/gcc/arm-none-eabi/10.3.1/../../../../arm-none-eabi/lib/thumb/v7e-m+fp/hard\libg.a(lib_a-makebuf.o)
                0x0800d90c                __smakebuf_r
 .text.raise    0x0800d9ec       0x5c c:/tools/gcc-arm-none-eabi-10.3-2021.07/bin/../lib/gcc/arm-none-eabi/10.3.1/../../../../arm-none-eabi/lib/thumb/v7e-m+fp/hard\libg.a(lib_a-signal.o)
                0x0800d9ec                raise
 .text._kill_r  0x0800da48       0x2c c:/tools/gcc-arm-none-eabi-10.3-2021.07/bin/../lib/gcc/arm-none-eabi/10.3.1/../../../../arm-none-eabi/lib/thumb/v7e-m+fp/hard\libg.a(lib_a-signalr.o)
                0x0800da48                _kill_r
 .text._getpid_r
                0x0800da74        0x4 c:/tools/gcc-arm-none-eabi-10.3-2021.07/bin/../lib/gcc/arm-none-eabi/10.3.1/../../../../arm-none-eabi/lib/thumb/v7e-m+fp/hard\libg.a(lib_a-signalr.o)
                0x0800da74                _getpid_r
 .text.__sread  0x0800da78       0x24 c:/tools/gcc-arm-none-eabi-10.3-2021.07/bin/../lib/gcc/arm-none-eabi/10.3.1/../../../../arm-none-eabi/lib/thumb/v7e-m+fp/hard\libg.a(lib_a-stdio.o)
                0x0800da78                __sread
 .text.__swrite
                0x0800da9c       0x40 c:/tools/gcc-arm-none-eabi-10.3-2021.07/bin/../lib/gcc/arm-none-eabi/10.3.1/../../../../arm-none-eabi/lib/thumb/v7e-m+fp/hard\libg.a(lib_a-stdio.o)
                0x0800da9c                __swrite
 .text.__sseek  0x0800dadc       0x20 c:/tools/gcc-arm-none-eabi-10.3-2021.07/bin/../lib/gcc/arm-none-eabi/10.3.1/../../../../arm-none-eabi/lib/thumb/v7e-m+fp/hard\libg.a(lib_a-stdio.o)
                0x0800dadc                __sseek
 .text.__sclose
                0x0800dafc        0x8 c:/tools/gcc-arm-none-eabi-10.3-2021.07/bin/../lib/gcc/arm-none-eabi/10.3.1/../../../../arm-none-eabi/lib/thumb/v7e-m+fp/hard\libg.a(lib_a-stdio.o)
                0x0800dafc                __sclose
 .text.__swbuf_r
                0x0800db04       0xb0 c:/tools/gcc-arm-none-eabi-10.3-2021.07/bin/../lib/gcc/arm-none-eabi/10.3.1/../../../../arm-none-eabi/lib/thumb/v7e-m+fp/hard\libg.a(lib_a-wbuf.o)
                0x0800db04                __swbuf_r
 .text._wcrtomb_r
                0x0800dbb4       0x3c c:/tools/gcc-arm-none-eabi-10.3-2021.07/bin/../lib/gcc/arm-none-eabi/10.3.1/../../../../arm-none-eabi/lib/thumb/v7e-m+fp/hard\libg.a(lib_a-wcrtomb.o)
                0x0800dbb4                _wcrtomb_r
 .text._write_r
                0x0800dbf0       0x2c c:/tools/gcc-arm-none-eabi-10.3-2021.07/bin/../lib/gcc/arm-none-eabi/10.3.1/../../../../arm-none-eabi/lib/thumb/v7e-m+fp/hard\libg.a(lib_a-writer.o)
                0x0800dbf0                _write_r
 .text._close_r
                0x0800dc1c       0x24 c:/tools/gcc-arm-none-eabi-10.3-2021.07/bin/../lib/gcc/arm-none-eabi/10.3.1/../../../../arm-none-eabi/lib/thumb/v7e-m+fp/hard\libg.a(lib_a-closer.o)
                0x0800dc1c                _close_r
 .text._fclose_r
                0x0800dc40       0xcc c:/tools/gcc-arm-none-eabi-10.3-2021.07/bin/../lib/gcc/arm-none-eabi/10.3.1/../../../../arm-none-eabi/lib/thumb/v7e-m+fp/hard\libg.a(lib_a-fclose.o)
                0x0800dc40                _fclose_r
 .text._fstat_r
                0x0800dd0c       0x2c c:/tools/gcc-arm-none-eabi-10.3-2021.07/bin/../lib/gcc/arm-none-eabi/10.3.1/../../../../arm-none-eabi/lib/thumb/v7e-m+fp/hard\libg.a(lib_a-fstatr.o)
                0x0800dd0c                _fstat_r
 .text._isatty_r
                0x0800dd38       0x24 c:/tools/gcc-arm-none-eabi-10.3-2021.07/bin/../lib/gcc/arm-none-eabi/10.3.1/../../../../arm-none-eabi/lib/thumb/v7e-m+fp/hard\libg.a(lib_a-isattyr.o)
                0x0800dd38                _isatty_r
 .text._lseek_r
                0x0800dd5c       0x2c c:/tools/gcc-arm-none-eabi-10.3-2021.07/bin/../lib/gcc/arm-none-eabi/10.3.1/../../../../arm-none-eabi/lib/thumb/v7e-m+fp/hard\libg.a(lib_a-lseekr.o)
                0x0800dd5c                _lseek_r
 .text._read_r  0x0800dd88       0x2c c:/tools/gcc-arm-none-eabi-10.3-2021.07/bin/../lib/gcc/arm-none-eabi/10.3.1/../../../../arm-none-eabi/lib/thumb/v7e-m+fp/hard\libg.a(lib_a-readr.o)
                0x0800dd88                _read_r
 .text.floorf   0x0800ddb4       0x8c c:/tools/gcc-arm-none-eabi-10.3-2021.07/bin/../lib/gcc/arm-none-eabi/10.3.1/../../../../arm-none-eabi/lib/thumb/v7e-m+fp/hard\libm.a(lib_a-sf_floor.o)
                0x0800ddb4                floorf
 .text.atan2f   0x0800de40        0x4 c:/tools/gcc-arm-none-eabi-10.3-2021.07/bin/../lib/gcc/arm-none-eabi/10.3.1/../../../../arm-none-eabi/lib/thumb/v7e-m+fp/hard\libm.a(lib_a-wf_atan2.o)
                0x0800de40                atan2f
 .text.fmodf    0x0800de44       0x48 c:/tools/gcc-arm-none-eabi-10.3-2021.07/bin/../lib/gcc/arm-none-eabi/10.3.1/../../../../arm-none-eabi/lib/thumb/v7e-m+fp/hard\libm.a(lib_a-wf_fmod.o)
                0x0800de44                fmodf
 .text.sqrtf    0x0800de8c       0x44 c:/tools/gcc-arm-none-eabi-10.3-2021.07/bin/../lib/gcc/arm-none-eabi/10.3.1/../../../../arm-none-eabi/lib/thumb/v7e-m+fp/hard\libm.a(lib_a-wf_sqrt.o)
                0x0800de8c                sqrtf
 .text.__ieee754_atan2f
                0x0800ded0      0x150 c:/tools/gcc-arm-none-eabi-10.3-2021.07/bin/../lib/gcc/arm-none-eabi/10.3.1/../../../../arm-none-eabi/lib/thumb/v7e-m+fp/hard\libm.a(lib_a-ef_atan2.o)
                0x0800ded0                __ieee754_atan2f
 .text.__ieee754_fmodf
                0x0800e020      0x120 c:/tools/gcc-arm-none-eabi-10.3-2021.07/bin/../lib/gcc/arm-none-eabi/10.3.1/../../../../arm-none-eabi/lib/thumb/v7e-m+fp/hard\libm.a(lib_a-ef_fmod.o)
                0x0800e020                __ieee754_fmodf
 .text.__ieee754_sqrtf
                0x0800e140        0x8 c:/tools/gcc-arm-none-eabi-10.3-2021.07/bin/../lib/gcc/arm-none-eabi/10.3.1/../../../../arm-none-eabi/lib/thumb/v7e-m+fp/hard\libm.a(lib_a-ef_sqrt.o)
                0x0800e140                __ieee754_sqrtf
 .text.atanf    0x0800e148      0x1b4 c:/tools/gcc-arm-none-eabi-10.3-2021.07/bin/../lib/gcc/arm-none-eabi/10.3.1/../../../../arm-none-eabi/lib/thumb/v7e-m+fp/hard\libm.a(lib_a-sf_atan.o)
                0x0800e148                atanf
 .text.fabsf    0x0800e2fc       0x10 c:/tools/gcc-arm-none-eabi-10.3-2021.07/bin/../lib/gcc/arm-none-eabi/10.3.1/../../../../arm-none-eabi/lib/thumb/v7e-m+fp/hard\libm.a(lib_a-sf_fabs.o)
                0x0800e2fc                fabsf
 *(.glue_7)
 .glue_7        0x0800e30c        0x0 linker stubs
 *(.glue_7t)
 .glue_7t       0x0800e30c        0x0 linker stubs
 *(.eh_frame)
 .eh_frame      0x0800e30c        0x0 c:/tools/gcc-arm-none-eabi-10.3-2021.07/bin/../lib/gcc/arm-none-eabi/10.3.1/thumb/v7e-m+fp/hard/crtbegin.o
 *(.init)
 .init          0x0800e30c        0x4 c:/tools/gcc-arm-none-eabi-10.3-2021.07/bin/../lib/gcc/arm-none-eabi/10.3.1/thumb/v7e-m+fp/hard/crti.o
                0x0800e30c                _init
 .init          0x0800e310        0x8 c:/tools/gcc-arm-none-eabi-10.3-2021.07/bin/../lib/gcc/arm-none-eabi/10.3.1/thumb/v7e-m+fp/hard/crtn.o
 *(.fini)
 .fini          0x0800e318        0x4 c:/tools/gcc-arm-none-eabi-10.3-2021.07/bin/../lib/gcc/arm-none-eabi/10.3.1/thumb/v7e-m+fp/hard/crti.o
                0x0800e318                _fini
 .fini          0x0800e31c        0x8 c:/tools/gcc-arm-none-eabi-10.3-2021.07/bin/../lib/gcc/arm-none-eabi/10.3.1/thumb/v7e-m+fp/hard/crtn.o
                0x0800e324                . = ALIGN (0x4)
                0x0800e324                _etext = .

.vfp11_veneer   0x0800e324        0x0
 .vfp11_veneer  0x0800e324        0x0 linker stubs

.v4_bx          0x0800e324        0x0
 .v4_bx         0x0800e324        0x0 linker stubs

.iplt           0x0800e324        0x0
 .iplt          0x0800e324        0x0 c:/tools/gcc-arm-none-eabi-10.3-2021.07/bin/../lib/gcc/arm-none-eabi/10.3.1/thumb/v7e-m+fp/hard/crtbegin.o

.rodata         0x0800e328      0xcf0
                0x0800e328                . = ALIGN (0x4)
 *(.rodata)
 *(.rodata*)
 .rodata.main.str1.4
                0x0800e328       0x4a CMakeFiles/FOCModule.elf.dir/Core/Src/main.c.obj
 *fill*         0x0800e372        0x2 
 .rodata.AHBPrescTable
                0x0800e374       0x10 CMakeFiles/FOCModule.elf.dir/Core/Src/system_stm32f4xx.c.obj
                0x0800e374                AHBPrescTable
 .rodata.APBPrescTable
                0x0800e384        0x8 CMakeFiles/FOCModule.elf.dir/Core/Src/system_stm32f4xx.c.obj
                0x0800e384                APBPrescTable
 .rodata.USBD_FS_ProductStrDescriptor.str1.4
                0x0800e38c       0x16 CMakeFiles/FOCModule.elf.dir/USB_DEVICE/App/usbd_desc.c.obj
 *fill*         0x0800e3a2        0x2 
 .rodata.USBD_FS_ManufacturerStrDescriptor.str1.4
                0x0800e3a4       0x13 CMakeFiles/FOCModule.elf.dir/USB_DEVICE/App/usbd_desc.c.obj
 *fill*         0x0800e3b7        0x1 
 .rodata.USBD_FS_ConfigStrDescriptor.str1.4