Archive member included to satisfy reference by file (symbol)

D:\Projects\FOCModule\Firmware\FOCModule\Middlewares\ST\ARM\DSP\Lib\libarm_cortexM4lf_math.a(arm_sin_f32.o)
                              CMakeFiles/FOCModule.elf.dir/FOC/Src/FOC_core.c.obj (arm_sin_f32)
D:\Projects\FOCModule\Firmware\FOCModule\Middlewares\ST\ARM\DSP\Lib\libarm_cortexM4lf_math.a(arm_cos_f32.o)
                              CMakeFiles/FOCModule.elf.dir/FOC/Src/FOC_core.c.obj (arm_cos_f32)
D:\Projects\FOCModule\Firmware\FOCModule\Middlewares\ST\ARM\DSP\Lib\libarm_cortexM4lf_math.a(arm_common_tables.o)
                              D:\Projects\FOCModule\Firmware\FOCModule\Middlewares\ST\ARM\DSP\Lib\libarm_cortexM4lf_math.a(arm_sin_f32.o) (sinTable_f32)
c:/tools/gcc-arm-none-eabi-10.3-2021.07/bin/../lib/gcc/arm-none-eabi/10.3.1/thumb/v7e-m+fp/hard\libgcc.a(_arm_muldf3.o)
                              CMakeFiles/FOCModule.elf.dir/FOC/Src/FOC_PID.c.obj (__aeabi_dmul)
c:/tools/gcc-arm-none-eabi-10.3-2021.07/bin/../lib/gcc/arm-none-eabi/10.3.1/thumb/v7e-m+fp/hard\libgcc.a(_arm_addsubdf3.o)
                              CMakeFiles/FOCModule.elf.dir/FOC/Src/FOC_PID.c.obj (__aeabi_dadd)
c:/tools/gcc-arm-none-eabi-10.3-2021.07/bin/../lib/gcc/arm-none-eabi/10.3.1/thumb/v7e-m+fp/hard\libgcc.a(_arm_cmpdf2.o)
                              CMakeFiles/FOCModule.elf.dir/FOC/Src/FOC_PID.c.obj (__aeabi_dcmplt)
c:/tools/gcc-arm-none-eabi-10.3-2021.07/bin/../lib/gcc/arm-none-eabi/10.3.1/thumb/v7e-m+fp/hard\libgcc.a(_arm_truncdfsf2.o)
                              CMakeFiles/FOCModule.elf.dir/FOC/Src/FOC_PID.c.obj (__aeabi_d2f)
c:/tools/gcc-arm-none-eabi-10.3-2021.07/bin/../lib/gcc/arm-none-eabi/10.3.1/thumb/v7e-m+fp/hard\libgcc.a(_aeabi_uldivmod.o)
                              CMakeFiles/FOCModule.elf.dir/Drivers/STM32F4xx_HAL_Driver/Src/stm32f4xx_hal_rcc.c.obj (__aeabi_uldivmod)
c:/tools/gcc-arm-none-eabi-10.3-2021.07/bin/../lib/gcc/arm-none-eabi/10.3.1/thumb/v7e-m+fp/hard\libgcc.a(_udivmoddi4.o)
                              c:/tools/gcc-arm-none-eabi-10.3-2021.07/bin/../lib/gcc/arm-none-eabi/10.3.1/thumb/v7e-m+fp/hard\libgcc.a(_aeabi_uldivmod.o) (__udivmoddi4)
c:/tools/gcc-arm-none-eabi-10.3-2021.07/bin/../lib/gcc/arm-none-eabi/10.3.1/thumb/v7e-m+fp/hard\libgcc.a(_dvmd_tls.o)
                              c:/tools/gcc-arm-none-eabi-10.3-2021.07/bin/../lib/gcc/arm-none-eabi/10.3.1/thumb/v7e-m+fp/hard\libgcc.a(_aeabi_uldivmod.o) (__aeabi_ldiv0)
c:/tools/gcc-arm-none-eabi-10.3-2021.07/bin/../lib/gcc/arm-none-eabi/10.3.1/../../../../arm-none-eabi/lib/thumb/v7e-m+fp/hard\libg.a(lib_a-errno.o)
                              CMakeFiles/FOCModule.elf.dir/Core/Src/syscalls.c.obj (__errno)
c:/tools/gcc-arm-none-eabi-10.3-2021.07/bin/../lib/gcc/arm-none-eabi/10.3.1/../../../../arm-none-eabi/lib/thumb/v7e-m+fp/hard\libg.a(lib_a-exit.o)
                              c:/tools/gcc-arm-none-eabi-10.3-2021.07/bin/../lib/gcc/arm-none-eabi/10.3.1/../../../../arm-none-eabi/lib/thumb/v7e-m+fp/hard/crt0.o (exit)
c:/tools/gcc-arm-none-eabi-10.3-2021.07/bin/../lib/gcc/arm-none-eabi/10.3.1/../../../../arm-none-eabi/lib/thumb/v7e-m+fp/hard\libg.a(lib_a-impure.o)
                              c:/tools/gcc-arm-none-eabi-10.3-2021.07/bin/../lib/gcc/arm-none-eabi/10.3.1/../../../../arm-none-eabi/lib/thumb/v7e-m+fp/hard\libg.a(lib_a-exit.o) (_global_impure_ptr)
c:/tools/gcc-arm-none-eabi-10.3-2021.07/bin/../lib/gcc/arm-none-eabi/10.3.1/../../../../arm-none-eabi/lib/thumb/v7e-m+fp/hard\libg.a(lib_a-init.o)
                              c:/tools/gcc-arm-none-eabi-10.3-2021.07/bin/../lib/gcc/arm-none-eabi/10.3.1/../../../../arm-none-eabi/lib/thumb/v7e-m+fp/hard/crt0.o (__libc_init_array)
c:/tools/gcc-arm-none-eabi-10.3-2021.07/bin/../lib/gcc/arm-none-eabi/10.3.1/../../../../arm-none-eabi/lib/thumb/v7e-m+fp/hard\libg.a(lib_a-memset.o)
                              c:/tools/gcc-arm-none-eabi-10.3-2021.07/bin/../lib/gcc/arm-none-eabi/10.3.1/../../../../arm-none-eabi/lib/thumb/v7e-m+fp/hard/crt0.o (memset)
c:/tools/gcc-arm-none-eabi-10.3-2021.07/bin/../lib/gcc/arm-none-eabi/10.3.1/../../../../arm-none-eabi/lib/thumb/v7e-m+fp/hard\libg.a(lib_a-strcmp.o)
                              CMakeFiles/FOCModule.elf.dir/FOC/Src/FOC_comm.c.obj (strcmp)
c:/tools/gcc-arm-none-eabi-10.3-2021.07/bin/../lib/gcc/arm-none-eabi/10.3.1/../../../../arm-none-eabi/lib/thumb/v7e-m+fp/hard\libg.a(lib_a-strcpy.o)
                              CMakeFiles/FOCModule.elf.dir/FOC/Src/FOC_comm.c.obj (strcpy)
c:/tools/gcc-arm-none-eabi-10.3-2021.07/bin/../lib/gcc/arm-none-eabi/10.3.1/../../../../arm-none-eabi/lib/thumb/v7e-m+fp/hard\libg.a(lib_a-strtod.o)
                              CMakeFiles/FOCModule.elf.dir/FOC/Src/FOC_comm.c.obj (strtof)
c:/tools/gcc-arm-none-eabi-10.3-2021.07/bin/../lib/gcc/arm-none-eabi/10.3.1/../../../../arm-none-eabi/lib/thumb/v7e-m+fp/hard\libg.a(lib_a-strtok.o)
                              CMakeFiles/FOCModule.elf.dir/FOC/Src/FOC_comm.c.obj (strtok)
[...]
Memory Configuration

Name             Origin             Length             Attributes
CCMRAM           0x10000000         0x00010000         xrw
RAM              0x20000000         0x00020000         xrw
FLASH            0x08000000         0x00100000         xr
*default*        0x00000000         0xffffffff

Linker script and memory map

LOAD c:/tools/gcc-arm-none-eabi-10.3-2021.07/bin/../lib/gcc/arm-none-eabi/10.3.1/thumb/v7e-m+fp/hard/crti.o
LOAD c:/tools/gcc-arm-none-eabi-10.3-2021.07/bin/../lib/gcc/arm-none-eabi/10.3.1/thumb/v7e-m+fp/hard/crtbegin.o
LOAD c:/tools/gcc-arm-none-eabi-10.3-2021.07/bin/../lib/gcc/arm-none-eabi/10.3.1/../../../../arm-none-eabi/lib/thumb/v7e-m+fp/hard/crt0.o
LOAD CMakeFiles/FOCModule.elf.dir/Core/Src/adc.c.obj
LOAD CMakeFiles/FOCModule.elf.dir/Core/Src/dac.c.obj
LOAD CMakeFiles/FOCModule.elf.dir/Core/Src/gpio.c.obj
LOAD CMakeFiles/FOCModule.elf.dir/Core/Src/i2c.c.obj
LOAD CMakeFiles/FOCModule.elf.dir/Core/Src/main.c.obj
LOAD CMakeFiles/FOCModule.elf.dir/Core/Src/stm32f4xx_hal_msp.c.obj
LOAD CMakeFiles/FOCModule.elf.dir/Core/Src/stm32f4xx_it.c.obj
LOAD CMakeFiles/FOCModule.elf.dir/Core/Src/syscalls.c.obj
LOAD CMakeFiles/FOCModule.elf.dir/Core/Src/sysmem.c.obj
LOAD CMakeFiles/FOCModule.elf.dir/Core/Src/system_stm32f4xx.c.obj
LOAD CMakeFiles/FOCModule.elf.dir/Core/Src/tim.c.obj
LOAD CMakeFiles/FOCModule.elf.dir/Core/Startup/startup_stm32f405rgtx.s.obj
LOAD CMakeFiles/FOCModule.elf.dir/Drivers/STM32F4xx_HAL_Driver/Src/stm32f4xx_hal.c.obj
LOAD CMakeFiles/FOCModule.elf.dir/Drivers/STM32F4xx_HAL_Driver/Src/stm32f4xx_hal_adc.c.obj
LOAD CMakeFiles/FOCModule.elf.dir/Drivers/STM32F4xx_HAL_Driver/Src/stm32f4xx_hal_adc_ex.c.obj
LOAD CMakeFiles/FOCModule.elf.dir/Drivers/STM32F4xx_HAL_Driver/Src/stm32f4xx_hal_cortex.c.obj
LOAD CMakeFiles/FOCModule.elf.dir/Drivers/STM32F4xx_HAL_Driver/Src/stm32f4xx_hal_dac.c.obj
LOAD CMakeFiles/FOCModule.elf.dir/Drivers/STM32F4xx_HAL_Driver/Src/stm32f4xx_hal_dac_ex.c.obj
LOAD CMakeFiles/FOCModule.elf.dir/Drivers/STM32F4xx_HAL_Driver/Src/stm32f4xx_hal_dma.c.obj
LOAD CMakeFiles/FOCModule.elf.dir/Drivers/STM32F4xx_HAL_Driver/Src/stm32f4xx_hal_dma_ex.c.obj
LOAD CMakeFiles/FOCModule.elf.dir/Drivers/STM32F4xx_HAL_Driver/Src/stm32f4xx_hal_exti.c.obj
LOAD CMakeFiles/FOCModule.elf.dir/Drivers/STM32F4xx_HAL_Driver/Src/stm32f4xx_hal_flash.c.obj
LOAD CMakeFiles/FOCModule.elf.dir/Drivers/STM32F4xx_HAL_Driver/Src/stm32f4xx_hal_flash_ex.c.obj
LOAD CMakeFiles/FOCModule.elf.dir/Drivers/STM32F4xx_HAL_Driver/Src/stm32f4xx_hal_flash_ramfunc.c.obj
LOAD CMakeFiles/FOCModule.elf.dir/Drivers/STM32F4xx_HAL_Driver/Src/stm32f4xx_hal_gpio.c.obj
LOAD CMakeFiles/FOCModule.elf.dir/Drivers/STM32F4xx_HAL_Driver/Src/stm32f4xx_hal_i2c.c.obj
LOAD CMakeFiles/FOCModule.elf.dir/Drivers/STM32F4xx_HAL_Driver/Src/stm32f4xx_hal_i2c_ex.c.obj
LOAD CMakeFiles/FOCModule.elf.dir/Drivers/STM32F4xx_HAL_Driver/Src/stm32f4xx_hal_pcd.c.obj
LOAD CMakeFiles/FOCModule.elf.dir/Drivers/STM32F4xx_HAL_Driver/Src/stm32f4xx_hal_pcd_ex.c.obj
LOAD CMakeFiles/FOCModule.elf.dir/Drivers/STM32F4xx_HAL_Driver/Src/stm32f4xx_hal_pwr.c.obj
LOAD CMakeFiles/FOCModule.elf.dir/Drivers/STM32F4xx_HAL_Driver/Src/stm32f4xx_hal_pwr_ex.c.obj
LOAD CMakeFiles/FOCModule.elf.dir/Drivers/STM32F4xx_HAL_Driver/Src/stm32f4xx_hal_rcc.c.obj
LOAD CMakeFiles/FOCModule.elf.dir/Drivers/STM32F4xx_HAL_Driver/Src/stm32f4xx_hal_rcc_ex.c.obj
LOAD CMakeFiles/FOCModule.elf.dir/Drivers/STM32F4xx_HAL_Driver/Src/stm32f4xx_hal_tim.c.obj
LOAD CMakeFiles/FOCModule.elf.dir/Drivers/STM32F4xx_HAL_Driver/Src/stm32f4xx_hal_tim_ex.c.obj
LOAD CMakeFiles/FOCModule.elf.dir/Drivers/STM32F4xx_HAL_Driver/Src/stm32f4xx_ll_adc.c.obj
LOAD CMakeFiles/FOCModule.elf.dir/Drivers/STM32F4xx_HAL_Driver/Src/stm32f4xx_ll_usb.c.obj
LOAD CMakeFiles/FOCModule.elf.dir/FOC/Encoder/Src/AS5600.c.obj
LOAD CMakeFiles/FOCModule.elf.dir/FOC/Src/FOC_LPF.c.obj
LOAD CMakeFiles/FOCModule.elf.dir/FOC/Src/FOC_PID.c.obj
LOAD CMakeFiles/FOCModule.elf.dir/FOC/Src/FOC_PWM.c.obj
LOAD CMakeFiles/FOCModule.elf.dir/FOC/Src/FOC_comm.c.obj
LOAD CMakeFiles/FOCModule.elf.dir/FOC/Src/FOC_core.c.obj
LOAD CMakeFiles/FOCModule.elf.dir/FOC/Src/FOC_current_sense.c.obj
LOAD CMakeFiles/FOCModule.elf.dir/FOC/Src/FOC_encoder.c.obj
LOAD CMakeFiles/FOCModule.elf.dir/FOC/Src/FOC_scope.c.obj
LOAD CMakeFiles/FOCModule.elf.dir/FOC/Src/FOC_setting.c.obj
LOAD CMakeFiles/FOCModule.elf.dir/FOC/Src/FOC_utility.c.obj
LOAD CMakeFiles/FOCModule.elf.dir/Middlewares/ST/STM32_USB_Device_Library/Class/CDC/Src/usbd_cdc.c.obj
LOAD CMakeFiles/FOCModule.elf.dir/Middlewares/ST/STM32_USB_Device_Library/Core/Src/usbd_core.c.obj
LOAD CMakeFiles/FOCModule.elf.dir/Middlewares/ST/STM32_USB_Device_Library/Core/Src/usbd_ctlreq.c.obj
LOAD CMakeFiles/FOCModule.elf.dir/Middlewares/ST/STM32_USB_Device_Library/Core/Src/usbd_ioreq.c.obj
LOAD CMakeFiles/FOCModule.elf.dir/USB_DEVICE/App/usb_device.c.obj
LOAD CMakeFiles/FOCModule.elf.dir/USB_DEVICE/App/usbd_cdc_if.c.obj
LOAD CMakeFiles/FOCModule.elf.dir/USB_DEVICE/App/usbd_desc.c.obj
LOAD CMakeFiles/FOCModule.elf.dir/USB_DEVICE/Target/usbd_conf.c.obj
LOAD D:\Projects\FOCModule\Firmware\FOCModule\Middlewares\ST\ARM\DSP\Lib\libarm_cortexM4lf_math.a
START GROUP
LOAD c:/tools/gcc-arm-none-eabi-10.3-2021.07/bin/../lib/gcc/arm-none-eabi/10.3.1/thumb/v7e-m+fp/hard\libgcc.a
LOAD c:/tools/gcc-arm-none-eabi-10.3-2021.07/bin/../lib/gcc/arm-none-eabi/10.3.1/../../../../arm-none-eabi/lib/thumb/v7e-m+fp/hard\libg.a
LOAD c:/tools/gcc-arm-none-eabi-10.3-2021.07/bin/../lib/gcc/arm-none-eabi/10.3.1/../../../../arm-none-eabi/lib/thumb/v7e-m+fp/hard\libc.a
END GROUP
LOAD c:/tools/gcc-arm-none-eabi-10.3-2021.07/bin/../lib/gcc/arm-none-eabi/10.3.1/thumb/v7e-m+fp/hard/crtend.o
LOAD c:/tools/gcc-arm-none-eabi-10.3-2021.07/bin/../lib/gcc/arm-none-eabi/10.3.1/thumb/v7e-m+fp/hard/crtn.o
                0x20020000                _estack = (ORIGIN (RAM) + LENGTH (RAM))
                0x00000800                _Min_Heap_Size = 0x800
                0x00000800                _Min_Stack_Size = 0x800

.isr_vector     0x08000000      0x188
                0x08000000                . = ALIGN (0x4)
 *(.isr_vector)
 .isr_vector    0x08000000      0x188 CMakeFiles/FOCModule.elf.dir/Core/Startup/startup_stm32f405rgtx.s.obj
                0x08000000                g_pfnVectors
                0x08000188                . = ALIGN (0x4)

.text           0x080001c0    0x10550
                0x080001c0                . = ALIGN (0x4)
 *(.text)
 .text          0x080001c0       0x40 c:/tools/gcc-arm-none-eabi-10.3-2021.07/bin/../lib/gcc/arm-none-eabi/10.3.1/thumb/v7e-m+fp/hard/crtbegin.o
 .text          0x08000200      0x378 c:/tools/gcc-arm-none-eabi-10.3-2021.07/bin/../lib/gcc/arm-none-eabi/10.3.1/thumb/v7e-m+fp/hard\libgcc.a(_arm_addsubdf3.o)
                0x08000200                __aeabi_drsub
                0x08000208                __aeabi_dsub
                0x08000208                __subdf3
                0x0800020c                __aeabi_dadd
                0x0800020c                __adddf3
                0x08000484                __floatunsidf
                0x08000484                __aeabi_ui2d
                0x080004a4                __floatsidf
                0x080004a4                __aeabi_i2d
                0x080004c8                __aeabi_f2d
                0x080004c8                __extendsfdf2
                0x0800050c                __floatundidf
                0x0800050c                __aeabi_ul2d
                0x0800051c                __floatdidf
                0x0800051c                __aeabi_l2d
 .text          0x08000578      0x110 c:/tools/gcc-arm-none-eabi-10.3-2021.07/bin/../lib/gcc/arm-none-eabi/10.3.1/thumb/v7e-m+fp/hard\libgcc.a(_arm_cmpdf2.o)
                0x08000578                __gtdf2
                0x08000578                __gedf2
                0x08000580                __ltdf2
                0x08000580                __ledf2
                0x08000588                __nedf2
                0x08000588                __eqdf2
                0x08000588                __cmpdf2
                0x08000604                __aeabi_cdrcmple
                0x08000614                __aeabi_cdcmpeq
                0x08000614                __aeabi_cdcmple
                0x08000624                __aeabi_dcmpeq
                0x08000638                __aeabi_dcmplt
                0x0800064c                __aeabi_dcmple
                0x08000660                __aeabi_dcmpge
                0x08000674                __aeabi_dcmpgt
 .text          0x08000688       0xa0 c:/tools/gcc-arm-none-eabi-10.3-2021.07/bin/../lib/gcc/arm-none-eabi/10.3.1/thumb/v7e-m+fp/hard\libgcc.a(_arm_truncdfsf2.o)
                0x08000688                __truncdfsf2
                0x08000688                __aeabi_d2f
 .text          0x08000728       0x30 c:/tools/gcc-arm-none-eabi-10.3-2021.07/bin/../lib/gcc/arm-none-eabi/10.3.1/thumb/v7e-m+fp/hard\libgcc.a(_aeabi_uldivmod.o)
                0x08000728                __aeabi_uldivmod
 .text          0x08000758      0x2d0 c:/tools/gcc-arm-none-eabi-10.3-2021.07/bin/../lib/gcc/arm-none-eabi/10.3.1/thumb/v7e-m+fp/hard\libgcc.a(_udivmoddi4.o)
                0x08000758                __udivmoddi4
 .text          0x08000a28        0x4 c:/tools/gcc-arm-none-eabi-10.3-2021.07/bin/../lib/gcc/arm-none-eabi/10.3.1/thumb/v7e-m+fp/hard\libgcc.a(_dvmd_tls.o)
                0x08000a28                __aeabi_idiv0
                0x08000a28                __aeabi_ldiv0
 *fill*         0x08000a2c       0x14 
 .text          0x08000a40      0x2dc c:/tools/gcc-arm-none-eabi-10.3-2021.07/bin/../lib/gcc/arm-none-eabi/10.3.1/../../../../arm-none-eabi/lib/thumb/v7e-m+fp/hard\libg.a(lib_a-strcmp.o)
                0x08000a48                strcmp
 .text          0x08000d1c      0x134 c:/tools/gcc-arm-none-eabi-10.3-2021.07/bin/../lib/gcc/arm-none-eabi/10.3.1/../../../../arm-none-eabi/lib/thumb/v7e-m+fp/hard\libg.a(lib_a-memcpy.o)
                0x08000d1c                memcpy
 *fill*         0x08000e50       0x30 
 .text          0x08000e80       0xdc c:/tools/gcc-arm-none-eabi-10.3-2021.07/bin/../lib/gcc/arm-none-eabi/10.3.1/../../../../arm-none-eabi/lib/thumb/v7e-m+fp/hard\libg.a(lib_a-strlen.o)
                0x08000e80                strlen
 *fill*         0x08000f5c        0x4 
 .text          0x08000f60       0xa0 c:/tools/gcc-arm-none-eabi-10.3-2021.07/bin/../lib/gcc/arm-none-eabi/10.3.1/../../../../arm-none-eabi/lib/thumb/v7e-m+fp/hard\libg.a(lib_a-memchr.o)
                0x08000f60                memchr
 .text          0x08001000      0x424 c:/tools/gcc-arm-none-eabi-10.3-2021.07/bin/../lib/gcc/arm-none-eabi/10.3.1/thumb/v7e-m+fp/hard\libgcc.a(_arm_muldivdf3.o)
                0x08001000                __aeabi_dmul
                0x08001000                __muldf3
                0x08001254                __divdf3
                0x08001254                __aeabi_ddiv
 .text          0x08001424       0x2c c:/tools/gcc-arm-none-eabi-10.3-2021.07/bin/../lib/gcc/arm-none-eabi/10.3.1/thumb/v7e-m+fp/hard\libgcc.a(_arm_unorddf2.o)
                0x08001424                __unorddf2
                0x08001424                __aeabi_dcmpun
 .text          0x08001450       0x50 c:/tools/gcc-arm-none-eabi-10.3-2021.07/bin/../lib/gcc/arm-none-eabi/10.3.1/thumb/v7e-m+fp/hard\libgcc.a(_arm_fixdfsi.o)
                0x08001450                __aeabi_d2iz
                0x08001450                __fixdfsi
 .text          0x080014a0       0x40 c:/tools/gcc-arm-none-eabi-10.3-2021.07/bin/../lib/gcc/arm-none-eabi/10.3.1/thumb/v7e-m+fp/hard\libgcc.a(_arm_fixunsdfsi.o)
                0x080014a0                __aeabi_d2uiz
                0x080014a0                __fixunsdfsi
 .text          0x080014e0       0x30 c:/tools/gcc-arm-none-eabi-10.3-2021.07/bin/../lib/gcc/arm-none-eabi/10.3.1/thumb/v7e-m+fp/hard\libgcc.a(_fixdfdi.o)
                0x080014e0                __fixdfdi
                0x080014e0                __aeabi_d2lz
 .text          0x08001510       0x3c c:/tools/gcc-arm-none-eabi-10.3-2021.07/bin/../lib/gcc/arm-none-eabi/10.3.1/thumb/v7e-m+fp/hard\libgcc.a(_fixunsdfdi.o)
                0x08001510                __fixunsdfdi
                0x08001510                __aeabi_d2ulz
 *(.text*)
 .text.MX_ADC1_Init
                0x0800154c       0xd4 CMakeFiles/FOCModule.elf.dir/Core/Src/adc.c.obj
                0x0800154c                MX_ADC1_Init
 .text.HAL_ADC_MspInit
                0x08001620       0x78 CMakeFiles/FOCModule.elf.dir/Core/Src/adc.c.obj
                0x08001620                HAL_ADC_MspInit
 .text.MX_DAC_Init
                0x08001698       0x54 CMakeFiles/FOCModule.elf.dir/Core/Src/dac.c.obj
                0x08001698                MX_DAC_Init
 .text.HAL_DAC_MspInit
                0x080016ec       0x68 CMakeFiles/FOCModule.elf.dir/Core/Src/dac.c.obj
                0x080016ec                HAL_DAC_MspInit
 .text.MX_GPIO_Init
                0x08001754       0x8c CMakeFiles/FOCModule.elf.dir/Core/Src/gpio.c.obj
                0x08001754                MX_GPIO_Init
 .text.MX_I2C1_Init
                0x080017e0       0x3c CMakeFiles/FOCModule.elf.dir/Core/Src/i2c.c.obj
                0x080017e0                MX_I2C1_Init
 .text.HAL_I2C_MspInit
                0x0800181c       0x70 CMakeFiles/FOCModule.elf.dir/Core/Src/i2c.c.obj
                0x0800181c                HAL_I2C_MspInit
 .text.Error_Handler
                0x0800188c        0x4 CMakeFiles/FOCModule.elf.dir/Core/Src/main.c.obj
                0x0800188c                Error_Handler
 .text.SystemClock_Config
                0x08001890       0xa8 CMakeFiles/FOCModule.elf.dir/Core/Src/main.c.obj
                0x08001890                SystemClock_Config
 .text.SystemClock_EnableHSI
                0x08001938       0x60 CMakeFiles/FOCModule.elf.dir/Core/Src/main.c.obj
                0x08001938                SystemClock_EnableHSI
 .text.SystemClock_DisableHSI
                0x08001998       0x24 CMakeFiles/FOCModule.elf.dir/Core/Src/main.c.obj
                0x08001998                SystemClock_DisableHSI
 .text.main     0x080019bc       0x70 CMakeFiles/FOCModule.elf.dir/Core/Src/main.c.obj
                0x080019bc                main
 .text.HAL_MspInit
                0x08001a2c       0x38 CMakeFiles/FOCModule.elf.dir/Core/Src/stm32f4xx_hal_msp.c.obj
                0x08001a2c                HAL_MspInit
 .text.NMI_Handler
                0x08001a64        0x2 CMakeFiles/FOCModule.elf.dir/Core/Src/stm32f4xx_it.c.obj
                0x08001a64                NMI_Handler
 .text.HardFault_Handler
                0x08001a66        0x2 CMakeFiles/FOCModule.elf.dir/Core/Src/stm32f4xx_it.c.obj
                0x08001a66                HardFault_Handler
 .text.MemManage_Handler
                0x08001a68        0x2 CMakeFiles/FOCModule.elf.dir/Core/Src/stm32f4xx_it.c.obj
                0x08001a68                MemManage_Handler
 .text.BusFault_Handler
                0x08001a6a        0x2 CMakeFiles/FOCModule.elf.dir/Core/Src/stm32f4xx_it.c.obj
                0x08001a6a                BusFault_Handler
 .text.UsageFault_Handler
                0x08001a6c        0x2 CMakeFiles/FOCModule.elf.dir/Core/Src/stm32f4xx_it.c.obj
                0x08001a6c                UsageFault_Handler
 .text.SVC_Handler
                0x08001a6e        0x2 CMakeFiles/FOCModule.elf.dir/Core/Src/stm32f4xx_it.c.obj
                0x08001a6e                SVC_Handler
 .text.DebugMon_Handler
                0x08001a70        0x2 CMakeFiles/FOCModule.elf.dir/Core/Src/stm32f4xx_it.c.obj
                0x08001a70                DebugMon_Handler
 .text.PendSV_Handler
                0x08001a72        0x2 CMakeFiles/FOCModule.elf.dir/Core/Src/stm32f4xx_it.c.obj
                0x08001a72                PendSV_Handler
 .text.SysTick_Handler
                0x08001a74        0x8 CMakeFiles/FOCModule.elf.dir/Core/Src/stm32f4xx_it.c.obj
                0x08001a74                SysTick_Handler
 .text.ADC_IRQHandler
                0x08001a7c       0x10 CMakeFiles/FOCModule.elf.dir/Core/Src/stm32f4xx_it.c.obj
                0x08001a7c                ADC_IRQHandler
 .text.OTG_FS_IRQHandler
                0x08001a8c       0x10 CMakeFiles/FOCModule.elf.dir/Core/Src/stm32f4xx_it.c.obj
                0x08001a8c                OTG_FS_IRQHandler
 .text._getpid  0x08001a9c        0x4 CMakeFiles/FOCModule.elf.dir/Core/Src/syscalls.c.obj
                0x08001a9c                _getpid
 .text._kill    0x08001aa0       0x10 CMakeFiles/FOCModule.elf.dir/Core/Src/syscalls.c.obj
                0x08001aa0                _kill
 .text._exit    0x08001ab0        0xc CMakeFiles/FOCModule.elf.dir/Core/Src/syscalls.c.obj
                0x08001ab0                _exit
 .text._read    0x08001abc       0x20 CMakeFiles/FOCModule.elf.dir/Core/Src/syscalls.c.obj
                0x08001abc                _read
 .text._write   0x08001adc       0x1c CMakeFiles/FOCModule.elf.dir/Core/Src/syscalls.c.obj
                0x08001adc                _write
 .text._close   0x08001af8        0x6 CMakeFiles/FOCModule.elf.dir/Core/Src/syscalls.c.obj
                0x08001af8                _close
 .text._fstat   0x08001afe        0xa CMakeFiles/FOCModule.elf.dir/Core/Src/syscalls.c.obj
                0x08001afe                _fstat
 .text._isatty  0x08001b08        0x4 CMakeFiles/FOCModule.elf.dir/Core/Src/syscalls.c.obj
                0x08001b08                _isatty
 .text._lseek   0x08001b0c        0x4 CMakeFiles/FOCModule.elf.dir/Core/Src/syscalls.c.obj
                0x08001b0c                _lseek
 .text._sbrk    0x08001b10       0x48 CMakeFiles/FOCModule.elf.dir/Core/Src/sysmem.c.obj
                0x08001b10                _sbrk
 .text.SystemInit
                0x08001b58       0x14 CMakeFiles/FOCModule.elf.dir/Core/Src/system_stm32f4xx.c.obj
                0x08001b58                SystemInit
 .text.MX_TIM2_Init
                0x08001b6c       0x70 CMakeFiles/FOCModule.elf.dir/Core/Src/tim.c.obj
                0x08001b6c                MX_TIM2_Init
 .text.HAL_TIM_Base_MspInit
                0x08001bdc       0x50 CMakeFiles/FOCModule.elf.dir/Core/Src/tim.c.obj
                0x08001bdc                HAL_TIM_Base_MspInit
 .text.HAL_TIM_MspPostInit
                0x08001c2c       0x84 CMakeFiles/FOCModule.elf.dir/Core/Src/tim.c.obj
                0x08001c2c                HAL_TIM_MspPostInit
 .text.MX_TIM1_Init
                0x08001cb0      0x124 CMakeFiles/FOCModule.elf.dir/Core/Src/tim.c.obj
                0x08001cb0                MX_TIM1_Init
 .text.Reset_Handler
                0x08001dd4       0x50 CMakeFiles/FOCModule.elf.dir/Core/Startup/startup_stm32f405rgtx.s.obj
                0x08001dd4                Reset_Handler
 .text.Default_Handler
                0x08001e24        0x2 CMakeFiles/FOCModule.elf.dir/Core/Startup/startup_stm32f405rgtx.s.obj
                0x08001e24                RTC_Alarm_IRQHandler
                0x08001e24                HASH_RNG_IRQHandler
                0x08001e24                EXTI2_IRQHandler
                0x08001e24                TIM8_CC_IRQHandler
                0x08001e24                TIM1_CC_IRQHandler
                0x08001e24                DMA2_Stream5_IRQHandler
                0x08001e24                DMA1_Stream5_IRQHandler
                0x08001e24                PVD_IRQHandler
                0x08001e24                SDIO_IRQHandler
                0x08001e24                TAMP_STAMP_IRQHandler
                0x08001e24                CAN2_RX1_IRQHandler
                0x08001e24                EXTI3_IRQHandler
                0x08001e24                TIM8_TRG_COM_TIM14_IRQHandler
                0x08001e24                TIM1_UP_TIM10_IRQHandler
                0x08001e24                TIM8_UP_TIM13_IRQHandler
                0x08001e24                I2C3_ER_IRQHandler
                0x08001e24                EXTI0_IRQHandler
                0x08001e24                I2C2_EV_IRQHandler
                0x08001e24                DMA1_Stream2_IRQHandler
                0x08001e24                CAN1_RX0_IRQHandler
                0x08001e24                FPU_IRQHandler
                0x08001e24                OTG_HS_WKUP_IRQHandler
                0x08001e24                CAN2_SCE_IRQHandler
                0x08001e24                DMA2_Stream2_IRQHandler
                0x08001e24                SPI1_IRQHandler
                0x08001e24                TIM6_DAC_IRQHandler
                0x08001e24                TIM1_BRK_TIM9_IRQHandler
                0x08001e24                CAN2_RX0_IRQHandler
                0x08001e24                DMA2_Stream3_IRQHandler
                0x08001e24                USART6_IRQHandler
                0x08001e24                USART3_IRQHandler
                0x08001e24                CAN1_RX1_IRQHandler
                0x08001e24                UART5_IRQHandler
                0x08001e24                DMA2_Stream0_IRQHandler
                0x08001e24                TIM4_IRQHandler
                0x08001e24                I2C1_EV_IRQHandler
                0x08001e24                DMA1_Stream6_IRQHandler
                0x08001e24                DMA1_Stream1_IRQHandler
                0x08001e24                UART4_IRQHandler
                0x08001e24                TIM3_IRQHandler
                0x08001e24                RCC_IRQHandler
                0x08001e24                TIM8_BRK_TIM12_IRQHandler
                0x08001e24                Default_Handler
                0x08001e24                EXTI15_10_IRQHandler
                0x08001e24                DMA1_Stream7_IRQHandler
                0x08001e24                TIM7_IRQHandler
                0x08001e24                CAN2_TX_IRQHandler
                0x08001e24                TIM5_IRQHandler
                0x08001e24                DMA2_Stream7_IRQHandler
                0x08001e24                I2C3_EV_IRQHandler
                0x08001e24                EXTI9_5_IRQHandler
                0x08001e24                RTC_WKUP_IRQHandler
                0x08001e24                SPI2_IRQHandler
                0x08001e24                OTG_HS_EP1_IN_IRQHandler
                0x08001e24                DMA1_Stream0_IRQHandler
                0x08001e24                CAN1_TX_IRQHandler
                0x08001e24                EXTI4_IRQHandler
                0x08001e24                FSMC_IRQHandler
                0x08001e24                OTG_HS_EP1_OUT_IRQHandler
                0x08001e24                WWDG_IRQHandler
                0x08001e24                TIM2_IRQHandler
                0x08001e24                OTG_FS_WKUP_IRQHandler
                0x08001e24                TIM1_TRG_COM_TIM11_IRQHandler
                0x08001e24                OTG_HS_IRQHandler
                0x08001e24                EXTI1_IRQHandler
                0x08001e24                USART2_IRQHandler
                0x08001e24                I2C2_ER_IRQHandler
                0x08001e24                DMA2_Stream1_IRQHandler
                0x08001e24                CAN1_SCE_IRQHandler
                0x08001e24                FLASH_IRQHandler
                0x08001e24                DMA2_Stream4_IRQHandler
                0x08001e24                USART1_IRQHandler
                0x08001e24                SPI3_IRQHandler
                0x08001e24                DMA1_Stream4_IRQHandler
                0x08001e24                I2C1_ER_IRQHandler
                0x08001e24                DMA2_Stream6_IRQHandler
                0x08001e24                DMA1_Stream3_IRQHandler
 *fill*         0x08001e26        0x2 
 .text.HAL_InitTick
                0x08001e28       0x4c CMakeFiles/FOCModule.elf.dir/Drivers/STM32F4xx_HAL_Driver/Src/stm32f4xx_hal.c.obj
                0x08001e28                HAL_InitTick
 .text.HAL_Init
                0x08001e74       0x34 CMakeFiles/FOCModule.elf.dir/Drivers/STM32F4xx_HAL_Driver/Src/stm32f4xx_hal.c.obj
                0x08001e74                HAL_Init
 .text.HAL_IncTick
                0x08001ea8       0x18 CMakeFiles/FOCModule.elf.dir/Drivers/STM32F4xx_HAL_Driver/Src/stm32f4xx_hal.c.obj
                0x08001ea8                HAL_IncTick
 .text.HAL_GetTick
                0x08001ec0        0xc CMakeFiles/FOCModule.elf.dir/Drivers/STM32F4xx_HAL_Driver/Src/stm32f4xx_hal.c.obj
                0x08001ec0                HAL_GetTick
 .text.HAL_Delay
                0x08001ecc       0x28 CMakeFiles/FOCModule.elf.dir/Drivers/STM32F4xx_HAL_Driver/Src/stm32f4xx_hal.c.obj
                0x08001ecc                HAL_Delay
 .text.ADC_Init
                0x08001ef4      0x134 CMakeFiles/FOCModule.elf.dir/Drivers/STM32F4xx_HAL_Driver/Src/stm32f4xx_hal_adc.c.obj
 .text.HAL_ADC_Init
                0x08002028       0x56 CMakeFiles/FOCModule.elf.dir/Drivers/STM32F4xx_HAL_Driver/Src/stm32f4xx_hal_adc.c.obj
                0x08002028                HAL_ADC_Init
 .text.HAL_ADC_ConvCpltCallback
                0x0800207e        0x2 CMakeFiles/FOCModule.elf.dir/Drivers/STM32F4xx_HAL_Driver/Src/stm32f4xx_hal_adc.c.obj
                0x0800207e                HAL_ADC_ConvCpltCallback
 .text.HAL_ADC_LevelOutOfWindowCallback
                0x08002080        0x2 CMakeFiles/FOCModule.elf.dir/Drivers/STM32F4xx_HAL_Driver/Src/stm32f4xx_hal_adc.c.obj
                0x08002080                HAL_ADC_LevelOutOfWindowCallback
 .text.HAL_ADC_ErrorCallback
                0x08002082        0x2 CMakeFiles/FOCModule.elf.dir/Drivers/STM32F4xx_HAL_Driver/Src/stm32f4xx_hal_adc.c.obj
                0x08002082                HAL_ADC_ErrorCallback
 .text.HAL_ADC_IRQHandler
                0x08002084      0x142 CMakeFiles/FOCModule.elf.dir/Drivers/STM32F4xx_HAL_Driver/Src/stm32f4xx_hal_adc.c.obj
                0x08002084                HAL_ADC_IRQHandler
 *fill*         0x080021c6        0x2 
 .text.HAL_ADC_ConfigChannel
                0x080021c8      0x198 CMakeFiles/FOCModule.elf.dir/Drivers/STM32F4xx_HAL_Driver/Src/stm32f4xx_hal_adc.c.obj
                0x080021c8                HAL_ADC_ConfigChannel
 .text.HAL_ADCEx_InjectedStart_IT
                0x08002360      0x10c CMakeFiles/FOCModule.elf.dir/Drivers/STM32F4xx_HAL_Driver/Src/stm32f4xx_hal_adc_ex.c.obj
                0x08002360                HAL_ADCEx_InjectedStart_IT
 .text.HAL_ADCEx_InjectedGetValue
                0x0800246c       0x40 CMakeFiles/FOCModule.elf.dir/Drivers/STM32F4xx_HAL_Driver/Src/stm32f4xx_hal_adc_ex.c.obj
                0x0800246c                HAL_ADCEx_InjectedGetValue
 .text.HAL_ADCEx_InjectedConfigChannel
                0x080024ac      0x210 CMakeFiles/FOCModule.elf.dir/Drivers/STM32F4xx_HAL_Driver/Src/stm32f4xx_hal_adc_ex.c.obj
                0x080024ac                HAL_ADCEx_InjectedConfigChannel
 .text.HAL_NVIC_SetPriorityGrouping
                0x080026bc       0x24 CMakeFiles/FOCModule.elf.dir/Drivers/STM32F4xx_HAL_Driver/Src/stm32f4xx_hal_cortex.c.obj
                0x080026bc                HAL_NVIC_SetPriorityGrouping
 .text.HAL_NVIC_SetPriority
                0x080026e0       0x70 CMakeFiles/FOCModule.elf.dir/Drivers/STM32F4xx_HAL_Driver/Src/stm32f4xx_hal_cortex.c.obj
                0x080026e0                HAL_NVIC_SetPriority
 .text.HAL_NVIC_EnableIRQ
                0x08002750       0x1c CMakeFiles/FOCModule.elf.dir/Drivers/STM32F4xx_HAL_Driver/Src/stm32f4xx_hal_cortex.c.obj
                0x08002750                HAL_NVIC_EnableIRQ
 .text.HAL_SYSTICK_Config
                0x0800276c       0x28 CMakeFiles/FOCModule.elf.dir/Drivers/STM32F4xx_HAL_Driver/Src/stm32f4xx_hal_cortex.c.obj
                0x0800276c                HAL_SYSTICK_Config
 .text.HAL_DAC_Init
                0x08002794       0x24 CMakeFiles/FOCModule.elf.dir/Drivers/STM32F4xx_HAL_Driver/Src/stm32f4xx_hal_dac.c.obj
                0x08002794                HAL_DAC_Init
 .text.HAL_DAC_Start
                0x080027b8       0x68 CMakeFiles/FOCModule.elf.dir/Drivers/STM32F4xx_HAL_Driver/Src/stm32f4xx_hal_dac.c.obj
                0x080027b8                HAL_DAC_Start
 .text.HAL_DAC_SetValue
                0x08002820       0x2e CMakeFiles/FOCModule.elf.dir/Drivers/STM32F4xx_HAL_Driver/Src/stm32f4xx_hal_dac.c.obj
                0x08002820                HAL_DAC_SetValue
 .text.HAL_DAC_ConfigChannel
                0x0800284e       0x56 CMakeFiles/FOCModule.elf.dir/Drivers/STM32F4xx_HAL_Driver/Src/stm32f4xx_hal_dac.c.obj
                0x0800284e                HAL_DAC_ConfigChannel
 .text.HAL_GPIO_Init
                0x080028a4      0x1e4 CMakeFiles/FOCModule.elf.dir/Drivers/STM32F4xx_HAL_Driver/Src/stm32f4xx_hal_gpio.c.obj
                0x080028a4                HAL_GPIO_Init
 .text.HAL_GPIO_WritePin
                0x08002a88        0xc CMakeFiles/FOCModule.elf.dir/Drivers/STM32F4xx_HAL_Driver/Src/stm32f4xx_hal_gpio.c.obj
                0x08002a88                HAL_GPIO_WritePin
 .text.HAL_GPIO_TogglePin
                0x08002a94       0x12 CMakeFiles/FOCModule.elf.dir/Drivers/STM32F4xx_HAL_Driver/Src/stm32f4xx_hal_gpio.c.obj
                0x08002a94                HAL_GPIO_TogglePin
 .text.I2C_IsAcknowledgeFailed
                0x08002aa6       0x32 CMakeFiles/FOCModule.elf.dir/Drivers/STM32F4xx_HAL_Driver/Src/stm32f4xx_hal_i2c.c.obj
 .text.I2C_WaitOnFlagUntilTimeout
                0x08002ad8       0x7c CMakeFiles/FOCModule.elf.dir/Drivers/STM32F4xx_HAL_Driver/Src/stm32f4xx_hal_i2c.c.obj
 .text.I2C_WaitOnMasterAddressFlagUntilTimeout
                0x08002b54       0xaa CMakeFiles/FOCModule.elf.dir/Drivers/STM32F4xx_HAL_Driver/Src/stm32f4xx_hal_i2c.c.obj
 .text.I2C_WaitOnTXEFlagUntilTimeout
                0x08002bfe       0x54 CMakeFiles/FOCModule.elf.dir/Drivers/STM32F4xx_HAL_Driver/Src/stm32f4xx_hal_i2c.c.obj
 *fill*         0x08002c52        0x2 
 .text.I2C_RequestMemoryWrite
                0x08002c54       0xd8 CMakeFiles/FOCModule.elf.dir/Drivers/STM32F4xx_HAL_Driver/Src/stm32f4xx_hal_i2c.c.obj
 .text.I2C_RequestMemoryRead
                0x08002d2c      0x154 CMakeFiles/FOCModule.elf.dir/Drivers/STM32F4xx_HAL_Driver/Src/stm32f4xx_hal_i2c.c.obj
 .text.I2C_WaitOnBTFFlagUntilTimeout
                0x08002e80       0x54 CMakeFiles/FOCModule.elf.dir/Drivers/STM32F4xx_HAL_Driver/Src/stm32f4xx_hal_i2c.c.obj
 .text.I2C_WaitOnRXNEFlagUntilTimeout
                0x08002ed4       0x6a CMakeFiles/FOCModule.elf.dir/Drivers/STM32F4xx_HAL_Driver/Src/stm32f4xx_hal_i2c.c.obj
 *fill*         0x08002f3e        0x2 
 .text.HAL_I2C_Init
                0x08002f40      0x1bc CMakeFiles/FOCModule.elf.dir/Drivers/STM32F4xx_HAL_Driver/Src/stm32f4xx_hal_i2c.c.obj
                0x08002f40                HAL_I2C_Init
 .text.HAL_I2C_Mem_Write
                0x080030fc      0x164 CMakeFiles/FOCModule.elf.dir/Drivers/STM32F4xx_HAL_Driver/Src/stm32f4xx_hal_i2c.c.obj
                0x080030fc                HAL_I2C_Mem_Write
 .text.HAL_I2C_Mem_Read
                0x08003260      0x2e4 CMakeFiles/FOCModule.elf.dir/Drivers/STM32F4xx_HAL_Driver/Src/stm32f4xx_hal_i2c.c.obj
                0x08003260                HAL_I2C_Mem_Read
 .text.PCD_WriteEmptyTxFifo
                0x08003544       0xd0 CMakeFiles/FOCModule.elf.dir/Drivers/STM32F4xx_HAL_Driver/Src/stm32f4xx_hal_pcd.c.obj
 .text.HAL_PCD_Init
                0x08003614      0x12e CMakeFiles/FOCModule.elf.dir/Drivers/STM32F4xx_HAL_Driver/Src/stm32f4xx_hal_pcd.c.obj
                0x08003614                HAL_PCD_Init
 .text.HAL_PCD_Start
                0x08003742       0x42 CMakeFiles/FOCModule.elf.dir/Drivers/STM32F4xx_HAL_Driver/Src/stm32f4xx_hal_pcd.c.obj
                0x08003742                HAL_PCD_Start
 .text.PCD_EP_OutXfrComplete_int
                0x08003784      0x104 CMakeFiles/FOCModule.elf.dir/Drivers/STM32F4xx_HAL_Driver/Src/stm32f4xx_hal_pcd.c.obj
 .text.PCD_EP_OutSetupPacket_int
                0x08003888       0x50 CMakeFiles/FOCModule.elf.dir/Drivers/STM32F4xx_HAL_Driver/Src/stm32f4xx_hal_pcd.c.obj
 .text.HAL_PCD_SetAddress
                0x080038d8       0x28 CMakeFiles/FOCModule.elf.dir/Drivers/STM32F4xx_HAL_Driver/Src/stm32f4xx_hal_pcd.c.obj
                0x080038d8                HAL_PCD_SetAddress
 .text.HAL_PCD_EP_Open
                0x08003900       0x8a CMakeFiles/FOCModule.elf.dir/Drivers/STM32F4xx_HAL_Driver/Src/stm32f4xx_hal_pcd.c.obj
                0x08003900                HAL_PCD_EP_Open
 .text.HAL_PCD_EP_Close
                0x0800398a       0x72 CMakeFiles/FOCModule.elf.dir/Drivers/STM32F4xx_HAL_Driver/Src/stm32f4xx_hal_pcd.c.obj
                0x0800398a                HAL_PCD_EP_Close
 .text.HAL_PCD_EP_Receive
                0x080039fc       0x5e CMakeFiles/FOCModule.elf.dir/Drivers/STM32F4xx_HAL_Driver/Src/stm32f4xx_hal_pcd.c.obj
                0x080039fc                HAL_PCD_EP_Receive
 .text.HAL_PCD_EP_GetRxCount
                0x08003a5a       0x12 CMakeFiles/FOCModule.elf.dir/Drivers/STM32F4xx_HAL_Driver/Src/stm32f4xx_hal_pcd.c.obj
                0x08003a5a                HAL_PCD_EP_GetRxCount
 .text.HAL_PCD_EP_Transmit
                0x08003a6c       0x5e CMakeFiles/FOCModule.elf.dir/Drivers/STM32F4xx_HAL_Driver/Src/stm32f4xx_hal_pcd.c.obj
                0x08003a6c                HAL_PCD_EP_Transmit
 .text.HAL_PCD_EP_SetStall
                0x08003aca       0x88 CMakeFiles/FOCModule.elf.dir/Drivers/STM32F4xx_HAL_Driver/Src/stm32f4xx_hal_pcd.c.obj
                0x08003aca                HAL_PCD_EP_SetStall
 .text.HAL_PCD_EP_ClrStall
                0x08003b52       0x76 CMakeFiles/FOCModule.elf.dir/Drivers/STM32F4xx_HAL_Driver/Src/stm32f4xx_hal_pcd.c.obj
                0x08003b52                HAL_PCD_EP_ClrStall
 .text.HAL_PCD_EP_Abort
                0x08003bc8       0x34 CMakeFiles/FOCModule.elf.dir/Drivers/STM32F4xx_HAL_Driver/Src/stm32f4xx_hal_pcd.c.obj
                0x08003bc8                HAL_PCD_EP_Abort
 .text.HAL_PCD_IRQHandler
                0x08003bfc      0x5c4 CMakeFiles/FOCModule.elf.dir/Drivers/STM32F4xx_HAL_Driver/Src/stm32f4xx_hal_pcd.c.obj
                0x08003bfc                HAL_PCD_IRQHandler
 .text.HAL_PCDEx_SetTxFiFo
                0x080041c0       0x4c CMakeFiles/FOCModule.elf.dir/Drivers/STM32F4xx_HAL_Driver/Src/stm32f4xx_hal_pcd_ex.c.obj
                0x080041c0                HAL_PCDEx_SetTxFiFo
 .text.HAL_PCDEx_SetRxFiFo
                0x0800420c        0x8 CMakeFiles/FOCModule.elf.dir/Drivers/STM32F4xx_HAL_Driver/Src/stm32f4xx_hal_pcd_ex.c.obj
                0x0800420c                HAL_PCDEx_SetRxFiFo
 .text.HAL_PCDEx_LPM_Callback
                0x08004214        0x2 CMakeFiles/FOCModule.elf.dir/Drivers/STM32F4xx_HAL_Driver/Src/stm32f4xx_hal_pcd_ex.c.obj
                0x08004214                HAL_PCDEx_LPM_Callback
 *fill*         0x08004216        0x2 
 .text.HAL_RCC_OscConfig
                0x08004218      0x3f8 CMakeFiles/FOCModule.elf.dir/Drivers/STM32F4xx_HAL_Driver/Src/stm32f4xx_hal_rcc.c.obj
                0x08004218                HAL_RCC_OscConfig
 .text.HAL_RCC_GetSysClockFreq
                0x08004610       0xd4 CMakeFiles/FOCModule.elf.dir/Drivers/STM32F4xx_HAL_Driver/Src/stm32f4xx_hal_rcc.c.obj
                0x08004610                HAL_RCC_GetSysClockFreq
 .text.HAL_RCC_ClockConfig
                0x080046e4      0x160 CMakeFiles/FOCModule.elf.dir/Drivers/STM32F4xx_HAL_Driver/Src/stm32f4xx_hal_rcc.c.obj
                0x080046e4                HAL_RCC_ClockConfig
 .text.HAL_RCC_GetHCLKFreq
                0x08004844        0xc CMakeFiles/FOCModule.elf.dir/Drivers/STM32F4xx_HAL_Driver/Src/stm32f4xx_hal_rcc.c.obj
                0x08004844                HAL_RCC_GetHCLKFreq
 .text.HAL_RCC_GetPCLK1Freq
                0x08004850       0x20 CMakeFiles/FOCModule.elf.dir/Drivers/STM32F4xx_HAL_Driver/Src/stm32f4xx_hal_rcc.c.obj
                0x08004850                HAL_RCC_GetPCLK1Freq
 .text.TIM_OC1_SetConfig
                0x08004870       0x68 CMakeFiles/FOCModule.elf.dir/Drivers/STM32F4xx_HAL_Driver/Src/stm32f4xx_hal_tim.c.obj
 .text.TIM_OC3_SetConfig
                0x080048d8       0x70 CMakeFiles/FOCModule.elf.dir/Drivers/STM32F4xx_HAL_Driver/Src/stm32f4xx_hal_tim.c.obj
 .text.TIM_OC4_SetConfig
                0x08004948       0x50 CMakeFiles/FOCModule.elf.dir/Drivers/STM32F4xx_HAL_Driver/Src/stm32f4xx_hal_tim.c.obj
 .text.TIM_TI1_ConfigInputStage
                0x08004998       0x26 CMakeFiles/FOCModule.elf.dir/Drivers/STM32F4xx_HAL_Driver/Src/stm32f4xx_hal_tim.c.obj
 .text.TIM_TI2_ConfigInputStage
                0x080049be       0x28 CMakeFiles/FOCModule.elf.dir/Drivers/STM32F4xx_HAL_Driver/Src/stm32f4xx_hal_tim.c.obj
 .text.TIM_ITRx_SetConfig
                0x080049e6       0x10 CMakeFiles/FOCModule.elf.dir/Drivers/STM32F4xx_HAL_Driver/Src/stm32f4xx_hal_tim.c.obj
 *fill*         0x080049f6        0x2 
 .text.HAL_TIM_Base_Start
                0x080049f8       0x7c CMakeFiles/FOCModule.elf.dir/Drivers/STM32F4xx_HAL_Driver/Src/stm32f4xx_hal_tim.c.obj
                0x080049f8                HAL_TIM_Base_Start
 .text.HAL_TIM_PWM_MspInit
                0x08004a74        0x2 CMakeFiles/FOCModule.elf.dir/Drivers/STM32F4xx_HAL_Driver/Src/stm32f4xx_hal_tim.c.obj
                0x08004a74                HAL_TIM_PWM_MspInit
 *fill*         0x08004a76        0x2 
 .text.TIM_Base_SetConfig
                0x08004a78       0xc8 CMakeFiles/FOCModule.elf.dir/Drivers/STM32F4xx_HAL_Driver/Src/stm32f4xx_hal_tim.c.obj
                0x08004a78                TIM_Base_SetConfig
 .text.HAL_TIM_Base_Init
                0x08004b40       0x58 CMakeFiles/FOCModule.elf.dir/Drivers/STM32F4xx_HAL_Driver/Src/stm32f4xx_hal_tim.c.obj
                0x08004b40                HAL_TIM_Base_Init
 .text.HAL_TIM_PWM_Init
                0x08004b98       0x58 CMakeFiles/FOCModule.elf.dir/Drivers/STM32F4xx_HAL_Driver/Src/stm32f4xx_hal_tim.c.obj
                0x08004b98                HAL_TIM_PWM_Init
 .text.TIM_OC2_SetConfig
                0x08004bf0       0x70 CMakeFiles/FOCModule.elf.dir/Drivers/STM32F4xx_HAL_Driver/Src/stm32f4xx_hal_tim.c.obj
                0x08004bf0                TIM_OC2_SetConfig
 .text.HAL_TIM_PWM_ConfigChannel
                0x08004c60       0xdc CMakeFiles/FOCModule.elf.dir/Drivers/STM32F4xx_HAL_Driver/Src/stm32f4xx_hal_tim.c.obj
                0x08004c60                HAL_TIM_PWM_ConfigChannel
 .text.TIM_ETR_SetConfig
                0x08004d3c       0x1a CMakeFiles/FOCModule.elf.dir/Drivers/STM32F4xx_HAL_Driver/Src/stm32f4xx_hal_tim.c.obj
                0x08004d3c                TIM_ETR_SetConfig
 .text.HAL_TIM_ConfigClockSource
                0x08004d56       0xfe CMakeFiles/FOCModule.elf.dir/Drivers/STM32F4xx_HAL_Driver/Src/stm32f4xx_hal_tim.c.obj
                0x08004d56                HAL_TIM_ConfigClockSource
 .text.TIM_CCxChannelCmd
                0x08004e54       0x1e CMakeFiles/FOCModule.elf.dir/Drivers/STM32F4xx_HAL_Driver/Src/stm32f4xx_hal_tim.c.obj
                0x08004e54                TIM_CCxChannelCmd
 *fill*         0x08004e72        0x2 
 .text.HAL_TIM_PWM_Start
                0x08004e74      0x104 CMakeFiles/FOCModule.elf.dir/Drivers/STM32F4xx_HAL_Driver/Src/stm32f4xx_hal_tim.c.obj
                0x08004e74                HAL_TIM_PWM_Start
 .text.TIM_CCxNChannelCmd
                0x08004f78       0x1e CMakeFiles/FOCModule.elf.dir/Drivers/STM32F4xx_HAL_Driver/Src/stm32f4xx_hal_tim_ex.c.obj
 *fill*         0x08004f96        0x2 
 .text.HAL_TIMEx_OCN_Start
                0x08004f98       0xf8 CMakeFiles/FOCModule.elf.dir/Drivers/STM32F4xx_HAL_Driver/Src/stm32f4xx_hal_tim_ex.c.obj
                0x08004f98                HAL_TIMEx_OCN_Start
 .text.HAL_TIMEx_MasterConfigSynchronization
                0x08005090       0x8c CMakeFiles/FOCModule.elf.dir/Drivers/STM32F4xx_HAL_Driver/Src/stm32f4xx_hal_tim_ex.c.obj
                0x08005090                HAL_TIMEx_MasterConfigSynchronization
 .text.HAL_TIMEx_ConfigBreakDeadTime
                0x0800511c       0x52 CMakeFiles/FOCModule.elf.dir/Drivers/STM32F4xx_HAL_Driver/Src/stm32f4xx_hal_tim_ex.c.obj
                0x0800511c                HAL_TIMEx_ConfigBreakDeadTime
 *fill*         0x0800516e        0x2 
 .text.USB_CoreReset
                0x08005170       0x50 CMakeFiles/FOCModule.elf.dir/Drivers/STM32F4xx_HAL_Driver/Src/stm32f4xx_ll_usb.c.obj
 .text.USB_CoreInit
                0x080051c0       0x8a CMakeFiles/FOCModule.elf.dir/Drivers/STM32F4xx_HAL_Driver/Src/stm32f4xx_ll_usb.c.obj
                0x080051c0                USB_CoreInit
 *fill*         0x0800524a        0x2 
 .text.USB_SetTurnaroundTime
                0x0800524c       0xe4 CMakeFiles/FOCModule.elf.dir/Drivers/STM32F4xx_HAL_Driver/Src/stm32f4xx_ll_usb.c.obj
                0x0800524c                USB_SetTurnaroundTime
 .text.USB_EnableGlobalInt
                0x08005330        0xc CMakeFiles/FOCModule.elf.dir/Drivers/STM32F4xx_HAL_Driver/Src/stm32f4xx_ll_usb.c.obj
                0x08005330                USB_EnableGlobalInt
 .text.USB_DisableGlobalInt
                0x0800533c        0xc CMakeFiles/FOCModule.elf.dir/Drivers/STM32F4xx_HAL_Driver/Src/stm32f4xx_ll_usb.c.obj
                0x0800533c                USB_DisableGlobalInt
 .text.USB_FlushTxFifo
                0x08005348       0x50 CMakeFiles/FOCModule.elf.dir/Drivers/STM32F4xx_HAL_Driver/Src/stm32f4xx_ll_usb.c.obj
                0x08005348                USB_FlushTxFifo
 .text.USB_FlushRxFifo
                0x08005398       0x4c CMakeFiles/FOCModule.elf.dir/Drivers/STM32F4xx_HAL_Driver/Src/stm32f4xx_ll_usb.c.obj
                0x08005398                USB_FlushRxFifo
 .text.USB_SetDevSpeed
                0x080053e4        0xe CMakeFiles/FOCModule.elf.dir/Drivers/STM32F4xx_HAL_Driver/Src/stm32f4xx_ll_usb.c.obj
                0x080053e4                USB_SetDevSpeed
 *fill*         0x080053f2        0x2 
 .text.USB_DevInit
                0x080053f4      0x190 CMakeFiles/FOCModule.elf.dir/Drivers/STM32F4xx_HAL_Driver/Src/stm32f4xx_ll_usb.c.obj
                0x080053f4                USB_DevInit
 .text.USB_GetDevSpeed
                0x08005584       0x22 CMakeFiles/FOCModule.elf.dir/Drivers/STM32F4xx_HAL_Driver/Src/stm32f4xx_ll_usb.c.obj
                0x08005584                USB_GetDevSpeed
 .text.USB_ActivateEndpoint
                0x080055a6       0x9c CMakeFiles/FOCModule.elf.dir/Drivers/STM32F4xx_HAL_Driver/Src/stm32f4xx_ll_usb.c.obj
                0x080055a6                USB_ActivateEndpoint
 *fill*         0x08005642        0x2 
 .text.USB_DeactivateEndpoint
                0x08005644       0xe0 CMakeFiles/FOCModule.elf.dir/Drivers/STM32F4xx_HAL_Driver/Src/stm32f4xx_ll_usb.c.obj
                0x08005644                USB_DeactivateEndpoint
 .text.USB_EP0StartXfer
                0x08005724      0x124 CMakeFiles/FOCModule.elf.dir/Drivers/STM32F4xx_HAL_Driver/Src/stm32f4xx_ll_usb.c.obj
                0x08005724                USB_EP0StartXfer
 .text.USB_EPStopXfer
                0x08005848       0xbe CMakeFiles/FOCModule.elf.dir/Drivers/STM32F4xx_HAL_Driver/Src/stm32f4xx_ll_usb.c.obj
                0x08005848                USB_EPStopXfer
 .text.USB_WritePacket
                0x08005906       0x2e CMakeFiles/FOCModule.elf.dir/Drivers/STM32F4xx_HAL_Driver/Src/stm32f4xx_ll_usb.c.obj
                0x08005906                USB_WritePacket
 .text.USB_EPStartXfer
                0x08005934      0x234 CMakeFiles/FOCModule.elf.dir/Drivers/STM32F4xx_HAL_Driver/Src/stm32f4xx_ll_usb.c.obj
                0x08005934                USB_EPStartXfer
 .text.USB_ReadPacket
                0x08005b68       0x54 CMakeFiles/FOCModule.elf.dir/Drivers/STM32F4xx_HAL_Driver/Src/stm32f4xx_ll_usb.c.obj
                0x08005b68                USB_ReadPacket
 .text.USB_EPSetStall
                0x08005bbc       0x5a CMakeFiles/FOCModule.elf.dir/Drivers/STM32F4xx_HAL_Driver/Src/stm32f4xx_ll_usb.c.obj
                0x08005bbc                USB_EPSetStall
 .text.USB_EPClearStall
                0x08005c16       0x5c CMakeFiles/FOCModule.elf.dir/Drivers/STM32F4xx_HAL_Driver/Src/stm32f4xx_ll_usb.c.obj
                0x08005c16                USB_EPClearStall
 .text.USB_SetDevAddress
                0x08005c72       0x20 CMakeFiles/FOCModule.elf.dir/Drivers/STM32F4xx_HAL_Driver/Src/stm32f4xx_ll_usb.c.obj
                0x08005c72                USB_SetDevAddress
 .text.USB_DevConnect
                0x08005c92       0x1c CMakeFiles/FOCModule.elf.dir/Drivers/STM32F4xx_HAL_Driver/Src/stm32f4xx_ll_usb.c.obj
                0x08005c92                USB_DevConnect
 .text.USB_DevDisconnect
                0x08005cae       0x1c CMakeFiles/FOCModule.elf.dir/Drivers/STM32F4xx_HAL_Driver/Src/stm32f4xx_ll_usb.c.obj
                0x08005cae                USB_DevDisconnect
 .text.USB_ReadInterrupts
                0x08005cca        0x8 CMakeFiles/FOCModule.elf.dir/Drivers/STM32F4xx_HAL_Driver/Src/stm32f4xx_ll_usb.c.obj
                0x08005cca                USB_ReadInterrupts
 .text.USB_ReadDevAllOutEpInterrupt
                0x08005cd2       0x10 CMakeFiles/FOCModule.elf.dir/Drivers/STM32F4xx_HAL_Driver/Src/stm32f4xx_ll_usb.c.obj
                0x08005cd2                USB_ReadDevAllOutEpInterrupt
 .text.USB_ReadDevAllInEpInterrupt
                0x08005ce2       0x10 CMakeFiles/FOCModule.elf.dir/Drivers/STM32F4xx_HAL_Driver/Src/stm32f4xx_ll_usb.c.obj
                0x08005ce2                USB_ReadDevAllInEpInterrupt
 .text.USB_ReadDevOutEPInterrupt
                0x08005cf2       0x12 CMakeFiles/FOCModule.elf.dir/Drivers/STM32F4xx_HAL_Driver/Src/stm32f4xx_ll_usb.c.obj
                0x08005cf2                USB_ReadDevOutEPInterrupt
 .text.USB_ReadDevInEPInterrupt
                0x08005d04       0x28 CMakeFiles/FOCModule.elf.dir/Drivers/STM32F4xx_HAL_Driver/Src/stm32f4xx_ll_usb.c.obj
                0x08005d04                USB_ReadDevInEPInterrupt
 .text.USB_GetMode
                0x08005d2c        0x8 CMakeFiles/FOCModule.elf.dir/Drivers/STM32F4xx_HAL_Driver/Src/stm32f4xx_ll_usb.c.obj
                0x08005d2c                USB_GetMode
 .text.USB_SetCurrentMode
                0x08005d34       0x62 CMakeFiles/FOCModule.elf.dir/Drivers/STM32F4xx_HAL_Driver/Src/stm32f4xx_ll_usb.c.obj
                0x08005d34                USB_SetCurrentMode
 .text.USB_ActivateSetup
                0x08005d96       0x20 CMakeFiles/FOCModule.elf.dir/Drivers/STM32F4xx_HAL_Driver/Src/stm32f4xx_ll_usb.c.obj
                0x08005d96                USB_ActivateSetup
 *fill*         0x08005db6        0x2 
 .text.USB_EP0_OutStart
                0x08005db8       0x60 CMakeFiles/FOCModule.elf.dir/Drivers/STM32F4xx_HAL_Driver/Src/stm32f4xx_ll_usb.c.obj
                0x08005db8                USB_EP0_OutStart
 .text.AS5600_init
                0x08005e18       0x34 CMakeFiles/FOCModule.elf.dir/FOC/Encoder/Src/AS5600.c.obj
                0x08005e18                AS5600_init
 .text.AS5600_detectMagnet
                0x08005e4c       0x40 CMakeFiles/FOCModule.elf.dir/FOC/Encoder/Src/AS5600.c.obj
                0x08005e4c                AS5600_detectMagnet
 .text.AS5600_ReadSensorRawData
                0x08005e8c       0x54 CMakeFiles/FOCModule.elf.dir/FOC/Encoder/Src/AS5600.c.obj
                0x08005e8c                AS5600_ReadSensorRawData
 .text.FOC_LPF_output
                0x08005ee0       0x22 CMakeFiles/FOCModule.elf.dir/FOC/Src/FOC_LPF.c.obj
                0x08005ee0                FOC_LPF_output
 *fill*         0x08005f02        0x2 
 .text.FOC_PID_get_u
                0x08005f04       0xf4 CMakeFiles/FOCModule.elf.dir/FOC/Src/FOC_PID.c.obj
                0x08005f04                FOC_PID_get_u
 .text.FOC_set_duty_cycle
                0x08005ff8       0x90 CMakeFiles/FOCModule.elf.dir/FOC/Src/FOC_PWM.c.obj
                0x08005ff8                FOC_set_duty_cycle
 .text.FOC_tim_init
                0x08006088       0x54 CMakeFiles/FOCModule.elf.dir/FOC/Src/FOC_PWM.c.obj
                0x08006088                FOC_tim_init
 .text.FOC_comm_parse_command
                0x080060dc      0x270 CMakeFiles/FOCModule.elf.dir/FOC/Src/FOC_comm.c.obj
                0x080060dc                FOC_comm_parse_command
 .text.FOC_SVPWM
                0x0800634c      0x2d4 CMakeFiles/FOCModule.elf.dir/FOC/Src/FOC_core.c.obj
                0x0800634c                FOC_SVPWM
 .text.FOC_calibrate
                0x08006620       0x18 CMakeFiles/FOCModule.elf.dir/FOC/Src/FOC_core.c.obj
                0x08006620                FOC_calibrate
 .text.FOC_Clarke_Transform
                0x08006638       0x60 CMakeFiles/FOCModule.elf.dir/FOC/Src/FOC_core.c.obj
                0x08006638                FOC_Clarke_Transform
 .text.FOC_Park_Transform
                0x08006698       0x64 CMakeFiles/FOCModule.elf.dir/FOC/Src/FOC_core.c.obj
                0x08006698                FOC_Park_Transform
 .text.FOC_voltage_loop
                0x080066fc       0x30 CMakeFiles/FOCModule.elf.dir/FOC/Src/FOC_core.c.obj
                0x080066fc                FOC_voltage_loop
 .text.FOC_current_loop
                0x0800672c       0xc8 CMakeFiles/FOCModule.elf.dir/FOC/Src/FOC_core.c.obj
                0x0800672c                FOC_current_loop
 .text.FOC_velocity_loop
                0x080067f4       0x74 CMakeFiles/FOCModule.elf.dir/FOC/Src/FOC_core.c.obj
                0x080067f4                FOC_velocity_loop
 .text.FOC_position_loop
                0x08006868       0xf4 CMakeFiles/FOCModule.elf.dir/FOC/Src/FOC_core.c.obj
                0x08006868                FOC_position_loop
 .text.FOC_main_loop
                0x0800695c       0x4c CMakeFiles/FOCModule.elf.dir/FOC/Src/FOC_core.c.obj
                0x0800695c                FOC_main_loop
 .text.FOC_current_callback
                0x080069a8       0x24 CMakeFiles/FOCModule.elf.dir/FOC/Src/FOC_core.c.obj
                0x080069a8                FOC_current_callback
 .text.FOC_cs_init
                0x080069cc       0x28 CMakeFiles/FOCModule.elf.dir/FOC/Src/FOC_current_sense.c.obj
                0x080069cc                FOC_cs_init
 .text.HAL_ADCEx_InjectedConvCpltCallback
                0x080069f4       0x58 CMakeFiles/FOCModule.elf.dir/FOC/Src/FOC_current_sense.c.obj
                0x080069f4                HAL_ADCEx_InjectedConvCpltCallback
 .text.FOC_cs_read_current
                0x08006a4c       0xc0 CMakeFiles/FOCModule.elf.dir/FOC/Src/FOC_current_sense.c.obj
                0x08006a4c                FOC_cs_read_current
 .text.FOC_encoder_read_raw_data
                0x08006b0c       0x18 CMakeFiles/FOCModule.elf.dir/FOC/Src/FOC_encoder.c.obj
                0x08006b0c                FOC_encoder_read_raw_data
 .text.FOC_encoder_read_mechanical_angle
                0x08006b24       0x30 CMakeFiles/FOCModule.elf.dir/FOC/Src/FOC_encoder.c.obj
                0x08006b24                FOC_encoder_read_mechanical_angle
 .text.FOC_encoder_init
                0x08006b54       0x20 CMakeFiles/FOCModule.elf.dir/FOC/Src/FOC_encoder.c.obj
                0x08006b54                FOC_encoder_init
 .text.FOC_encoder_compute_electrical_angle
                0x08006b74       0x4c CMakeFiles/FOCModule.elf.dir/FOC/Src/FOC_encoder.c.obj
                0x08006b74                FOC_encoder_compute_electrical_angle
 .text.FOC_encoder_compute_velocity
                0x08006bc0       0xac CMakeFiles/FOCModule.elf.dir/FOC/Src/FOC_encoder.c.obj
                0x08006bc0                FOC_encoder_compute_velocity
 .text.FOC_scope_init
                0x08006c6c       0x1c CMakeFiles/FOCModule.elf.dir/FOC/Src/FOC_scope.c.obj
                0x08006c6c                FOC_scope_init
 .text.FOC_scope_probe
                0x08006c88       0x2c CMakeFiles/FOCModule.elf.dir/FOC/Src/FOC_scope.c.obj
                0x08006c88                FOC_scope_probe
 .text.FOC_utility_init
                0x08006cb4       0x10 CMakeFiles/FOCModule.elf.dir/FOC/Src/FOC_utility.c.obj
                0x08006cb4                FOC_utility_init
 .text._checkRange
                0x08006cc4       0x20 CMakeFiles/FOCModule.elf.dir/FOC/Src/FOC_utility.c.obj
                0x08006cc4                _checkRange
 .text._normalizeAngle
                0x08006ce4       0x24 CMakeFiles/FOCModule.elf.dir/FOC/Src/FOC_utility.c.obj
                0x08006ce4                _normalizeAngle
 .text._spanMicro
                0x08006d08       0x18 CMakeFiles/FOCModule.elf.dir/FOC/Src/FOC_utility.c.obj
                0x08006d08                _spanMicro
 .text.USBD_CDC_EP0_RxReady
                0x08006d20       0x40 CMakeFiles/FOCModule.elf.dir/Middlewares/ST/STM32_USB_Device_Library/Class/CDC/Src/usbd_cdc.c.obj
 .text.USBD_CDC_GetDeviceQualifierDescriptor
                0x08006d60        0xc CMakeFiles/FOCModule.elf.dir/Middlewares/ST/STM32_USB_Device_Library/Class/CDC/Src/usbd_cdc.c.obj
                0x08006d60                USBD_CDC_GetDeviceQualifierDescriptor
 .text.USBD_CDC_GetOtherSpeedCfgDesc
                0x08006d6c       0x48 CMakeFiles/FOCModule.elf.dir/Middlewares/ST/STM32_USB_Device_Library/Class/CDC/Src/usbd_cdc.c.obj
 .text.USBD_CDC_GetFSCfgDesc
                0x08006db4       0x48 CMakeFiles/FOCModule.elf.dir/Middlewares/ST/STM32_USB_Device_Library/Class/CDC/Src/usbd_cdc.c.obj
 .text.USBD_CDC_GetHSCfgDesc
                0x08006dfc       0x48 CMakeFiles/FOCModule.elf.dir/Middlewares/ST/STM32_USB_Device_Library/Class/CDC/Src/usbd_cdc.c.obj
 .text.USBD_CDC_DataOut
                0x08006e44       0x38 CMakeFiles/FOCModule.elf.dir/Middlewares/ST/STM32_USB_Device_Library/Class/CDC/Src/usbd_cdc.c.obj
 .text.USBD_CDC_DataIn
                0x08006e7c       0x7c CMakeFiles/FOCModule.elf.dir/Middlewares/ST/STM32_USB_Device_Library/Class/CDC/Src/usbd_cdc.c.obj
 .text.USBD_CDC_Setup
                0x08006ef8      0x11a CMakeFiles/FOCModule.elf.dir/Middlewares/ST/STM32_USB_Device_Library/Class/CDC/Src/usbd_cdc.c.obj
 .text.USBD_CDC_DeInit
                0x08007012       0x64 CMakeFiles/FOCModule.elf.dir/Middlewares/ST/STM32_USB_Device_Library/Class/CDC/Src/usbd_cdc.c.obj
 .text.USBD_CDC_Init
                0x08007076       0xee CMakeFiles/FOCModule.elf.dir/Middlewares/ST/STM32_USB_Device_Library/Class/CDC/Src/usbd_cdc.c.obj
 .text.USBD_CDC_RegisterInterface
                0x08007164       0x16 CMakeFiles/FOCModule.elf.dir/Middlewares/ST/STM32_USB_Device_Library/Class/CDC/Src/usbd_cdc.c.obj
                0x08007164                USBD_CDC_RegisterInterface
 .text.USBD_CDC_SetTxBuffer
                0x0800717a       0x1c CMakeFiles/FOCModule.elf.dir/Middlewares/ST/STM32_USB_Device_Library/Class/CDC/Src/usbd_cdc.c.obj
                0x0800717a                USBD_CDC_SetTxBuffer
 .text.USBD_CDC_SetRxBuffer
                0x08007196       0x18 CMakeFiles/FOCModule.elf.dir/Middlewares/ST/STM32_USB_Device_Library/Class/CDC/Src/usbd_cdc.c.obj
                0x08007196                USBD_CDC_SetRxBuffer
 .text.USBD_CDC_TransmitPacket
                0x080071ae       0x3a CMakeFiles/FOCModule.elf.dir/Middlewares/ST/STM32_USB_Device_Library/Class/CDC/Src/usbd_cdc.c.obj
                0x080071ae                USBD_CDC_TransmitPacket
 .text.USBD_CDC_ReceivePacket
                0x080071e8       0x38 CMakeFiles/FOCModule.elf.dir/Middlewares/ST/STM32_USB_Device_Library/Class/CDC/Src/usbd_cdc.c.obj
                0x080071e8                USBD_CDC_ReceivePacket
 .text.USBD_Init
                0x08007220       0x2e CMakeFiles/FOCModule.elf.dir/Middlewares/ST/STM32_USB_Device_Library/Core/Src/usbd_core.c.obj
                0x08007220                USBD_Init
 .text.USBD_RegisterClass
                0x0800724e       0x34 CMakeFiles/FOCModule.elf.dir/Middlewares/ST/STM32_USB_Device_Library/Core/Src/usbd_core.c.obj
                0x0800724e                USBD_RegisterClass
 .text.USBD_Start
                0x08007282        0x8 CMakeFiles/FOCModule.elf.dir/Middlewares/ST/STM32_USB_Device_Library/Core/Src/usbd_core.c.obj
                0x08007282                USBD_Start
 .text.USBD_SetClassConfig
                0x0800728a       0x12 CMakeFiles/FOCModule.elf.dir/Middlewares/ST/STM32_USB_Device_Library/Core/Src/usbd_core.c.obj
                0x0800728a                USBD_SetClassConfig
 .text.USBD_ClrClassConfig
                0x0800729c       0x12 CMakeFiles/FOCModule.elf.dir/Middlewares/ST/STM32_USB_Device_Library/Core/Src/usbd_core.c.obj
                0x0800729c                USBD_ClrClassConfig
 .text.USBD_LL_SetupStage
                0x080072ae       0x58 CMakeFiles/FOCModule.elf.dir/Middlewares/ST/STM32_USB_Device_Library/Core/Src/usbd_core.c.obj
                0x080072ae                USBD_LL_SetupStage
 .text.USBD_LL_Reset
                0x08007306       0x64 CMakeFiles/FOCModule.elf.dir/Middlewares/ST/STM32_USB_Device_Library/Core/Src/usbd_core.c.obj
                0x08007306                USBD_LL_Reset
 .text.USBD_LL_SetSpeed
                0x0800736a        0x6 CMakeFiles/FOCModule.elf.dir/Middlewares/ST/STM32_USB_Device_Library/Core/Src/usbd_core.c.obj
                0x0800736a                USBD_LL_SetSpeed
 .text.USBD_LL_Suspend
                0x08007370       0x14 CMakeFiles/FOCModule.elf.dir/Middlewares/ST/STM32_USB_Device_Library/Core/Src/usbd_core.c.obj
                0x08007370                USBD_LL_Suspend
 .text.USBD_LL_Resume
                0x08007384       0x1a CMakeFiles/FOCModule.elf.dir/Middlewares/ST/STM32_USB_Device_Library/Core/Src/usbd_core.c.obj
                0x08007384                USBD_LL_Resume
 .text.USBD_LL_SOF
                0x0800739e       0x22 CMakeFiles/FOCModule.elf.dir/Middlewares/ST/STM32_USB_Device_Library/Core/Src/usbd_core.c.obj
                0x0800739e                USBD_LL_SOF
 .text.USBD_LL_IsoINIncomplete
                0x080073c0       0x2e CMakeFiles/FOCModule.elf.dir/Middlewares/ST/STM32_USB_Device_Library/Core/Src/usbd_core.c.obj
                0x080073c0                USBD_LL_IsoINIncomplete
 .text.USBD_LL_IsoOUTIncomplete
                0x080073ee       0x2e CMakeFiles/FOCModule.elf.dir/Middlewares/ST/STM32_USB_Device_Library/Core/Src/usbd_core.c.obj
                0x080073ee                USBD_LL_IsoOUTIncomplete
 .text.USBD_LL_DevConnected
                0x0800741c        0x4 CMakeFiles/FOCModule.elf.dir/Middlewares/ST/STM32_USB_Device_Library/Core/Src/usbd_core.c.obj
                0x0800741c                USBD_LL_DevConnected
 .text.USBD_LL_DevDisconnected
                0x08007420       0x20 CMakeFiles/FOCModule.elf.dir/Middlewares/ST/STM32_USB_Device_Library/Core/Src/usbd_core.c.obj
                0x08007420                USBD_LL_DevDisconnected
 .text.USBD_CoreFindIF
                0x08007440        0x4 CMakeFiles/FOCModule.elf.dir/Middlewares/ST/STM32_USB_Device_Library/Core/Src/usbd_core.c.obj
                0x08007440                USBD_CoreFindIF
 .text.USBD_CoreFindEP
                0x08007444        0x4 CMakeFiles/FOCModule.elf.dir/Middlewares/ST/STM32_USB_Device_Library/Core/Src/usbd_core.c.obj
                0x08007444                USBD_CoreFindEP
 .text.USBD_LL_DataOutStage
                0x08007448       0xc6 CMakeFiles/FOCModule.elf.dir/Middlewares/ST/STM32_USB_Device_Library/Core/Src/usbd_core.c.obj
                0x08007448                USBD_LL_DataOutStage
 .text.USBD_LL_DataInStage
                0x0800750e       0xd6 CMakeFiles/FOCModule.elf.dir/Middlewares/ST/STM32_USB_Device_Library/Core/Src/usbd_core.c.obj
                0x0800750e                USBD_LL_DataInStage
 .text.USBD_GetNextDesc
                0x080075e4        0xe CMakeFiles/FOCModule.elf.dir/Middlewares/ST/STM32_USB_Device_Library/Core/Src/usbd_core.c.obj
                0x080075e4                USBD_GetNextDesc
 .text.USBD_GetEpDesc
                0x080075f2       0x3e CMakeFiles/FOCModule.elf.dir/Middlewares/ST/STM32_USB_Device_Library/Core/Src/usbd_core.c.obj
                0x080075f2                USBD_GetEpDesc
 .text.USBD_GetLen
                0x08007630       0x14 CMakeFiles/FOCModule.elf.dir/Middlewares/ST/STM32_USB_Device_Library/Core/Src/usbd_ctlreq.c.obj
 .text.USBD_ParseSetupRequest
                0x08007644       0x28 CMakeFiles/FOCModule.elf.dir/Middlewares/ST/STM32_USB_Device_Library/Core/Src/usbd_ctlreq.c.obj
                0x08007644                USBD_ParseSetupRequest
 .text.USBD_CtlError
                0x0800766c       0x14 CMakeFiles/FOCModule.elf.dir/Middlewares/ST/STM32_USB_Device_Library/Core/Src/usbd_ctlreq.c.obj
                0x0800766c                USBD_CtlError
 .text.USBD_GetDescriptor
                0x08007680      0x18a CMakeFiles/FOCModule.elf.dir/Middlewares/ST/STM32_USB_Device_Library/Core/Src/usbd_ctlreq.c.obj
 .text.USBD_SetAddress
                0x0800780a       0x50 CMakeFiles/FOCModule.elf.dir/Middlewares/ST/STM32_USB_Device_Library/Core/Src/usbd_ctlreq.c.obj
 *fill*         0x0800785a        0x2 
 .text.USBD_SetConfig
                0x0800785c       0xcc CMakeFiles/FOCModule.elf.dir/Middlewares/ST/STM32_USB_Device_Library/Core/Src/usbd_ctlreq.c.obj
 .text.USBD_GetConfig
                0x08007928       0x40 CMakeFiles/FOCModule.elf.dir/Middlewares/ST/STM32_USB_Device_Library/Core/Src/usbd_ctlreq.c.obj
 .text.USBD_GetStatus
                0x08007968       0x38 CMakeFiles/FOCModule.elf.dir/Middlewares/ST/STM32_USB_Device_Library/Core/Src/usbd_ctlreq.c.obj
 .text.USBD_SetFeature
                0x080079a0       0x2a CMakeFiles/FOCModule.elf.dir/Middlewares/ST/STM32_USB_Device_Library/Core/Src/usbd_ctlreq.c.obj
 .text.USBD_ClrFeature
                0x080079ca       0x26 CMakeFiles/FOCModule.elf.dir/Middlewares/ST/STM32_USB_Device_Library/Core/Src/usbd_ctlreq.c.obj
 .text.USBD_StdDevReq
                0x080079f0       0x76 CMakeFiles/FOCModule.elf.dir/Middlewares/ST/STM32_USB_Device_Library/Core/Src/usbd_ctlreq.c.obj
                0x080079f0                USBD_StdDevReq
 .text.USBD_StdItfReq
                0x08007a66       0x84 CMakeFiles/FOCModule.elf.dir/Middlewares/ST/STM32_USB_Device_Library/Core/Src/usbd_ctlreq.c.obj
                0x08007a66                USBD_StdItfReq
 .text.USBD_StdEPReq
                0x08007aea      0x230 CMakeFiles/FOCModule.elf.dir/Middlewares/ST/STM32_USB_Device_Library/Core/Src/usbd_ctlreq.c.obj
                0x08007aea                USBD_StdEPReq
 .text.USBD_GetString
                0x08007d1a       0x3a CMakeFiles/FOCModule.elf.dir/Middlewares/ST/STM32_USB_Device_Library/Core/Src/usbd_ctlreq.c.obj
                0x08007d1a                USBD_GetString
 .text.USBD_CtlSendData
                0x08007d54       0x1a CMakeFiles/FOCModule.elf.dir/Middlewares/ST/STM32_USB_Device_Library/Core/Src/usbd_ioreq.c.obj
                0x08007d54                USBD_CtlSendData
 .text.USBD_CtlContinueSendData
                0x08007d6e       0x10 CMakeFiles/FOCModule.elf.dir/Middlewares/ST/STM32_USB_Device_Library/Core/Src/usbd_ioreq.c.obj
                0x08007d6e                USBD_CtlContinueSendData
 .text.USBD_CtlPrepareRx
                0x08007d7e       0x1e CMakeFiles/FOCModule.elf.dir/Middlewares/ST/STM32_USB_Device_Library/Core/Src/usbd_ioreq.c.obj
                0x08007d7e                USBD_CtlPrepareRx
 .text.USBD_CtlContinueRx
                0x08007d9c       0x10 CMakeFiles/FOCModule.elf.dir/Middlewares/ST/STM32_USB_Device_Library/Core/Src/usbd_ioreq.c.obj
                0x08007d9c                USBD_CtlContinueRx
 .text.USBD_CtlSendStatus
                0x08007dac       0x16 CMakeFiles/FOCModule.elf.dir/Middlewares/ST/STM32_USB_Device_Library/Core/Src/usbd_ioreq.c.obj
                0x08007dac                USBD_CtlSendStatus
 .text.USBD_CtlReceiveStatus
                0x08007dc2       0x16 CMakeFiles/FOCModule.elf.dir/Middlewares/ST/STM32_USB_Device_Library/Core/Src/usbd_ioreq.c.obj
                0x08007dc2                USBD_CtlReceiveStatus
 .text.MX_USB_DEVICE_Init
                0x08007dd8       0x54 CMakeFiles/FOCModule.elf.dir/USB_DEVICE/App/usb_device.c.obj
                0x08007dd8                MX_USB_DEVICE_Init
 .text.CDC_DeInit_FS
                0x08007e2c        0x4 CMakeFiles/FOCModule.elf.dir/USB_DEVICE/App/usbd_cdc_if.c.obj
 .text.CDC_Control_FS
                0x08007e30        0x4 CMakeFiles/FOCModule.elf.dir/USB_DEVICE/App/usbd_cdc_if.c.obj
 .text.CDC_TransmitCplt_FS
                0x08007e34        0x4 CMakeFiles/FOCModule.elf.dir/USB_DEVICE/App/usbd_cdc_if.c.obj
 .text.CDC_Receive_FS
                0x08007e38       0x20 CMakeFiles/FOCModule.elf.dir/USB_DEVICE/App/usbd_cdc_if.c.obj
 .text.CDC_Init_FS
                0x08007e58       0x28 CMakeFiles/FOCModule.elf.dir/USB_DEVICE/App/usbd_cdc_if.c.obj
 .text.CDC_Transmit_FS
                0x08007e80       0x2c CMakeFiles/FOCModule.elf.dir/USB_DEVICE/App/usbd_cdc_if.c.obj
                0x08007e80                CDC_Transmit_FS
 .text.CDC_printf
                0x08007eac       0x30 CMakeFiles/FOCModule.elf.dir/USB_DEVICE/App/usbd_cdc_if.c.obj
                0x08007eac                CDC_printf
 .text.USBD_FS_DeviceDescriptor
                0x08007edc        0xc CMakeFiles/FOCModule.elf.dir/USB_DEVICE/App/usbd_desc.c.obj
                0x08007edc                USBD_FS_DeviceDescriptor
 .text.USBD_FS_LangIDStrDescriptor
                0x08007ee8        0xc CMakeFiles/FOCModule.elf.dir/USB_DEVICE/App/usbd_desc.c.obj
                0x08007ee8                USBD_FS_LangIDStrDescriptor
 .text.IntToUnicode
                0x08007ef4       0x46 CMakeFiles/FOCModule.elf.dir/USB_DEVICE/App/usbd_desc.c.obj
 *fill*         0x08007f3a        0x2 
 .text.Get_SerialNum
                0x08007f3c       0x38 CMakeFiles/FOCModule.elf.dir/USB_DEVICE/App/usbd_desc.c.obj
 .text.USBD_FS_SerialStrDescriptor
                0x08007f74       0x14 CMakeFiles/FOCModule.elf.dir/USB_DEVICE/App/usbd_desc.c.obj
                0x08007f74                USBD_FS_SerialStrDescriptor
 .text.USBD_FS_ProductStrDescriptor
                0x08007f88       0x24 CMakeFiles/FOCModule.elf.dir/USB_DEVICE/App/usbd_desc.c.obj
                0x08007f88                USBD_FS_ProductStrDescriptor
 .text.USBD_FS_ManufacturerStrDescriptor
                0x08007fac       0x1c CMakeFiles/FOCModule.elf.dir/USB_DEVICE/App/usbd_desc.c.obj
                0x08007fac                USBD_FS_ManufacturerStrDescriptor
 .text.USBD_FS_ConfigStrDescriptor
                0x08007fc8       0x24 CMakeFiles/FOCModule.elf.dir/USB_DEVICE/App/usbd_desc.c.obj
                0x08007fc8                USBD_FS_ConfigStrDescriptor
 .text.USBD_FS_InterfaceStrDescriptor
                0x08007fec       0x24 CMakeFiles/FOCModule.elf.dir/USB_DEVICE/App/usbd_desc.c.obj
                0x08007fec                USBD_FS_InterfaceStrDescriptor
 .text.HAL_PCD_MspInit
                0x08008010       0x84 CMakeFiles/FOCModule.elf.dir/USB_DEVICE/Target/usbd_conf.c.obj
                0x08008010                HAL_PCD_MspInit
 .text.HAL_PCD_SetupStageCallback
                0x08008094       0x10 CMakeFiles/FOCModule.elf.dir/USB_DEVICE/Target/usbd_conf.c.obj
                0x08008094                HAL_PCD_SetupStageCallback
 .text.HAL_PCD_DataOutStageCallback
                0x080080a4       0x18 CMakeFiles/FOCModule.elf.dir/USB_DEVICE/Target/usbd_conf.c.obj
                0x080080a4                HAL_PCD_DataOutStageCallback
 .text.HAL_PCD_DataInStageCallback
                0x080080bc       0x16 CMakeFiles/FOCModule.elf.dir/USB_DEVICE/Target/usbd_conf.c.obj
                0x080080bc                HAL_PCD_DataInStageCallback
 .text.HAL_PCD_SOFCallback
                0x080080d2        0xc CMakeFiles/FOCModule.elf.dir/USB_DEVICE/Target/usbd_conf.c.obj
                0x080080d2                HAL_PCD_SOFCallback
 .text.HAL_PCD_ResetCallback
                0x080080de       0x2c CMakeFiles/FOCModule.elf.dir/USB_DEVICE/Target/usbd_conf.c.obj
                0x080080de                HAL_PCD_ResetCallback
 *fill*         0x0800810a        0x2 
 .text.HAL_PCD_SuspendCallback
                0x0800810c       0x30 CMakeFiles/FOCModule.elf.dir/USB_DEVICE/Target/usbd_conf.c.obj
                0x0800810c                HAL_PCD_SuspendCallback
 .text.HAL_PCD_ResumeCallback
                0x0800813c        0xc CMakeFiles/FOCModule.elf.dir/USB_DEVICE/Target/usbd_conf.c.obj
                0x0800813c                HAL_PCD_ResumeCallback
 .text.HAL_PCD_ISOOUTIncompleteCallback
                0x08008148        0xc CMakeFiles/FOCModule.elf.dir/USB_DEVICE/Target/usbd_conf.c.obj
                0x08008148                HAL_PCD_ISOOUTIncompleteCallback
 .text.HAL_PCD_ISOINIncompleteCallback
                0x08008154        0xc CMakeFiles/FOCModule.elf.dir/USB_DEVICE/Target/usbd_conf.c.obj
                0x08008154                HAL_PCD_ISOINIncompleteCallback
 .text.HAL_PCD_ConnectCallback
                0x08008160        0xc CMakeFiles/FOCModule.elf.dir/USB_DEVICE/Target/usbd_conf.c.obj
                0x08008160                HAL_PCD_ConnectCallback
 .text.HAL_PCD_DisconnectCallback
                0x0800816c        0xc CMakeFiles/FOCModule.elf.dir/USB_DEVICE/Target/usbd_conf.c.obj
                0x0800816c                HAL_PCD_DisconnectCallback
 .text.USBD_LL_Init
                0x08008178       0x68 CMakeFiles/FOCModule.elf.dir/USB_DEVICE/Target/usbd_conf.c.obj
                0x08008178                USBD_LL_Init
 .text.USBD_LL_IsStallEP
                0x080081e0       0x2e CMakeFiles/FOCModule.elf.dir/USB_DEVICE/Target/usbd_conf.c.obj
                0x080081e0                USBD_LL_IsStallEP
 .text.USBD_LL_GetRxDataSize
                0x0800820e        0xc CMakeFiles/FOCModule.elf.dir/USB_DEVICE/Target/usbd_conf.c.obj
                0x0800820e                USBD_LL_GetRxDataSize
 *fill*         0x0800821a        0x2 
 .text.USBD_static_malloc
                0x0800821c        0x8 CMakeFiles/FOCModule.elf.dir/USB_DEVICE/Target/usbd_conf.c.obj
                0x0800821c                USBD_static_malloc
 .text.USBD_static_free
                0x08008224        0x2 CMakeFiles/FOCModule.elf.dir/USB_DEVICE/Target/usbd_conf.c.obj
                0x08008224                USBD_static_free
 .text.USBD_Get_USB_Status
                0x08008226       0x14 CMakeFiles/FOCModule.elf.dir/USB_DEVICE/Target/usbd_conf.c.obj
                0x08008226                USBD_Get_USB_Status
 .text.USBD_LL_Start
                0x0800823a       0x10 CMakeFiles/FOCModule.elf.dir/USB_DEVICE/Target/usbd_conf.c.obj
                0x0800823a                USBD_LL_Start
 .text.USBD_LL_OpenEP
                0x0800824a       0x16 CMakeFiles/FOCModule.elf.dir/USB_DEVICE/Target/usbd_conf.c.obj
                0x0800824a                USBD_LL_OpenEP
 .text.USBD_LL_CloseEP
                0x08008260       0x10 CMakeFiles/FOCModule.elf.dir/USB_DEVICE/Target/usbd_conf.c.obj
                0x08008260                USBD_LL_CloseEP
 .text.USBD_LL_StallEP
                0x08008270       0x10 CMakeFiles/FOCModule.elf.dir/USB_DEVICE/Target/usbd_conf.c.obj
                0x08008270                USBD_LL_StallEP
 .text.USBD_LL_ClearStallEP
                0x08008280       0x10 CMakeFiles/FOCModule.elf.dir/USB_DEVICE/Target/usbd_conf.c.obj
                0x08008280                USBD_LL_ClearStallEP
 .text.USBD_LL_SetUSBAddress
                0x08008290       0x10 CMakeFiles/FOCModule.elf.dir/USB_DEVICE/Target/usbd_conf.c.obj
                0x08008290                USBD_LL_SetUSBAddress
 .text.USBD_LL_Transmit
                0x080082a0       0x10 CMakeFiles/FOCModule.elf.dir/USB_DEVICE/Target/usbd_conf.c.obj
                0x080082a0                USBD_LL_Transmit
 .text.USBD_LL_PrepareReceive
                0x080082b0       0x10 CMakeFiles/FOCModule.elf.dir/USB_DEVICE/Target/usbd_conf.c.obj
                0x080082b0                USBD_LL_PrepareReceive
 .text.arm_sin_f32
                0x080082c0       0x8c D:\Projects\FOCModule\Firmware\FOCModule\Middlewares\ST\ARM\DSP\Lib\libarm_cortexM4lf_math.a(arm_sin_f32.o)
                0x080082c0                arm_sin_f32
 .text.arm_cos_f32
                0x0800834c       0x94 D:\Projects\FOCModule\Firmware\FOCModule\Middlewares\ST\ARM\DSP\Lib\libarm_cortexM4lf_math.a(arm_cos_f32.o)
                0x0800834c                arm_cos_f32
 .text.__errno  0x080083e0        0xc c:/tools/gcc-arm-none-eabi-10.3-2021.07/bin/../lib/gcc/arm-none-eabi/10.3.1/../../../../arm-none-eabi/lib/thumb/v7e-m+fp/hard\libg.a(lib_a-errno.o)
                0x080083e0                __errno
 .text.__libc_init_array
                0x080083ec       0x48 c:/tools/gcc-arm-none-eabi-10.3-2021.07/bin/../lib/gcc/arm-none-eabi/10.3.1/../../../../arm-none-eabi/lib/thumb/v7e-m+fp/hard\libg.a(lib_a-init.o)
                0x080083ec                __libc_init_array
 .text.memset   0x08008434       0xa4 c:/tools/gcc-arm-none-eabi-10.3-2021.07/bin/../lib/gcc/arm-none-eabi/10.3.1/../../../../arm-none-eabi/lib/thumb/v7e-m+fp/hard\libg.a(lib_a-memset.o)
                0x08008434                memset
 .text.strcpy   0x080084d8       0xbc c:/tools/gcc-arm-none-eabi-10.3-2021.07/bin/../lib/gcc/arm-none-eabi/10.3.1/../../../../arm-none-eabi/lib/thumb/v7e-m+fp/hard\libg.a(lib_a-strcpy.o)
                0x080084d8                strcpy
 *fill*         0x08008594        0x4 
 .text._strtod_l
                0x08008598      0xf50 c:/tools/gcc-arm-none-eabi-10.3-2021.07/bin/../lib/gcc/arm-none-eabi/10.3.1/../../../../arm-none-eabi/lib/thumb/v7e-m+fp/hard\libg.a(lib_a-strtod.o)
                0x08008598                _strtod_l
 .text.strtof   0x080094e8       0xb8 c:/tools/gcc-arm-none-eabi-10.3-2021.07/bin/../lib/gcc/arm-none-eabi/10.3.1/../../../../arm-none-eabi/lib/thumb/v7e-m+fp/hard\libg.a(lib_a-strtod.o)
                0x080094e8                strtof
 .text.strtok   0x080095a0       0x10 c:/tools/gcc-arm-none-eabi-10.3-2021.07/bin/../lib/gcc/arm-none-eabi/10.3.1/../../../../arm-none-eabi/lib/thumb/v7e-m+fp/hard\libg.a(lib_a-strtok.o)
                0x080095a0                strtok
 .text.__strtok_r
                0x080095b0       0x64 c:/tools/gcc-arm-none-eabi-10.3-2021.07/bin/../lib/gcc/arm-none-eabi/10.3.1/../../../../arm-none-eabi/lib/thumb/v7e-m+fp/hard\libg.a(lib_a-strtok_r.o)
                0x080095b0                __strtok_r
 .text.vsnprintf
                0x08009614       0x70 c:/tools/gcc-arm-none-eabi-10.3-2021.07/bin/../lib/gcc/arm-none-eabi/10.3.1/../../../../arm-none-eabi/lib/thumb/v7e-m+fp/hard\libg.a(lib_a-vsnprintf.o)
                0x08009614                vsnprintf
 .text.startup.register_fini
                0x08009684       0x14 c:/tools/gcc-arm-none-eabi-10.3-2021.07/bin/../lib/gcc/arm-none-eabi/10.3.1/../../../../arm-none-eabi/lib/thumb/v7e-m+fp/hard\libg.a(lib_a-__call_atexit.o)
 .text.atexit   0x08009698        0xc c:/tools/gcc-arm-none-eabi-10.3-2021.07/bin/../lib/gcc/arm-none-eabi/10.3.1/../../../../arm-none-eabi/lib/thumb/v7e-m+fp/hard\libg.a(lib_a-atexit.o)
                0x08009698                atexit
 .text.__libc_fini_array
                0x080096a4       0x2c c:/tools/gcc-arm-none-eabi-10.3-2021.07/bin/../lib/gcc/arm-none-eabi/10.3.1/../../../../arm-none-eabi/lib/thumb/v7e-m+fp/hard\libg.a(lib_a-fini.o)
                0x080096a4                __libc_fini_array
 .text.rshift   0x080096d0       0xa4 c:/tools/gcc-arm-none-eabi-10.3-2021.07/bin/../lib/gcc/arm-none-eabi/10.3.1/../../../../arm-none-eabi/lib/thumb/v7e-m+fp/hard\libg.a(lib_a-gdtoa-gethex.o)
 .text.__gethex
                0x08009774      0x5d8 c:/tools/gcc-arm-none-eabi-10.3-2021.07/bin/../lib/gcc/arm-none-eabi/10.3.1/../../../../arm-none-eabi/lib/thumb/v7e-m+fp/hard\libg.a(lib_a-gdtoa-gethex.o)
                0x08009774                __gethex
 .text.__match  0x08009d4c       0x38 c:/tools/gcc-arm-none-eabi-10.3-2021.07/bin/../lib/gcc/arm-none-eabi/10.3.1/../../../../arm-none-eabi/lib/thumb/v7e-m+fp/hard\libg.a(lib_a-gdtoa-hexnan.o)
                0x08009d4c                __match
 .text.__hexnan
                0x08009d84      0x1ac c:/tools/gcc-arm-none-eabi-10.3-2021.07/bin/../lib/gcc/arm-none-eabi/10.3.1/../../../../arm-none-eabi/lib/thumb/v7e-m+fp/hard\libg.a(lib_a-gdtoa-hexnan.o)
                0x08009d84                __hexnan
 .text.__locale_mb_cur_max
                0x08009f30        0xc c:/tools/gcc-arm-none-eabi-10.3-2021.07/bin/../lib/gcc/arm-none-eabi/10.3.1/../../../../arm-none-eabi/lib/thumb/v7e-m+fp/hard\libg.a(lib_a-locale.o)
                0x08009f30                __locale_mb_cur_max
 .text.__retarget_lock_init_recursive
                0x08009f3c        0x4 c:/tools/gcc-arm-none-eabi-10.3-2021.07/bin/../lib/gcc/arm-none-eabi/10.3.1/../../../../arm-none-eabi/lib/thumb/v7e-m+fp/hard\libg.a(lib_a-lock.o)
                0x08009f3c                __retarget_lock_init_recursive
 .text.__retarget_lock_close_recursive
                0x08009f40        0x4 c:/tools/gcc-arm-none-eabi-10.3-2021.07/bin/../lib/gcc/arm-none-eabi/10.3.1/../../../../arm-none-eabi/lib/thumb/v7e-m+fp/hard\libg.a(lib_a-lock.o)
                0x08009f40                __retarget_lock_close_recursive
 .text.__retarget_lock_acquire_recursive
                0x08009f44        0x4 c:/tools/gcc-arm-none-eabi-10.3-2021.07/bin/../lib/gcc/arm-none-eabi/10.3.1/../../../../arm-none-eabi/lib/thumb/v7e-m+fp/hard\libg.a(lib_a-lock.o)
                0x08009f44                __retarget_lock_acquire_recursive
 .text.__retarget_lock_release_recursive
                0x08009f48        0x4 c:/tools/gcc-arm-none-eabi-10.3-2021.07/bin/../lib/gcc/arm-none-eabi/10.3.1/../../../../arm-none-eabi/lib/thumb/v7e-m+fp/hard\libg.a(lib_a-lock.o)
                0x08009f48                __retarget_lock_release_recursive
 .text.__ascii_mbtowc
                0x08009f4c       0x2c c:/tools/gcc-arm-none-eabi-10.3-2021.07/bin/../lib/gcc/arm-none-eabi/10.3.1/../../../../arm-none-eabi/lib/thumb/v7e-m+fp/hard\libg.a(lib_a-mbtowc_r.o)
                0x08009f4c                __ascii_mbtowc
 .text._Balloc  0x08009f78       0x4c c:/tools/gcc-arm-none-eabi-10.3-2021.07/bin/../lib/gcc/arm-none-eabi/10.3.1/../../../../arm-none-eabi/lib/thumb/v7e-m+fp/hard\libg.a(lib_a-mprec.o)
                0x08009f78                _Balloc
 .text._Bfree   0x08009fc4       0x14 c:/tools/gcc-arm-none-eabi-10.3-2021.07/bin/../lib/gcc/arm-none-eabi/10.3.1/../../../../arm-none-eabi/lib/thumb/v7e-m+fp/hard\libg.a(lib_a-mprec.o)
                0x08009fc4                _Bfree
 .text.__multadd
                0x08009fd8       0xa8 c:/tools/gcc-arm-none-eabi-10.3-2021.07/bin/../lib/gcc/arm-none-eabi/10.3.1/../../../../arm-none-eabi/lib/thumb/v7e-m+fp/hard\libg.a(lib_a-mprec.o)
                0x08009fd8                __multadd
 .text.__s2b    0x0800a080       0xb4 c:/tools/gcc-arm-none-eabi-10.3-2021.07/bin/../lib/gcc/arm-none-eabi/10.3.1/../../../../arm-none-eabi/lib/thumb/v7e-m+fp/hard\libg.a(lib_a-mprec.o)
                0x0800a080                __s2b
 .text.__hi0bits
                0x0800a134       0x40 c:/tools/gcc-arm-none-eabi-10.3-2021.07/bin/../lib/gcc/arm-none-eabi/10.3.1/../../../../arm-none-eabi/lib/thumb/v7e-m+fp/hard\libg.a(lib_a-mprec.o)
                0x0800a134                __hi0bits
 .text.__lo0bits
                0x0800a174       0x60 c:/tools/gcc-arm-none-eabi-10.3-2021.07/bin/../lib/gcc/arm-none-eabi/10.3.1/../../../../arm-none-eabi/lib/thumb/v7e-m+fp/hard\libg.a(lib_a-mprec.o)
                0x0800a174                __lo0bits
 .text.__i2b    0x0800a1d4       0x5c c:/tools/gcc-arm-none-eabi-10.3-2021.07/bin/../lib/gcc/arm-none-eabi/10.3.1/../../../../arm-none-eabi/lib/thumb/v7e-m+fp/hard\libg.a(lib_a-mprec.o)
                0x0800a1d4                __i2b
 .text.__multiply
                0x0800a230      0x15c c:/tools/gcc-arm-none-eabi-10.3-2021.07/bin/../lib/gcc/arm-none-eabi/10.3.1/../../../../arm-none-eabi/lib/thumb/v7e-m+fp/hard\libg.a(lib_a-mprec.o)
                0x0800a230                __multiply
 .text.__pow5mult
                0x0800a38c       0xc0 c:/tools/gcc-arm-none-eabi-10.3-2021.07/bin/../lib/gcc/arm-none-eabi/10.3.1/../../../../arm-none-eabi/lib/thumb/v7e-m+fp/hard\libg.a(lib_a-mprec.o)
                0x0800a38c                __pow5mult
 .text.__lshift
                0x0800a44c       0xf0 c:/tools/gcc-arm-none-eabi-10.3-2021.07/bin/../lib/gcc/arm-none-eabi/10.3.1/../../../../arm-none-eabi/lib/thumb/v7e-m+fp/hard\libg.a(lib_a-mprec.o)
                0x0800a44c                __lshift
 .text.__mcmp   0x0800a53c       0x44 c:/tools/gcc-arm-none-eabi-10.3-2021.07/bin/../lib/gcc/arm-none-eabi/10.3.1/../../../../arm-none-eabi/lib/thumb/v7e-m+fp/hard\libg.a(lib_a-mprec.o)
                0x0800a53c                __mcmp
 .text.__mdiff  0x0800a580      0x14c c:/tools/gcc-arm-none-eabi-10.3-2021.07/bin/../lib/gcc/arm-none-eabi/10.3.1/../../../../arm-none-eabi/lib/thumb/v7e-m+fp/hard\libg.a(lib_a-mprec.o)
                0x0800a580                __mdiff
 .text.__ulp    0x0800a6cc       0x60 c:/tools/gcc-arm-none-eabi-10.3-2021.07/bin/../lib/gcc/arm-none-eabi/10.3.1/../../../../arm-none-eabi/lib/thumb/v7e-m+fp/hard\libg.a(lib_a-mprec.o)
                0x0800a6cc                __ulp
 .text.__b2d    0x0800a72c       0xc0 c:/tools/gcc-arm-none-eabi-10.3-2021.07/bin/../lib/gcc/arm-none-eabi/10.3.1/../../../../arm-none-eabi/lib/thumb/v7e-m+fp/hard\libg.a(lib_a-mprec.o)
                0x0800a72c                __b2d
 .text.__d2b    0x0800a7ec       0xd0 c:/tools/gcc-arm-none-eabi-10.3-2021.07/bin/../lib/gcc/arm-none-eabi/10.3.1/../../../../arm-none-eabi/lib/thumb/v7e-m+fp/hard\libg.a(lib_a-mprec.o)
                0x0800a7ec                __d2b
 .text.__ratio  0x0800a8bc       0x5c c:/tools/gcc-arm-none-eabi-10.3-2021.07/bin/../lib/gcc/arm-none-eabi/10.3.1/../../../../arm-none-eabi/lib/thumb/v7e-m+fp/hard\libg.a(lib_a-mprec.o)
                0x0800a8bc                __ratio
 .text.__copybits
                0x0800a918       0x5c c:/tools/gcc-arm-none-eabi-10.3-2021.07/bin/../lib/gcc/arm-none-eabi/10.3.1/../../../../arm-none-eabi/lib/thumb/v7e-m+fp/hard\libg.a(lib_a-mprec.o)
                0x0800a918                __copybits
 .text.__any_on
                0x0800a974       0x64 c:/tools/gcc-arm-none-eabi-10.3-2021.07/bin/../lib/gcc/arm-none-eabi/10.3.1/../../../../arm-none-eabi/lib/thumb/v7e-m+fp/hard\libg.a(lib_a-mprec.o)
                0x0800a974                __any_on
 .text.nan      0x0800a9d8       0x10 c:/tools/gcc-arm-none-eabi-10.3-2021.07/bin/../lib/gcc/arm-none-eabi/10.3.1/../../../../arm-none-eabi/lib/thumb/v7e-m+fp/hard\libg.a(lib_a-s_nan.o)
                0x0800a9d8                nan
 .text.nanf     0x0800a9e8        0xc c:/tools/gcc-arm-none-eabi-10.3-2021.07/bin/../lib/gcc/arm-none-eabi/10.3.1/../../../../arm-none-eabi/lib/thumb/v7e-m+fp/hard\libg.a(lib_a-sf_nan.o)
                0x0800a9e8                nanf
 .text.strncmp  0x0800a9f4       0x80 c:/tools/gcc-arm-none-eabi-10.3-2021.07/bin/../lib/gcc/arm-none-eabi/10.3.1/../../../../arm-none-eabi/lib/thumb/v7e-m+fp/hard\libg.a(lib_a-strncmp.o)
                0x0800a9f4                strncmp
 *fill*         0x0800aa74        0x4 
 .text._svfprintf_r
                0x0800aa78     0x1acc c:/tools/gcc-arm-none-eabi-10.3-2021.07/bin/../lib/gcc/arm-none-eabi/10.3.1/../../../../arm-none-eabi/lib/thumb/v7e-m+fp/hard\libg.a(lib_a-svfprintf.o)
                0x0800aa78                _svfprintf_r
 .text.__ascii_wctomb
                0x0800c544       0x1c c:/tools/gcc-arm-none-eabi-10.3-2021.07/bin/../lib/gcc/arm-none-eabi/10.3.1/../../../../arm-none-eabi/lib/thumb/v7e-m+fp/hard\libg.a(lib_a-wctomb_r.o)
                0x0800c544                __ascii_wctomb
 .text.__register_exitproc
                0x0800c560       0x8c c:/tools/gcc-arm-none-eabi-10.3-2021.07/bin/../lib/gcc/arm-none-eabi/10.3.1/../../../../arm-none-eabi/lib/thumb/v7e-m+fp/hard\libg.a(lib_a-__atexit.o)
                0x0800c560                __register_exitproc
 .text.__assert_func
                0x0800c5ec       0x40 c:/tools/gcc-arm-none-eabi-10.3-2021.07/bin/../lib/gcc/arm-none-eabi/10.3.1/../../../../arm-none-eabi/lib/thumb/v7e-m+fp/hard\libg.a(lib_a-assert.o)
                0x0800c5ec                __assert_func
 .text._calloc_r
                0x0800c62c       0x78 c:/tools/gcc-arm-none-eabi-10.3-2021.07/bin/../lib/gcc/arm-none-eabi/10.3.1/../../../../arm-none-eabi/lib/thumb/v7e-m+fp/hard\libg.a(lib_a-callocr.o)
                0x0800c62c                _calloc_r
 .text.quorem   0x0800c6a4      0x128 c:/tools/gcc-arm-none-eabi-10.3-2021.07/bin/../lib/gcc/arm-none-eabi/10.3.1/../../../../arm-none-eabi/lib/thumb/v7e-m+fp/hard\libg.a(lib_a-dtoa.o)
 *fill*         0x0800c7cc        0x4 
 .text._dtoa_r  0x0800c7d0      0xf3c c:/tools/gcc-arm-none-eabi-10.3-2021.07/bin/../lib/gcc/arm-none-eabi/10.3.1/../../../../arm-none-eabi/lib/thumb/v7e-m+fp/hard\libg.a(lib_a-dtoa.o)
                0x0800c7d0                _dtoa_r
 .text.fiprintf
                0x0800d70c       0x28 c:/tools/gcc-arm-none-eabi-10.3-2021.07/bin/../lib/gcc/arm-none-eabi/10.3.1/../../../../arm-none-eabi/lib/thumb/v7e-m+fp/hard\libg.a(lib_a-fiprintf.o)
                0x0800d70c                fiprintf
 .text._malloc_trim_r
                0x0800d734       0xa0 c:/tools/gcc-arm-none-eabi-10.3-2021.07/bin/../lib/gcc/arm-none-eabi/10.3.1/../../../../arm-none-eabi/lib/thumb/v7e-m+fp/hard\libg.a(lib_a-freer.o)
                0x0800d734                _malloc_trim_r
 .text._free_r  0x0800d7d4      0x20c c:/tools/gcc-arm-none-eabi-10.3-2021.07/bin/../lib/gcc/arm-none-eabi/10.3.1/../../../../arm-none-eabi/lib/thumb/v7e-m+fp/hard\libg.a(lib_a-freer.o)
                0x0800d7d4                _free_r
 .text._localeconv_r
                0x0800d9e0        0x8 c:/tools/gcc-arm-none-eabi-10.3-2021.07/bin/../lib/gcc/arm-none-eabi/10.3.1/../../../../arm-none-eabi/lib/thumb/v7e-m+fp/hard\libg.a(lib_a-localeconv.o)
                0x0800d9e0                _localeconv_r
 .text._malloc_r
                0x0800d9e8      0x560 c:/tools/gcc-arm-none-eabi-10.3-2021.07/bin/../lib/gcc/arm-none-eabi/10.3.1/../../../../arm-none-eabi/lib/thumb/v7e-m+fp/hard\libg.a(lib_a-mallocr.o)
                0x0800d9e8                _malloc_r
 .text.__malloc_lock
                0x0800df48        0xc c:/tools/gcc-arm-none-eabi-10.3-2021.07/bin/../lib/gcc/arm-none-eabi/10.3.1/../../../../arm-none-eabi/lib/thumb/v7e-m+fp/hard\libg.a(lib_a-mlock.o)
                0x0800df48                __malloc_lock
 .text.__malloc_unlock
                0x0800df54        0xc c:/tools/gcc-arm-none-eabi-10.3-2021.07/bin/../lib/gcc/arm-none-eabi/10.3.1/../../../../arm-none-eabi/lib/thumb/v7e-m+fp/hard\libg.a(lib_a-mlock.o)
                0x0800df54                __malloc_unlock
 .text.frexp    0x0800df60       0x6c c:/tools/gcc-arm-none-eabi-10.3-2021.07/bin/../lib/gcc/arm-none-eabi/10.3.1/../../../../arm-none-eabi/lib/thumb/v7e-m+fp/hard\libg.a(lib_a-s_frexp.o)
                0x0800df60                frexp
 .text._sbrk_r  0x0800dfcc       0x24 c:/tools/gcc-arm-none-eabi-10.3-2021.07/bin/../lib/gcc/arm-none-eabi/10.3.1/../../../../arm-none-eabi/lib/thumb/v7e-m+fp/hard\libg.a(lib_a-sbrkr.o)
                0x0800dfcc                _sbrk_r
 .text.strncpy  0x0800dff0       0x64 c:/tools/gcc-arm-none-eabi-10.3-2021.07/bin/../lib/gcc/arm-none-eabi/10.3.1/../../../../arm-none-eabi/lib/thumb/v7e-m+fp/hard\libg.a(lib_a-strncpy.o)
                0x0800dff0                strncpy
 .text.__ssprint_r
                0x0800e054       0xf8 c:/tools/gcc-arm-none-eabi-10.3-2021.07/bin/../lib/gcc/arm-none-eabi/10.3.1/../../../../arm-none-eabi/lib/thumb/v7e-m+fp/hard\libg.a(lib_a-svfiprintf.o)
                0x0800e054                __ssprint_r
 .text.__sprint_r.part.0
                0x0800e14c       0x78 c:/tools/gcc-arm-none-eabi-10.3-2021.07/bin/../lib/gcc/arm-none-eabi/10.3.1/../../../../arm-none-eabi/lib/thumb/v7e-m+fp/hard\libg.a(lib_a-vfiprintf.o)
 .text._vfiprintf_r
                0x0800e1c4      0xdfc c:/tools/gcc-arm-none-eabi-10.3-2021.07/bin/../lib/gcc/arm-none-eabi/10.3.1/../../../../arm-none-eabi/lib/thumb/v7e-m+fp/hard\libg.a(lib_a-vfiprintf.o)
                0x0800e1c4                _vfiprintf_r
 .text.__sbprintf
                0x0800efc0       0x80 c:/tools/gcc-arm-none-eabi-10.3-2021.07/bin/../lib/gcc/arm-none-eabi/10.3.1/../../../../arm-none-eabi/lib/thumb/v7e-m+fp/hard\libg.a(lib_a-vfiprintf.o)
 .text.__swsetup_r
                0x0800f040       0xd4 c:/tools/gcc-arm-none-eabi-10.3-2021.07/bin/../lib/gcc/arm-none-eabi/10.3.1/../../../../arm-none-eabi/lib/thumb/v7e-m+fp/hard\libg.a(lib_a-wsetup.o)
                0x0800f040                __swsetup_r
 .text.abort    0x0800f114       0x10 c:/tools/gcc-arm-none-eabi-10.3-2021.07/bin/../lib/gcc/arm-none-eabi/10.3.1/../../../../arm-none-eabi/lib/thumb/v7e-m+fp/hard\libg.a(lib_a-abort.o)
                0x0800f114                abort
 .text.__sflush_r
                0x0800f124      0x130 c:/tools/gcc-arm-none-eabi-10.3-2021.07/bin/../lib/gcc/arm-none-eabi/10.3.1/../../../../arm-none-eabi/lib/thumb/v7e-m+fp/hard\libg.a(lib_a-fflush.o)
                0x0800f124                __sflush_r
 .text._fflush_r
                0x0800f254       0x5c c:/tools/gcc-arm-none-eabi-10.3-2021.07/bin/../lib/gcc/arm-none-eabi/10.3.1/../../../../arm-none-eabi/lib/thumb/v7e-m+fp/hard\libg.a(lib_a-fflush.o)
                0x0800f254                _fflush_r
 .text._cleanup_r
                0x0800f2b0        0xc c:/tools/gcc-arm-none-eabi-10.3-2021.07/bin/../lib/gcc/arm-none-eabi/10.3.1/../../../../arm-none-eabi/lib/thumb/v7e-m+fp/hard\libg.a(lib_a-findfp.o)
                0x0800f2b0                _cleanup_r
 .text.__sinit  0x0800f2bc      0x10c c:/tools/gcc-arm-none-eabi-10.3-2021.07/bin/../lib/gcc/arm-none-eabi/10.3.1/../../../../arm-none-eabi/lib/thumb/v7e-m+fp/hard\libg.a(lib_a-findfp.o)
                0x0800f2bc                __sinit
 .text.__sfp_lock_acquire
                0x0800f3c8        0xc c:/tools/gcc-arm-none-eabi-10.3-2021.07/bin/../lib/gcc/arm-none-eabi/10.3.1/../../../../arm-none-eabi/lib/thumb/v7e-m+fp/hard\libg.a(lib_a-findfp.o)
                0x0800f3c8                __sfp_lock_acquire
 .text.__sfp_lock_release
                0x0800f3d4        0xc c:/tools/gcc-arm-none-eabi-10.3-2021.07/bin/../lib/gcc/arm-none-eabi/10.3.1/../../../../arm-none-eabi/lib/thumb/v7e-m+fp/hard\libg.a(lib_a-findfp.o)
                0x0800f3d4                __sfp_lock_release
 .text.__fputwc
                0x0800f3e0       0xa8 c:/tools/gcc-arm-none-eabi-10.3-2021.07/bin/../lib/gcc/arm-none-eabi/10.3.1/../../../../arm-none-eabi/lib/thumb/v7e-m+fp/hard\libg.a(lib_a-fputwc.o)
                0x0800f3e0                __fputwc
 .text._fputwc_r
                0x0800f488       0x68 c:/tools/gcc-arm-none-eabi-10.3-2021.07/bin/../lib/gcc/arm-none-eabi/10.3.1/../../../../arm-none-eabi/lib/thumb/v7e-m+fp/hard\libg.a(lib_a-fputwc.o)
                0x0800f488                _fputwc_r
 .text.__sfvwrite_r
                0x0800f4f0      0x2f0 c:/tools/gcc-arm-none-eabi-10.3-2021.07/bin/../lib/gcc/arm-none-eabi/10.3.1/../../../../arm-none-eabi/lib/thumb/v7e-m+fp/hard\libg.a(lib_a-fvwrite.o)
                0x0800f4f0                __sfvwrite_r
 .text._fwalk_reent
                0x0800f7e0       0x48 c:/tools/gcc-arm-none-eabi-10.3-2021.07/bin/../lib/gcc/arm-none-eabi/10.3.1/../../../../arm-none-eabi/lib/thumb/v7e-m+fp/hard\libg.a(lib_a-fwalk.o)
                0x0800f7e0                _fwalk_reent
 .text.__smakebuf_r
                0x0800f828       0xe0 c:/tools/gcc-arm-none-eabi-10.3-2021.07/bin/../lib/gcc/arm-none-eabi/10.3.1/../../../../arm-none-eabi/lib/thumb/v7e-m+fp/hard\libg.a(lib_a-makebuf.o)
                0x0800f828                __smakebuf_r
 .text.memmove  0x0800f908       0xf8 c:/tools/gcc-arm-none-eabi-10.3-2021.07/bin/../lib/gcc/arm-none-eabi/10.3.1/../../../../arm-none-eabi/lib/thumb/v7e-m+fp/hard\libg.a(lib_a-memmove.o)
                0x0800f908                memmove
 .text._realloc_r
                0x0800fa00      0x3d8 c:/tools/gcc-arm-none-eabi-10.3-2021.07/bin/../lib/gcc/arm-none-eabi/10.3.1/../../../../arm-none-eabi/lib/thumb/v7e-m+fp/hard\libg.a(lib_a-reallocr.o)
                0x0800fa00                _realloc_r
 .text.raise    0x0800fdd8       0x5c c:/tools/gcc-arm-none-eabi-10.3-2021.07/bin/../lib/gcc/arm-none-eabi/10.3.1/../../../../arm-none-eabi/lib/thumb/v7e-m+fp/hard\libg.a(lib_a-signal.o)
                0x0800fdd8                raise
 .text._kill_r  0x0800fe34       0x2c c:/tools/gcc-arm-none-eabi-10.3-2021.07/bin/../lib/gcc/arm-none-eabi/10.3.1/../../../../arm-none-eabi/lib/thumb/v7e-m+fp/hard\libg.a(lib_a-signalr.o)
                0x0800fe34                _kill_r
 .text._getpid_r
                0x0800fe60        0x4 c:/tools/gcc-arm-none-eabi-10.3-2021.07/bin/../lib/gcc/arm-none-eabi/10.3.1/../../../../arm-none-eabi/lib/thumb/v7e-m+fp/hard\libg.a(lib_a-signalr.o)
                0x0800fe60                _getpid_r
 .text.__sread  0x0800fe64       0x24 c:/tools/gcc-arm-none-eabi-10.3-2021.07/bin/../lib/gcc/arm-none-eabi/10.3.1/../../../../arm-none-eabi/lib/thumb/v7e-m+fp/hard\libg.a(lib_a-stdio.o)
                0x0800fe64                __sread
 .text.__swrite
                0x0800fe88       0x40 c:/tools/gcc-arm-none-eabi-10.3-2021.07/bin/../lib/gcc/arm-none-eabi/10.3.1/../../../../arm-none-eabi/lib/thumb/v7e-m+fp/hard\libg.a(lib_a-stdio.o)
                0x0800fe88                __swrite
 .text.__sseek  0x0800fec8       0x20 c:/tools/gcc-arm-none-eabi-10.3-2021.07/bin/../lib/gcc/arm-none-eabi/10.3.1/../../../../arm-none-eabi/lib/thumb/v7e-m+fp/hard\libg.a(lib_a-stdio.o)
                0x0800fec8                __sseek
 .text.__sclose
                0x0800fee8        0x8 c:/tools/gcc-arm-none-eabi-10.3-2021.07/bin/../lib/gcc/arm-none-eabi/10.3.1/../../../../arm-none-eabi/lib/thumb/v7e-m+fp/hard\libg.a(lib_a-stdio.o)
                0x0800fee8                __sclose
 .text.__swbuf_r
                0x0800fef0       0xb0 c:/tools/gcc-arm-none-eabi-10.3-2021.07/bin/../lib/gcc/arm-none-eabi/10.3.1/../../../../arm-none-eabi/lib/thumb/v7e-m+fp/hard\libg.a(lib_a-wbuf.o)
                0x0800fef0                __swbuf_r
 .text._wcrtomb_r
                0x0800ffa0       0x3c c:/tools/gcc-arm-none-eabi-10.3-2021.07/bin/../lib/gcc/arm-none-eabi/10.3.1/../../../../arm-none-eabi/lib/thumb/v7e-m+fp/hard\libg.a(lib_a-wcrtomb.o)
                0x0800ffa0                _wcrtomb_r
 .text._write_r
                0x0800ffdc       0x2c c:/tools/gcc-arm-none-eabi-10.3-2021.07/bin/../lib/gcc/arm-none-eabi/10.3.1/../../../../arm-none-eabi/lib/thumb/v7e-m+fp/hard\libg.a(lib_a-writer.o)
                0x0800ffdc                _write_r
 .text._close_r
                0x08010008       0x24 c:/tools/gcc-arm-none-eabi-10.3-2021.07/bin/../lib/gcc/arm-none-eabi/10.3.1/../../../../arm-none-eabi/lib/thumb/v7e-m+fp/hard\libg.a(lib_a-closer.o)
                0x08010008                _close_r
 .text._fclose_r