Archive member included to satisfy reference by file (symbol)

D:\Projects\FOCModule\Firmware\FOCModule\Middlewares\ST\ARM\DSP\Lib\libarm_cortexM4lf_math.a(arm_sin_f32.o)
                              CMakeFiles/FOCModule.elf.dir/FOC/Src/FOC_core.c.obj (arm_sin_f32)
D:\Projects\FOCModule\Firmware\FOCModule\Middlewares\ST\ARM\DSP\Lib\libarm_cortexM4lf_math.a(arm_cos_f32.o)
                              CMakeFiles/FOCModule.elf.dir/FOC/Src/FOC_core.c.obj (arm_cos_f32)
D:\Projects\FOCModule\Firmware\FOCModule\Middlewares\ST\ARM\DSP\Lib\libarm_cortexM4lf_math.a(arm_common_tables.o)
                              D:\Projects\FOCModule\Firmware\FOCModule\Middlewares\ST\ARM\DSP\Lib\libarm_cortexM4lf_math.a(arm_sin_f32.o) (sinTable_f32)
c:/tools/gcc-arm-none-eabi-10.3-2021.07/bin/../lib/gcc/arm-none-eabi/10.3.1/thumb/v7e-m+fp/hard\libgcc.a(_arm_muldf3.o)
                              CMakeFiles/FOCModule.elf.dir/FOC/Src/FOC_PID.c.obj (__aeabi_dmul)
c:/tools/gcc-arm-none-eabi-10.3-2021.07/bin/../lib/gcc/arm-none-eabi/10.3.1/thumb/v7e-m+fp/hard\libgcc.a(_arm_addsubdf3.o)
                              CMakeFiles/FOCModule.elf.dir/FOC/Src/FOC_PID.c.obj (__aeabi_dadd)
c:/tools/gcc-arm-none-eabi-10.3-2021.07/bin/../lib/gcc/arm-none-eabi/10.3.1/thumb/v7e-m+fp/hard\libgcc.a(_arm_cmpdf2.o)
                              CMakeFiles/FOCModule.elf.dir/FOC/Src/FOC_PID.c.obj (__aeabi_dcmplt)
c:/tools/gcc-arm-none-eabi-10.3-2021.07/bin/../lib/gcc/arm-none-eabi/10.3.1/thumb/v7e-m+fp/hard\libgcc.a(_arm_truncdfsf2.o)
                              CMakeFiles/FOCModule.elf.dir/FOC/Src/FOC_PID.c.obj (__aeabi_d2f)
c:/tools/gcc-arm-none-eabi-10.3-2021.07/bin/../lib/gcc/arm-none-eabi/10.3.1/thumb/v7e-m+fp/hard\libgcc.a(_aeabi_uldivmod.o)
                              CMakeFiles/FOCModule.elf.dir/Drivers/STM32F4xx_HAL_Driver/Src/stm32f4xx_hal_rcc.c.obj (__aeabi_uldivmod)
c:/tools/gcc-arm-none-eabi-10.3-2021.07/bin/../lib/gcc/arm-none-eabi/10.3.1/thumb/v7e-m+fp/hard\libgcc.a(_udivmoddi4.o)
                              c:/tools/gcc-arm-none-eabi-10.3-2021.07/bin/../lib/gcc/arm-none-eabi/10.3.1/thumb/v7e-m+fp/hard\libgcc.a(_aeabi_uldivmod.o) (__udivmoddi4)
c:/tools/gcc-arm-none-eabi-10.3-2021.07/bin/../lib/gcc/arm-none-eabi/10.3.1/thumb/v7e-m+fp/hard\libgcc.a(_dvmd_tls.o)
                              c:/tools/gcc-arm-none-eabi-10.3-2021.07/bin/../lib/gcc/arm-none-eabi/10.3.1/thumb/v7e-m+fp/hard\libgcc.a(_aeabi_uldivmod.o) (__aeabi_ldiv0)
c:/tools/gcc-arm-none-eabi-10.3-2021.07/bin/../lib/gcc/arm-none-eabi/10.3.1/../../../../arm-none-eabi/lib/thumb/v7e-m+fp/hard\libg.a(lib_a-errno.o)
                              CMakeFiles/FOCModule.elf.dir/Core/Src/syscalls.c.obj (__errno)
c:/tools/gcc-arm-none-eabi-10.3-2021.07/bin/../lib/gcc/arm-none-eabi/10.3.1/../../../../arm-none-eabi/lib/thumb/v7e-m+fp/hard\libg.a(lib_a-exit.o)
                              c:/tools/gcc-arm-none-eabi-10.3-2021.07/bin/../lib/gcc/arm-none-eabi/10.3.1/../../../../arm-none-eabi/lib/thumb/v7e-m+fp/hard/crt0.o (exit)
c:/tools/gcc-arm-none-eabi-10.3-2021.07/bin/../lib/gcc/arm-none-eabi/10.3.1/../../../../arm-none-eabi/lib/thumb/v7e-m+fp/hard\libg.a(lib_a-impure.o)
                              c:/tools/gcc-arm-none-eabi-10.3-2021.07/bin/../lib/gcc/arm-none-eabi/10.3.1/../../../../arm-none-eabi/lib/thumb/v7e-m+fp/hard\libg.a(lib_a-exit.o) (_global_impure_ptr)
c:/tools/gcc-arm-none-eabi-10.3-2021.07/bin/../lib/gcc/arm-none-eabi/10.3.1/../../../../arm-none-eabi/lib/thumb/v7e-m+fp/hard\libg.a(lib_a-init.o)
                              c:/tools/gcc-arm-none-eabi-10.3-2021.07/bin/../lib/gcc/arm-none-eabi/10.3.1/../../../../arm-none-eabi/lib/thumb/v7e-m+fp/hard/crt0.o (__libc_init_array)
c:/tools/gcc-arm-none-eabi-10.3-2021.07/bin/../lib/gcc/arm-none-eabi/10.3.1/../../../../arm-none-eabi/lib/thumb/v7e-m+fp/hard\libg.a(lib_a-memset.o)
                              c:/tools/gcc-arm-none-eabi-10.3-2021.07/bin/../lib/gcc/arm-none-eabi/10.3.1/../../../../arm-none-eabi/lib/thumb/v7e-m+fp/hard/crt0.o (memset)
c:/tools/gcc-arm-none-eabi-10.3-2021.07/bin/../lib/gcc/arm-none-eabi/10.3.1/../../../../arm-none-eabi/lib/thumb/v7e-m+fp/hard\libg.a(lib_a-strcmp.o)
                              CMakeFiles/FOCModule.elf.dir/FOC/Src/FOC_comm.c.obj (strcmp)
c:/tools/gcc-arm-none-eabi-10.3-2021.07/bin/../lib/gcc/arm-none-eabi/10.3.1/../../../../arm-none-eabi/lib/thumb/v7e-m+fp/hard\libg.a(lib_a-strcpy.o)
                              CMakeFiles/FOCModule.elf.dir/FOC/Src/FOC_comm.c.obj (strcpy)
c:/tools/gcc-arm-none-eabi-10.3-2021.07/bin/../lib/gcc/arm-none-eabi/10.3.1/../../../../arm-none-eabi/lib/thumb/v7e-m+fp/hard\libg.a(lib_a-strtod.o)
                              CMakeFiles/FOCModule.elf.dir/FOC/Src/FOC_comm.c.obj (strtof)
c:/tools/gcc-arm-none-eabi-10.3-2021.07/bin/../lib/gcc/arm-none-eabi/10.3.1/../../../../arm-none-eabi/lib/thumb/v7e-m+fp/hard\libg.a(lib_a-strtok.o)
                              CMakeFiles/FOCModule.elf.dir/FOC/Src/FOC_comm.c.obj (strtok)
[...]
Memory Configuration

Name             Origin             Length             Attributes
CCMRAM           0x10000000         0x00010000         xrw
RAM              0x20000000         0x00020000         xrw
FLASH            0x08000000         0x00100000         xr
*default*        0x00000000         0xffffffff

Linker script and memory map

LOAD c:/tools/gcc-arm-none-eabi-10.3-2021.07/bin/../lib/gcc/arm-none-eabi/10.3.1/thumb/v7e-m+fp/hard/crti.o
LOAD c:/tools/gcc-arm-none-eabi-10.3-2021.07/bin/../lib/gcc/arm-none-eabi/10.3.1/thumb/v7e-m+fp/hard/crtbegin.o
LOAD c:/tools/gcc-arm-none-eabi-10.3-2021.07/bin/../lib/gcc/arm-none-eabi/10.3.1/../../../../arm-none-eabi/lib/thumb/v7e-m+fp/hard/crt0.o
LOAD CMakeFiles/FOCModule.elf.dir/Core/Src/adc.c.obj
LOAD CMakeFiles/FOCModule.elf.dir/Core/Src/can.c.obj
LOAD CMakeFiles/FOCModule.elf.dir/Core/Src/dac.c.obj
LOAD CMakeFiles/FOCModule.elf.dir/Core/Src/dma.c.obj
LOAD CMakeFiles/FOCModule.elf.dir/Core/Src/gpio.c.obj
LOAD CMakeFiles/FOCModule.elf.dir/Core/Src/i2c.c.obj
LOAD CMakeFiles/FOCModule.elf.dir/Core/Src/main.c.obj
LOAD CMakeFiles/FOCModule.elf.dir/Core/Src/spi.c.obj
LOAD CMakeFiles/FOCModule.elf.dir/Core/Src/stm32f4xx_hal_msp.c.obj
LOAD CMakeFiles/FOCModule.elf.dir/Core/Src/stm32f4xx_it.c.obj
LOAD CMakeFiles/FOCModule.elf.dir/Core/Src/syscalls.c.obj
LOAD CMakeFiles/FOCModule.elf.dir/Core/Src/sysmem.c.obj
LOAD CMakeFiles/FOCModule.elf.dir/Core/Src/system_stm32f4xx.c.obj
LOAD CMakeFiles/FOCModule.elf.dir/Core/Src/tim.c.obj
LOAD CMakeFiles/FOCModule.elf.dir/Core/Src/usart.c.obj
LOAD CMakeFiles/FOCModule.elf.dir/Core/Startup/startup_stm32f405rgtx.s.obj
LOAD CMakeFiles/FOCModule.elf.dir/Drivers/STM32F4xx_HAL_Driver/Src/stm32f4xx_hal.c.obj
LOAD CMakeFiles/FOCModule.elf.dir/Drivers/STM32F4xx_HAL_Driver/Src/stm32f4xx_hal_adc.c.obj
LOAD CMakeFiles/FOCModule.elf.dir/Drivers/STM32F4xx_HAL_Driver/Src/stm32f4xx_hal_adc_ex.c.obj
LOAD CMakeFiles/FOCModule.elf.dir/Drivers/STM32F4xx_HAL_Driver/Src/stm32f4xx_hal_can.c.obj
LOAD CMakeFiles/FOCModule.elf.dir/Drivers/STM32F4xx_HAL_Driver/Src/stm32f4xx_hal_cortex.c.obj
LOAD CMakeFiles/FOCModule.elf.dir/Drivers/STM32F4xx_HAL_Driver/Src/stm32f4xx_hal_dac.c.obj
LOAD CMakeFiles/FOCModule.elf.dir/Drivers/STM32F4xx_HAL_Driver/Src/stm32f4xx_hal_dac_ex.c.obj
LOAD CMakeFiles/FOCModule.elf.dir/Drivers/STM32F4xx_HAL_Driver/Src/stm32f4xx_hal_dma.c.obj
LOAD CMakeFiles/FOCModule.elf.dir/Drivers/STM32F4xx_HAL_Driver/Src/stm32f4xx_hal_dma_ex.c.obj
LOAD CMakeFiles/FOCModule.elf.dir/Drivers/STM32F4xx_HAL_Driver/Src/stm32f4xx_hal_exti.c.obj
LOAD CMakeFiles/FOCModule.elf.dir/Drivers/STM32F4xx_HAL_Driver/Src/stm32f4xx_hal_flash.c.obj
LOAD CMakeFiles/FOCModule.elf.dir/Drivers/STM32F4xx_HAL_Driver/Src/stm32f4xx_hal_flash_ex.c.obj
LOAD CMakeFiles/FOCModule.elf.dir/Drivers/STM32F4xx_HAL_Driver/Src/stm32f4xx_hal_flash_ramfunc.c.obj
LOAD CMakeFiles/FOCModule.elf.dir/Drivers/STM32F4xx_HAL_Driver/Src/stm32f4xx_hal_gpio.c.obj
LOAD CMakeFiles/FOCModule.elf.dir/Drivers/STM32F4xx_HAL_Driver/Src/stm32f4xx_hal_i2c.c.obj
LOAD CMakeFiles/FOCModule.elf.dir/Drivers/STM32F4xx_HAL_Driver/Src/stm32f4xx_hal_i2c_ex.c.obj
LOAD CMakeFiles/FOCModule.elf.dir/Drivers/STM32F4xx_HAL_Driver/Src/stm32f4xx_hal_pcd.c.obj
LOAD CMakeFiles/FOCModule.elf.dir/Drivers/STM32F4xx_HAL_Driver/Src/stm32f4xx_hal_pcd_ex.c.obj
LOAD CMakeFiles/FOCModule.elf.dir/Drivers/STM32F4xx_HAL_Driver/Src/stm32f4xx_hal_pwr.c.obj
LOAD CMakeFiles/FOCModule.elf.dir/Drivers/STM32F4xx_HAL_Driver/Src/stm32f4xx_hal_pwr_ex.c.obj
LOAD CMakeFiles/FOCModule.elf.dir/Drivers/STM32F4xx_HAL_Driver/Src/stm32f4xx_hal_rcc.c.obj
LOAD CMakeFiles/FOCModule.elf.dir/Drivers/STM32F4xx_HAL_Driver/Src/stm32f4xx_hal_rcc_ex.c.obj
LOAD CMakeFiles/FOCModule.elf.dir/Drivers/STM32F4xx_HAL_Driver/Src/stm32f4xx_hal_spi.c.obj
LOAD CMakeFiles/FOCModule.elf.dir/Drivers/STM32F4xx_HAL_Driver/Src/stm32f4xx_hal_tim.c.obj
LOAD CMakeFiles/FOCModule.elf.dir/Drivers/STM32F4xx_HAL_Driver/Src/stm32f4xx_hal_tim_ex.c.obj
LOAD CMakeFiles/FOCModule.elf.dir/Drivers/STM32F4xx_HAL_Driver/Src/stm32f4xx_hal_uart.c.obj
LOAD CMakeFiles/FOCModule.elf.dir/Drivers/STM32F4xx_HAL_Driver/Src/stm32f4xx_ll_adc.c.obj
LOAD CMakeFiles/FOCModule.elf.dir/Drivers/STM32F4xx_HAL_Driver/Src/stm32f4xx_ll_usb.c.obj
LOAD CMakeFiles/FOCModule.elf.dir/FOC/Encoder/Src/AS5600.c.obj
LOAD CMakeFiles/FOCModule.elf.dir/FOC/Src/FOC_LPF.c.obj
LOAD CMakeFiles/FOCModule.elf.dir/FOC/Src/FOC_PID.c.obj
LOAD CMakeFiles/FOCModule.elf.dir/FOC/Src/FOC_PWM.c.obj
LOAD CMakeFiles/FOCModule.elf.dir/FOC/Src/FOC_comm.c.obj
LOAD CMakeFiles/FOCModule.elf.dir/FOC/Src/FOC_core.c.obj
LOAD CMakeFiles/FOCModule.elf.dir/FOC/Src/FOC_current_sense.c.obj
LOAD CMakeFiles/FOCModule.elf.dir/FOC/Src/FOC_encoder.c.obj
LOAD CMakeFiles/FOCModule.elf.dir/FOC/Src/FOC_scope.c.obj
LOAD CMakeFiles/FOCModule.elf.dir/FOC/Src/FOC_setting.c.obj
LOAD CMakeFiles/FOCModule.elf.dir/FOC/Src/FOC_status.c.obj
LOAD CMakeFiles/FOCModule.elf.dir/FOC/Src/FOC_utility.c.obj
LOAD CMakeFiles/FOCModule.elf.dir/Middlewares/ST/STM32_USB_Device_Library/Class/CDC/Src/usbd_cdc.c.obj
LOAD CMakeFiles/FOCModule.elf.dir/Middlewares/ST/STM32_USB_Device_Library/Core/Src/usbd_core.c.obj
LOAD CMakeFiles/FOCModule.elf.dir/Middlewares/ST/STM32_USB_Device_Library/Core/Src/usbd_ctlreq.c.obj
LOAD CMakeFiles/FOCModule.elf.dir/Middlewares/ST/STM32_USB_Device_Library/Core/Src/usbd_ioreq.c.obj
LOAD CMakeFiles/FOCModule.elf.dir/USB_DEVICE/App/usb_device.c.obj
LOAD CMakeFiles/FOCModule.elf.dir/USB_DEVICE/App/usbd_cdc_if.c.obj
LOAD CMakeFiles/FOCModule.elf.dir/USB_DEVICE/App/usbd_desc.c.obj
LOAD CMakeFiles/FOCModule.elf.dir/USB_DEVICE/Target/usbd_conf.c.obj
LOAD D:\Projects\FOCModule\Firmware\FOCModule\Middlewares\ST\ARM\DSP\Lib\libarm_cortexM4lf_math.a
START GROUP
LOAD c:/tools/gcc-arm-none-eabi-10.3-2021.07/bin/../lib/gcc/arm-none-eabi/10.3.1/thumb/v7e-m+fp/hard\libgcc.a
LOAD c:/tools/gcc-arm-none-eabi-10.3-2021.07/bin/../lib/gcc/arm-none-eabi/10.3.1/../../../../arm-none-eabi/lib/thumb/v7e-m+fp/hard\libg.a
LOAD c:/tools/gcc-arm-none-eabi-10.3-2021.07/bin/../lib/gcc/arm-none-eabi/10.3.1/../../../../arm-none-eabi/lib/thumb/v7e-m+fp/hard\libc.a
END GROUP
LOAD c:/tools/gcc-arm-none-eabi-10.3-2021.07/bin/../lib/gcc/arm-none-eabi/10.3.1/thumb/v7e-m+fp/hard/crtend.o
LOAD c:/tools/gcc-arm-none-eabi-10.3-2021.07/bin/../lib/gcc/arm-none-eabi/10.3.1/thumb/v7e-m+fp/hard/crtn.o
                0x20020000                _estack = (ORIGIN (RAM) + LENGTH (RAM))
                0x00000800                _Min_Heap_Size = 0x800
                0x00000800                _Min_Stack_Size = 0x800

.isr_vector     0x08000000      0x188
                0x08000000                . = ALIGN (0x4)
 *(.isr_vector)
 .isr_vector    0x08000000      0x188 CMakeFiles/FOCModule.elf.dir/Core/Startup/startup_stm32f405rgtx.s.obj
                0x08000000                g_pfnVectors
                0x08000188                . = ALIGN (0x4)

.text           0x080001c0    0x12500
                0x080001c0                . = ALIGN (0x4)
 *(.text)
 .text          0x080001c0       0x40 c:/tools/gcc-arm-none-eabi-10.3-2021.07/bin/../lib/gcc/arm-none-eabi/10.3.1/thumb/v7e-m+fp/hard/crtbegin.o
 .text          0x08000200      0x378 c:/tools/gcc-arm-none-eabi-10.3-2021.07/bin/../lib/gcc/arm-none-eabi/10.3.1/thumb/v7e-m+fp/hard\libgcc.a(_arm_addsubdf3.o)
                0x08000200                __aeabi_drsub
                0x08000208                __aeabi_dsub
                0x08000208                __subdf3
                0x0800020c                __aeabi_dadd
                0x0800020c                __adddf3
                0x08000484                __floatunsidf
                0x08000484                __aeabi_ui2d
                0x080004a4                __floatsidf
                0x080004a4                __aeabi_i2d
                0x080004c8                __aeabi_f2d
                0x080004c8                __extendsfdf2
                0x0800050c                __floatundidf
                0x0800050c                __aeabi_ul2d
                0x0800051c                __floatdidf
                0x0800051c                __aeabi_l2d
 .text          0x08000578      0x110 c:/tools/gcc-arm-none-eabi-10.3-2021.07/bin/../lib/gcc/arm-none-eabi/10.3.1/thumb/v7e-m+fp/hard\libgcc.a(_arm_cmpdf2.o)
                0x08000578                __gtdf2
                0x08000578                __gedf2
                0x08000580                __ltdf2
                0x08000580                __ledf2
                0x08000588                __nedf2
                0x08000588                __eqdf2
                0x08000588                __cmpdf2
                0x08000604                __aeabi_cdrcmple
                0x08000614                __aeabi_cdcmpeq
                0x08000614                __aeabi_cdcmple
                0x08000624                __aeabi_dcmpeq
                0x08000638                __aeabi_dcmplt
                0x0800064c                __aeabi_dcmple
                0x08000660                __aeabi_dcmpge
                0x08000674                __aeabi_dcmpgt
 .text          0x08000688       0xa0 c:/tools/gcc-arm-none-eabi-10.3-2021.07/bin/../lib/gcc/arm-none-eabi/10.3.1/thumb/v7e-m+fp/hard\libgcc.a(_arm_truncdfsf2.o)
                0x08000688                __truncdfsf2
                0x08000688                __aeabi_d2f
 .text          0x08000728       0x30 c:/tools/gcc-arm-none-eabi-10.3-2021.07/bin/../lib/gcc/arm-none-eabi/10.3.1/thumb/v7e-m+fp/hard\libgcc.a(_aeabi_uldivmod.o)
                0x08000728                __aeabi_uldivmod
 .text          0x08000758      0x2d0 c:/tools/gcc-arm-none-eabi-10.3-2021.07/bin/../lib/gcc/arm-none-eabi/10.3.1/thumb/v7e-m+fp/hard\libgcc.a(_udivmoddi4.o)
                0x08000758                __udivmoddi4
 .text          0x08000a28        0x4 c:/tools/gcc-arm-none-eabi-10.3-2021.07/bin/../lib/gcc/arm-none-eabi/10.3.1/thumb/v7e-m+fp/hard\libgcc.a(_dvmd_tls.o)
                0x08000a28                __aeabi_idiv0
                0x08000a28                __aeabi_ldiv0
 *fill*         0x08000a2c       0x14 
 .text          0x08000a40      0x2dc c:/tools/gcc-arm-none-eabi-10.3-2021.07/bin/../lib/gcc/arm-none-eabi/10.3.1/../../../../arm-none-eabi/lib/thumb/v7e-m+fp/hard\libg.a(lib_a-strcmp.o)
                0x08000a48                strcmp
 .text          0x08000d1c      0x134 c:/tools/gcc-arm-none-eabi-10.3-2021.07/bin/../lib/gcc/arm-none-eabi/10.3.1/../../../../arm-none-eabi/lib/thumb/v7e-m+fp/hard\libg.a(lib_a-memcpy.o)
                0x08000d1c                memcpy
 *fill*         0x08000e50       0x30 
 .text          0x08000e80       0xdc c:/tools/gcc-arm-none-eabi-10.3-2021.07/bin/../lib/gcc/arm-none-eabi/10.3.1/../../../../arm-none-eabi/lib/thumb/v7e-m+fp/hard\libg.a(lib_a-strlen.o)
                0x08000e80                strlen
 *fill*         0x08000f5c        0x4 
 .text          0x08000f60       0xa0 c:/tools/gcc-arm-none-eabi-10.3-2021.07/bin/../lib/gcc/arm-none-eabi/10.3.1/../../../../arm-none-eabi/lib/thumb/v7e-m+fp/hard\libg.a(lib_a-memchr.o)
                0x08000f60                memchr
 .text          0x08001000      0x424 c:/tools/gcc-arm-none-eabi-10.3-2021.07/bin/../lib/gcc/arm-none-eabi/10.3.1/thumb/v7e-m+fp/hard\libgcc.a(_arm_muldivdf3.o)
                0x08001000                __aeabi_dmul
                0x08001000                __muldf3
                0x08001254                __divdf3
                0x08001254                __aeabi_ddiv
 .text          0x08001424       0x2c c:/tools/gcc-arm-none-eabi-10.3-2021.07/bin/../lib/gcc/arm-none-eabi/10.3.1/thumb/v7e-m+fp/hard\libgcc.a(_arm_unorddf2.o)
                0x08001424                __unorddf2
                0x08001424                __aeabi_dcmpun
 .text          0x08001450       0x50 c:/tools/gcc-arm-none-eabi-10.3-2021.07/bin/../lib/gcc/arm-none-eabi/10.3.1/thumb/v7e-m+fp/hard\libgcc.a(_arm_fixdfsi.o)
                0x08001450                __aeabi_d2iz
                0x08001450                __fixdfsi
 .text          0x080014a0       0x40 c:/tools/gcc-arm-none-eabi-10.3-2021.07/bin/../lib/gcc/arm-none-eabi/10.3.1/thumb/v7e-m+fp/hard\libgcc.a(_arm_fixunsdfsi.o)
                0x080014a0                __aeabi_d2uiz
                0x080014a0                __fixunsdfsi
 .text          0x080014e0       0x30 c:/tools/gcc-arm-none-eabi-10.3-2021.07/bin/../lib/gcc/arm-none-eabi/10.3.1/thumb/v7e-m+fp/hard\libgcc.a(_fixdfdi.o)
                0x080014e0                __fixdfdi
                0x080014e0                __aeabi_d2lz
 .text          0x08001510       0x3c c:/tools/gcc-arm-none-eabi-10.3-2021.07/bin/../lib/gcc/arm-none-eabi/10.3.1/thumb/v7e-m+fp/hard\libgcc.a(_fixunsdfdi.o)
                0x08001510                __fixunsdfdi
                0x08001510                __aeabi_d2ulz
 *(.text*)
 .text.MX_ADC1_Init
                0x0800154c       0xd4 CMakeFiles/FOCModule.elf.dir/Core/Src/adc.c.obj
                0x0800154c                MX_ADC1_Init
 .text.MX_ADC2_Init
                0x08001620       0x70 CMakeFiles/FOCModule.elf.dir/Core/Src/adc.c.obj
                0x08001620                MX_ADC2_Init
 .text.HAL_ADC_MspInit
                0x08001690      0x11c CMakeFiles/FOCModule.elf.dir/Core/Src/adc.c.obj
                0x08001690                HAL_ADC_MspInit
 .text.MX_CAN1_Init
                0x080017ac       0x44 CMakeFiles/FOCModule.elf.dir/Core/Src/can.c.obj
                0x080017ac                MX_CAN1_Init
 .text.HAL_CAN_MspInit
                0x080017f0       0x80 CMakeFiles/FOCModule.elf.dir/Core/Src/can.c.obj
                0x080017f0                HAL_CAN_MspInit
 .text.MX_DAC_Init
                0x08001870       0x54 CMakeFiles/FOCModule.elf.dir/Core/Src/dac.c.obj
                0x08001870                MX_DAC_Init
 .text.HAL_DAC_MspInit
                0x080018c4       0x68 CMakeFiles/FOCModule.elf.dir/Core/Src/dac.c.obj
                0x080018c4                HAL_DAC_MspInit
 .text.MX_DMA_Init
                0x0800192c       0x34 CMakeFiles/FOCModule.elf.dir/Core/Src/dma.c.obj
                0x0800192c                MX_DMA_Init
 .text.MX_GPIO_Init
                0x08001960      0x11c CMakeFiles/FOCModule.elf.dir/Core/Src/gpio.c.obj
                0x08001960                MX_GPIO_Init
 .text.MX_I2C1_Init
                0x08001a7c       0x3c CMakeFiles/FOCModule.elf.dir/Core/Src/i2c.c.obj
                0x08001a7c                MX_I2C1_Init
 .text.HAL_I2C_MspInit
                0x08001ab8       0x70 CMakeFiles/FOCModule.elf.dir/Core/Src/i2c.c.obj
                0x08001ab8                HAL_I2C_MspInit
 .text.Error_Handler
                0x08001b28       0x1c CMakeFiles/FOCModule.elf.dir/Core/Src/main.c.obj
                0x08001b28                Error_Handler
 .text.SystemClock_Config
                0x08001b44       0xa8 CMakeFiles/FOCModule.elf.dir/Core/Src/main.c.obj
                0x08001b44                SystemClock_Config
 .text.SystemClock_EnableHSI
                0x08001bec       0x60 CMakeFiles/FOCModule.elf.dir/Core/Src/main.c.obj
                0x08001bec                SystemClock_EnableHSI
 .text.SystemClock_DisableHSI
                0x08001c4c       0x24 CMakeFiles/FOCModule.elf.dir/Core/Src/main.c.obj
                0x08001c4c                SystemClock_DisableHSI
 .text.main     0x08001c70       0x94 CMakeFiles/FOCModule.elf.dir/Core/Src/main.c.obj
                0x08001c70                main
 .text.MX_SPI1_Init
                0x08001d04       0x40 CMakeFiles/FOCModule.elf.dir/Core/Src/spi.c.obj
                0x08001d04                MX_SPI1_Init
 .text.HAL_SPI_MspInit
                0x08001d44       0x70 CMakeFiles/FOCModule.elf.dir/Core/Src/spi.c.obj
                0x08001d44                HAL_SPI_MspInit
 .text.HAL_MspInit
                0x08001db4       0x38 CMakeFiles/FOCModule.elf.dir/Core/Src/stm32f4xx_hal_msp.c.obj
                0x08001db4                HAL_MspInit
 .text.NMI_Handler
                0x08001dec        0x2 CMakeFiles/FOCModule.elf.dir/Core/Src/stm32f4xx_it.c.obj
                0x08001dec                NMI_Handler
 .text.HardFault_Handler
                0x08001dee        0x2 CMakeFiles/FOCModule.elf.dir/Core/Src/stm32f4xx_it.c.obj
                0x08001dee                HardFault_Handler
 .text.MemManage_Handler
                0x08001df0        0x2 CMakeFiles/FOCModule.elf.dir/Core/Src/stm32f4xx_it.c.obj
                0x08001df0                MemManage_Handler
 .text.BusFault_Handler
                0x08001df2        0x2 CMakeFiles/FOCModule.elf.dir/Core/Src/stm32f4xx_it.c.obj
                0x08001df2                BusFault_Handler
 .text.UsageFault_Handler
                0x08001df4        0x2 CMakeFiles/FOCModule.elf.dir/Core/Src/stm32f4xx_it.c.obj
                0x08001df4                UsageFault_Handler
 .text.SVC_Handler
                0x08001df6        0x2 CMakeFiles/FOCModule.elf.dir/Core/Src/stm32f4xx_it.c.obj
                0x08001df6                SVC_Handler
 .text.DebugMon_Handler
                0x08001df8        0x2 CMakeFiles/FOCModule.elf.dir/Core/Src/stm32f4xx_it.c.obj
                0x08001df8                DebugMon_Handler
 .text.PendSV_Handler
                0x08001dfa        0x2 CMakeFiles/FOCModule.elf.dir/Core/Src/stm32f4xx_it.c.obj
                0x08001dfa                PendSV_Handler
 .text.SysTick_Handler
                0x08001dfc        0x8 CMakeFiles/FOCModule.elf.dir/Core/Src/stm32f4xx_it.c.obj
                0x08001dfc                SysTick_Handler
 .text.ADC_IRQHandler
                0x08001e04       0x18 CMakeFiles/FOCModule.elf.dir/Core/Src/stm32f4xx_it.c.obj
                0x08001e04                ADC_IRQHandler
 .text.CAN1_RX0_IRQHandler
                0x08001e1c       0x10 CMakeFiles/FOCModule.elf.dir/Core/Src/stm32f4xx_it.c.obj
                0x08001e1c                CAN1_RX0_IRQHandler
 .text.TIM4_IRQHandler
                0x08001e2c       0x10 CMakeFiles/FOCModule.elf.dir/Core/Src/stm32f4xx_it.c.obj
                0x08001e2c                TIM4_IRQHandler
 .text.DMA2_Stream2_IRQHandler
                0x08001e3c       0x10 CMakeFiles/FOCModule.elf.dir/Core/Src/stm32f4xx_it.c.obj
                0x08001e3c                DMA2_Stream2_IRQHandler
 .text.OTG_FS_IRQHandler
                0x08001e4c       0x10 CMakeFiles/FOCModule.elf.dir/Core/Src/stm32f4xx_it.c.obj
                0x08001e4c                OTG_FS_IRQHandler
 .text._getpid  0x08001e5c        0x4 CMakeFiles/FOCModule.elf.dir/Core/Src/syscalls.c.obj
                0x08001e5c                _getpid
 .text._kill    0x08001e60       0x10 CMakeFiles/FOCModule.elf.dir/Core/Src/syscalls.c.obj
                0x08001e60                _kill
 .text._exit    0x08001e70        0xc CMakeFiles/FOCModule.elf.dir/Core/Src/syscalls.c.obj
                0x08001e70                _exit
 .text._read    0x08001e7c       0x20 CMakeFiles/FOCModule.elf.dir/Core/Src/syscalls.c.obj
                0x08001e7c                _read
 .text._write   0x08001e9c       0x1c CMakeFiles/FOCModule.elf.dir/Core/Src/syscalls.c.obj
                0x08001e9c                _write
 .text._close   0x08001eb8        0x6 CMakeFiles/FOCModule.elf.dir/Core/Src/syscalls.c.obj
                0x08001eb8                _close
 .text._fstat   0x08001ebe        0xa CMakeFiles/FOCModule.elf.dir/Core/Src/syscalls.c.obj
                0x08001ebe                _fstat
 .text._isatty  0x08001ec8        0x4 CMakeFiles/FOCModule.elf.dir/Core/Src/syscalls.c.obj
                0x08001ec8                _isatty
 .text._lseek   0x08001ecc        0x4 CMakeFiles/FOCModule.elf.dir/Core/Src/syscalls.c.obj
                0x08001ecc                _lseek
 .text._sbrk    0x08001ed0       0x48 CMakeFiles/FOCModule.elf.dir/Core/Src/sysmem.c.obj
                0x08001ed0                _sbrk
 .text.SystemInit
                0x08001f18       0x14 CMakeFiles/FOCModule.elf.dir/Core/Src/system_stm32f4xx.c.obj
                0x08001f18                SystemInit
 .text.MX_TIM2_Init
                0x08001f2c       0x70 CMakeFiles/FOCModule.elf.dir/Core/Src/tim.c.obj
                0x08001f2c                MX_TIM2_Init
 .text.MX_TIM3_Init
                0x08001f9c       0x74 CMakeFiles/FOCModule.elf.dir/Core/Src/tim.c.obj
                0x08001f9c                MX_TIM3_Init
 .text.MX_TIM4_Init
                0x08002010       0x74 CMakeFiles/FOCModule.elf.dir/Core/Src/tim.c.obj
                0x08002010                MX_TIM4_Init
 .text.HAL_TIM_Base_MspInit
                0x08002084       0xa8 CMakeFiles/FOCModule.elf.dir/Core/Src/tim.c.obj
                0x08002084                HAL_TIM_Base_MspInit
 .text.HAL_TIM_MspPostInit
                0x0800212c       0x84 CMakeFiles/FOCModule.elf.dir/Core/Src/tim.c.obj
                0x0800212c                HAL_TIM_MspPostInit
 .text.MX_TIM1_Init
                0x080021b0      0x124 CMakeFiles/FOCModule.elf.dir/Core/Src/tim.c.obj
                0x080021b0                MX_TIM1_Init
 .text.MX_UART4_Init
                0x080022d4       0x34 CMakeFiles/FOCModule.elf.dir/Core/Src/usart.c.obj
                0x080022d4                MX_UART4_Init
 .text.HAL_UART_MspInit
                0x08002308       0x70 CMakeFiles/FOCModule.elf.dir/Core/Src/usart.c.obj
                0x08002308                HAL_UART_MspInit
 .text.Reset_Handler
                0x08002378       0x50 CMakeFiles/FOCModule.elf.dir/Core/Startup/startup_stm32f405rgtx.s.obj
                0x08002378                Reset_Handler
 .text.Default_Handler
                0x080023c8        0x2 CMakeFiles/FOCModule.elf.dir/Core/Startup/startup_stm32f405rgtx.s.obj
                0x080023c8                RTC_Alarm_IRQHandler
                0x080023c8                HASH_RNG_IRQHandler
                0x080023c8                EXTI2_IRQHandler
                0x080023c8                TIM8_CC_IRQHandler
                0x080023c8                TIM1_CC_IRQHandler
                0x080023c8                DMA2_Stream5_IRQHandler
                0x080023c8                DMA1_Stream5_IRQHandler
                0x080023c8                PVD_IRQHandler
                0x080023c8                SDIO_IRQHandler
                0x080023c8                TAMP_STAMP_IRQHandler
                0x080023c8                CAN2_RX1_IRQHandler
                0x080023c8                EXTI3_IRQHandler
                0x080023c8                TIM8_TRG_COM_TIM14_IRQHandler
                0x080023c8                TIM1_UP_TIM10_IRQHandler
                0x080023c8                TIM8_UP_TIM13_IRQHandler
                0x080023c8                I2C3_ER_IRQHandler
                0x080023c8                EXTI0_IRQHandler
                0x080023c8                I2C2_EV_IRQHandler
                0x080023c8                DMA1_Stream2_IRQHandler
                0x080023c8                FPU_IRQHandler
                0x080023c8                OTG_HS_WKUP_IRQHandler
                0x080023c8                CAN2_SCE_IRQHandler
                0x080023c8                SPI1_IRQHandler
                0x080023c8                TIM6_DAC_IRQHandler
                0x080023c8                TIM1_BRK_TIM9_IRQHandler
                0x080023c8                CAN2_RX0_IRQHandler
                0x080023c8                DMA2_Stream3_IRQHandler
                0x080023c8                USART6_IRQHandler
                0x080023c8                USART3_IRQHandler
                0x080023c8                CAN1_RX1_IRQHandler
                0x080023c8                UART5_IRQHandler
                0x080023c8                DMA2_Stream0_IRQHandler
                0x080023c8                I2C1_EV_IRQHandler
                0x080023c8                DMA1_Stream6_IRQHandler
                0x080023c8                DMA1_Stream1_IRQHandler
                0x080023c8                UART4_IRQHandler
                0x080023c8                TIM3_IRQHandler
                0x080023c8                RCC_IRQHandler
                0x080023c8                TIM8_BRK_TIM12_IRQHandler
                0x080023c8                Default_Handler
                0x080023c8                EXTI15_10_IRQHandler
                0x080023c8                DMA1_Stream7_IRQHandler
                0x080023c8                TIM7_IRQHandler
                0x080023c8                CAN2_TX_IRQHandler
                0x080023c8                TIM5_IRQHandler
                0x080023c8                DMA2_Stream7_IRQHandler
                0x080023c8                I2C3_EV_IRQHandler
                0x080023c8                EXTI9_5_IRQHandler
                0x080023c8                RTC_WKUP_IRQHandler
                0x080023c8                SPI2_IRQHandler
                0x080023c8                OTG_HS_EP1_IN_IRQHandler
                0x080023c8                DMA1_Stream0_IRQHandler
                0x080023c8                CAN1_TX_IRQHandler
                0x080023c8                EXTI4_IRQHandler
                0x080023c8                FSMC_IRQHandler
                0x080023c8                OTG_HS_EP1_OUT_IRQHandler
                0x080023c8                WWDG_IRQHandler
                0x080023c8                TIM2_IRQHandler
                0x080023c8                OTG_FS_WKUP_IRQHandler
                0x080023c8                TIM1_TRG_COM_TIM11_IRQHandler
                0x080023c8                OTG_HS_IRQHandler
                0x080023c8                EXTI1_IRQHandler
                0x080023c8                USART2_IRQHandler
                0x080023c8                I2C2_ER_IRQHandler
                0x080023c8                DMA2_Stream1_IRQHandler
                0x080023c8                CAN1_SCE_IRQHandler
                0x080023c8                FLASH_IRQHandler
                0x080023c8                DMA2_Stream4_IRQHandler
                0x080023c8                USART1_IRQHandler
                0x080023c8                SPI3_IRQHandler
                0x080023c8                DMA1_Stream4_IRQHandler
                0x080023c8                I2C1_ER_IRQHandler
                0x080023c8                DMA2_Stream6_IRQHandler
                0x080023c8                DMA1_Stream3_IRQHandler
 *fill*         0x080023ca        0x2 
 .text.HAL_InitTick
                0x080023cc       0x4c CMakeFiles/FOCModule.elf.dir/Drivers/STM32F4xx_HAL_Driver/Src/stm32f4xx_hal.c.obj
                0x080023cc                HAL_InitTick
 .text.HAL_Init
                0x08002418       0x34 CMakeFiles/FOCModule.elf.dir/Drivers/STM32F4xx_HAL_Driver/Src/stm32f4xx_hal.c.obj
                0x08002418                HAL_Init
 .text.HAL_IncTick
                0x0800244c       0x18 CMakeFiles/FOCModule.elf.dir/Drivers/STM32F4xx_HAL_Driver/Src/stm32f4xx_hal.c.obj
                0x0800244c                HAL_IncTick
 .text.HAL_GetTick
                0x08002464        0xc CMakeFiles/FOCModule.elf.dir/Drivers/STM32F4xx_HAL_Driver/Src/stm32f4xx_hal.c.obj
                0x08002464                HAL_GetTick
 .text.HAL_Delay
                0x08002470       0x28 CMakeFiles/FOCModule.elf.dir/Drivers/STM32F4xx_HAL_Driver/Src/stm32f4xx_hal.c.obj
                0x08002470                HAL_Delay
 .text.ADC_Init
                0x08002498      0x134 CMakeFiles/FOCModule.elf.dir/Drivers/STM32F4xx_HAL_Driver/Src/stm32f4xx_hal_adc.c.obj
 .text.HAL_ADC_Init
                0x080025cc       0x56 CMakeFiles/FOCModule.elf.dir/Drivers/STM32F4xx_HAL_Driver/Src/stm32f4xx_hal_adc.c.obj
                0x080025cc                HAL_ADC_Init
 *fill*         0x08002622        0x2 
 .text.HAL_ADC_Start_DMA
                0x08002624      0x19c CMakeFiles/FOCModule.elf.dir/Drivers/STM32F4xx_HAL_Driver/Src/stm32f4xx_hal_adc.c.obj
                0x08002624                HAL_ADC_Start_DMA
 .text.HAL_ADC_ConvCpltCallback
                0x080027c0        0x2 CMakeFiles/FOCModule.elf.dir/Drivers/STM32F4xx_HAL_Driver/Src/stm32f4xx_hal_adc.c.obj
                0x080027c0                HAL_ADC_ConvCpltCallback
 .text.HAL_ADC_ConvHalfCpltCallback
                0x080027c2        0x2 CMakeFiles/FOCModule.elf.dir/Drivers/STM32F4xx_HAL_Driver/Src/stm32f4xx_hal_adc.c.obj
                0x080027c2                HAL_ADC_ConvHalfCpltCallback
 .text.ADC_DMAHalfConvCplt
                0x080027c4        0xa CMakeFiles/FOCModule.elf.dir/Drivers/STM32F4xx_HAL_Driver/Src/stm32f4xx_hal_adc.c.obj
 .text.HAL_ADC_LevelOutOfWindowCallback
                0x080027ce        0x2 CMakeFiles/FOCModule.elf.dir/Drivers/STM32F4xx_HAL_Driver/Src/stm32f4xx_hal_adc.c.obj
                0x080027ce                HAL_ADC_LevelOutOfWindowCallback
 .text.HAL_ADC_ErrorCallback
                0x080027d0        0x2 CMakeFiles/FOCModule.elf.dir/Drivers/STM32F4xx_HAL_Driver/Src/stm32f4xx_hal_adc.c.obj
                0x080027d0                HAL_ADC_ErrorCallback
 .text.HAL_ADC_IRQHandler
                0x080027d2      0x142 CMakeFiles/FOCModule.elf.dir/Drivers/STM32F4xx_HAL_Driver/Src/stm32f4xx_hal_adc.c.obj
                0x080027d2                HAL_ADC_IRQHandler
 .text.ADC_DMAError
                0x08002914       0x16 CMakeFiles/FOCModule.elf.dir/Drivers/STM32F4xx_HAL_Driver/Src/stm32f4xx_hal_adc.c.obj
 .text.ADC_DMAConvCplt
                0x0800292a       0x72 CMakeFiles/FOCModule.elf.dir/Drivers/STM32F4xx_HAL_Driver/Src/stm32f4xx_hal_adc.c.obj
 .text.HAL_ADC_ConfigChannel
                0x0800299c      0x198 CMakeFiles/FOCModule.elf.dir/Drivers/STM32F4xx_HAL_Driver/Src/stm32f4xx_hal_adc.c.obj
                0x0800299c                HAL_ADC_ConfigChannel
 .text.HAL_ADCEx_InjectedStart_IT
                0x08002b34      0x10c CMakeFiles/FOCModule.elf.dir/Drivers/STM32F4xx_HAL_Driver/Src/stm32f4xx_hal_adc_ex.c.obj
                0x08002b34                HAL_ADCEx_InjectedStart_IT
 .text.HAL_ADCEx_InjectedGetValue
                0x08002c40       0x40 CMakeFiles/FOCModule.elf.dir/Drivers/STM32F4xx_HAL_Driver/Src/stm32f4xx_hal_adc_ex.c.obj
                0x08002c40                HAL_ADCEx_InjectedGetValue
 .text.HAL_ADCEx_InjectedConfigChannel
                0x08002c80      0x210 CMakeFiles/FOCModule.elf.dir/Drivers/STM32F4xx_HAL_Driver/Src/stm32f4xx_hal_adc_ex.c.obj
                0x08002c80                HAL_ADCEx_InjectedConfigChannel
 .text.HAL_CAN_Init
                0x08002e90      0x14c CMakeFiles/FOCModule.elf.dir/Drivers/STM32F4xx_HAL_Driver/Src/stm32f4xx_hal_can.c.obj
                0x08002e90                HAL_CAN_Init
 .text.HAL_CAN_ConfigFilter
                0x08002fdc      0x138 CMakeFiles/FOCModule.elf.dir/Drivers/STM32F4xx_HAL_Driver/Src/stm32f4xx_hal_can.c.obj
                0x08002fdc                HAL_CAN_ConfigFilter
 .text.HAL_CAN_Start
                0x08003114       0x5c CMakeFiles/FOCModule.elf.dir/Drivers/STM32F4xx_HAL_Driver/Src/stm32f4xx_hal_can.c.obj
                0x08003114                HAL_CAN_Start
 .text.HAL_CAN_AddTxMessage
                0x08003170       0xfc CMakeFiles/FOCModule.elf.dir/Drivers/STM32F4xx_HAL_Driver/Src/stm32f4xx_hal_can.c.obj
                0x08003170                HAL_CAN_AddTxMessage
 .text.HAL_CAN_GetRxMessage
                0x0800326c      0x14a CMakeFiles/FOCModule.elf.dir/Drivers/STM32F4xx_HAL_Driver/Src/stm32f4xx_hal_can.c.obj
                0x0800326c                HAL_CAN_GetRxMessage
 .text.HAL_CAN_ActivateNotification
                0x080033b6       0x24 CMakeFiles/FOCModule.elf.dir/Drivers/STM32F4xx_HAL_Driver/Src/stm32f4xx_hal_can.c.obj
                0x080033b6                HAL_CAN_ActivateNotification
 .text.HAL_CAN_TxMailbox0CompleteCallback
                0x080033da        0x2 CMakeFiles/FOCModule.elf.dir/Drivers/STM32F4xx_HAL_Driver/Src/stm32f4xx_hal_can.c.obj
                0x080033da                HAL_CAN_TxMailbox0CompleteCallback
 .text.HAL_CAN_TxMailbox1CompleteCallback
                0x080033dc        0x2 CMakeFiles/FOCModule.elf.dir/Drivers/STM32F4xx_HAL_Driver/Src/stm32f4xx_hal_can.c.obj
                0x080033dc                HAL_CAN_TxMailbox1CompleteCallback
 .text.HAL_CAN_TxMailbox2CompleteCallback
                0x080033de        0x2 CMakeFiles/FOCModule.elf.dir/Drivers/STM32F4xx_HAL_Driver/Src/stm32f4xx_hal_can.c.obj
                0x080033de                HAL_CAN_TxMailbox2CompleteCallback
 .text.HAL_CAN_TxMailbox0AbortCallback
                0x080033e0        0x2 CMakeFiles/FOCModule.elf.dir/Drivers/STM32F4xx_HAL_Driver/Src/stm32f4xx_hal_can.c.obj
                0x080033e0                HAL_CAN_TxMailbox0AbortCallback
 .text.HAL_CAN_TxMailbox1AbortCallback
                0x080033e2        0x2 CMakeFiles/FOCModule.elf.dir/Drivers/STM32F4xx_HAL_Driver/Src/stm32f4xx_hal_can.c.obj
                0x080033e2                HAL_CAN_TxMailbox1AbortCallback
 .text.HAL_CAN_TxMailbox2AbortCallback
                0x080033e4        0x2 CMakeFiles/FOCModule.elf.dir/Drivers/STM32F4xx_HAL_Driver/Src/stm32f4xx_hal_can.c.obj
                0x080033e4                HAL_CAN_TxMailbox2AbortCallback
 .text.HAL_CAN_RxFifo0FullCallback
                0x080033e6        0x2 CMakeFiles/FOCModule.elf.dir/Drivers/STM32F4xx_HAL_Driver/Src/stm32f4xx_hal_can.c.obj
                0x080033e6                HAL_CAN_RxFifo0FullCallback
 .text.HAL_CAN_RxFifo1MsgPendingCallback
                0x080033e8        0x2 CMakeFiles/FOCModule.elf.dir/Drivers/STM32F4xx_HAL_Driver/Src/stm32f4xx_hal_can.c.obj
                0x080033e8                HAL_CAN_RxFifo1MsgPendingCallback
 .text.HAL_CAN_RxFifo1FullCallback
                0x080033ea        0x2 CMakeFiles/FOCModule.elf.dir/Drivers/STM32F4xx_HAL_Driver/Src/stm32f4xx_hal_can.c.obj
                0x080033ea                HAL_CAN_RxFifo1FullCallback
 .text.HAL_CAN_SleepCallback
                0x080033ec        0x2 CMakeFiles/FOCModule.elf.dir/Drivers/STM32F4xx_HAL_Driver/Src/stm32f4xx_hal_can.c.obj
                0x080033ec                HAL_CAN_SleepCallback
 .text.HAL_CAN_WakeUpFromRxMsgCallback
                0x080033ee        0x2 CMakeFiles/FOCModule.elf.dir/Drivers/STM32F4xx_HAL_Driver/Src/stm32f4xx_hal_can.c.obj
                0x080033ee                HAL_CAN_WakeUpFromRxMsgCallback
 .text.HAL_CAN_ErrorCallback
                0x080033f0        0x2 CMakeFiles/FOCModule.elf.dir/Drivers/STM32F4xx_HAL_Driver/Src/stm32f4xx_hal_can.c.obj
                0x080033f0                HAL_CAN_ErrorCallback
 .text.HAL_CAN_IRQHandler
                0x080033f2      0x24a CMakeFiles/FOCModule.elf.dir/Drivers/STM32F4xx_HAL_Driver/Src/stm32f4xx_hal_can.c.obj
                0x080033f2                HAL_CAN_IRQHandler
 .text.HAL_NVIC_SetPriorityGrouping
                0x0800363c       0x24 CMakeFiles/FOCModule.elf.dir/Drivers/STM32F4xx_HAL_Driver/Src/stm32f4xx_hal_cortex.c.obj
                0x0800363c                HAL_NVIC_SetPriorityGrouping
 .text.HAL_NVIC_SetPriority
                0x08003660       0x70 CMakeFiles/FOCModule.elf.dir/Drivers/STM32F4xx_HAL_Driver/Src/stm32f4xx_hal_cortex.c.obj
                0x08003660                HAL_NVIC_SetPriority
 .text.HAL_NVIC_EnableIRQ
                0x080036d0       0x1c CMakeFiles/FOCModule.elf.dir/Drivers/STM32F4xx_HAL_Driver/Src/stm32f4xx_hal_cortex.c.obj
                0x080036d0                HAL_NVIC_EnableIRQ
 .text.HAL_SYSTICK_Config
                0x080036ec       0x28 CMakeFiles/FOCModule.elf.dir/Drivers/STM32F4xx_HAL_Driver/Src/stm32f4xx_hal_cortex.c.obj
                0x080036ec                HAL_SYSTICK_Config
 .text.HAL_DAC_Init
                0x08003714       0x24 CMakeFiles/FOCModule.elf.dir/Drivers/STM32F4xx_HAL_Driver/Src/stm32f4xx_hal_dac.c.obj
                0x08003714                HAL_DAC_Init
 .text.HAL_DAC_Start
                0x08003738       0x68 CMakeFiles/FOCModule.elf.dir/Drivers/STM32F4xx_HAL_Driver/Src/stm32f4xx_hal_dac.c.obj
                0x08003738                HAL_DAC_Start
 .text.HAL_DAC_SetValue
                0x080037a0       0x2e CMakeFiles/FOCModule.elf.dir/Drivers/STM32F4xx_HAL_Driver/Src/stm32f4xx_hal_dac.c.obj
                0x080037a0                HAL_DAC_SetValue
 .text.HAL_DAC_ConfigChannel
                0x080037ce       0x56 CMakeFiles/FOCModule.elf.dir/Drivers/STM32F4xx_HAL_Driver/Src/stm32f4xx_hal_dac.c.obj
                0x080037ce                HAL_DAC_ConfigChannel
 .text.DMA_SetConfig
                0x08003824       0x2c CMakeFiles/FOCModule.elf.dir/Drivers/STM32F4xx_HAL_Driver/Src/stm32f4xx_hal_dma.c.obj
 .text.DMA_CalcBaseAndBitshift
                0x08003850       0x44 CMakeFiles/FOCModule.elf.dir/Drivers/STM32F4xx_HAL_Driver/Src/stm32f4xx_hal_dma.c.obj
 .text.DMA_CheckFifoParam
                0x08003894       0x8e CMakeFiles/FOCModule.elf.dir/Drivers/STM32F4xx_HAL_Driver/Src/stm32f4xx_hal_dma.c.obj
 *fill*         0x08003922        0x2 
 .text.HAL_DMA_Init
                0x08003924       0xcc CMakeFiles/FOCModule.elf.dir/Drivers/STM32F4xx_HAL_Driver/Src/stm32f4xx_hal_dma.c.obj
                0x08003924                HAL_DMA_Init
 .text.HAL_DMA_Start_IT
                0x080039f0       0x6a CMakeFiles/FOCModule.elf.dir/Drivers/STM32F4xx_HAL_Driver/Src/stm32f4xx_hal_dma.c.obj
                0x080039f0                HAL_DMA_Start_IT
 *fill*         0x08003a5a        0x2 
 .text.HAL_DMA_IRQHandler
                0x08003a5c      0x1dc CMakeFiles/FOCModule.elf.dir/Drivers/STM32F4xx_HAL_Driver/Src/stm32f4xx_hal_dma.c.obj
                0x08003a5c                HAL_DMA_IRQHandler
 .text.HAL_GPIO_Init
                0x08003c38      0x1e4 CMakeFiles/FOCModule.elf.dir/Drivers/STM32F4xx_HAL_Driver/Src/stm32f4xx_hal_gpio.c.obj
                0x08003c38                HAL_GPIO_Init
 .text.HAL_GPIO_WritePin
                0x08003e1c        0xc CMakeFiles/FOCModule.elf.dir/Drivers/STM32F4xx_HAL_Driver/Src/stm32f4xx_hal_gpio.c.obj
                0x08003e1c                HAL_GPIO_WritePin
 .text.HAL_GPIO_TogglePin
                0x08003e28       0x12 CMakeFiles/FOCModule.elf.dir/Drivers/STM32F4xx_HAL_Driver/Src/stm32f4xx_hal_gpio.c.obj
                0x08003e28                HAL_GPIO_TogglePin
 .text.I2C_IsAcknowledgeFailed
                0x08003e3a       0x32 CMakeFiles/FOCModule.elf.dir/Drivers/STM32F4xx_HAL_Driver/Src/stm32f4xx_hal_i2c.c.obj
 .text.I2C_WaitOnFlagUntilTimeout
                0x08003e6c       0x7c CMakeFiles/FOCModule.elf.dir/Drivers/STM32F4xx_HAL_Driver/Src/stm32f4xx_hal_i2c.c.obj
 .text.I2C_WaitOnMasterAddressFlagUntilTimeout
                0x08003ee8       0xaa CMakeFiles/FOCModule.elf.dir/Drivers/STM32F4xx_HAL_Driver/Src/stm32f4xx_hal_i2c.c.obj
 .text.I2C_WaitOnTXEFlagUntilTimeout
                0x08003f92       0x54 CMakeFiles/FOCModule.elf.dir/Drivers/STM32F4xx_HAL_Driver/Src/stm32f4xx_hal_i2c.c.obj
 *fill*         0x08003fe6        0x2 
 .text.I2C_RequestMemoryWrite
                0x08003fe8       0xd8 CMakeFiles/FOCModule.elf.dir/Drivers/STM32F4xx_HAL_Driver/Src/stm32f4xx_hal_i2c.c.obj
 .text.I2C_RequestMemoryRead
                0x080040c0      0x154 CMakeFiles/FOCModule.elf.dir/Drivers/STM32F4xx_HAL_Driver/Src/stm32f4xx_hal_i2c.c.obj
 .text.I2C_WaitOnBTFFlagUntilTimeout
                0x08004214       0x54 CMakeFiles/FOCModule.elf.dir/Drivers/STM32F4xx_HAL_Driver/Src/stm32f4xx_hal_i2c.c.obj
 .text.I2C_WaitOnRXNEFlagUntilTimeout
                0x08004268       0x6a CMakeFiles/FOCModule.elf.dir/Drivers/STM32F4xx_HAL_Driver/Src/stm32f4xx_hal_i2c.c.obj
 *fill*         0x080042d2        0x2 
 .text.HAL_I2C_Init
                0x080042d4      0x1bc CMakeFiles/FOCModule.elf.dir/Drivers/STM32F4xx_HAL_Driver/Src/stm32f4xx_hal_i2c.c.obj
                0x080042d4                HAL_I2C_Init
 .text.HAL_I2C_Mem_Write
                0x08004490      0x164 CMakeFiles/FOCModule.elf.dir/Drivers/STM32F4xx_HAL_Driver/Src/stm32f4xx_hal_i2c.c.obj
                0x08004490                HAL_I2C_Mem_Write
 .text.HAL_I2C_Mem_Read
                0x080045f4      0x2e4 CMakeFiles/FOCModule.elf.dir/Drivers/STM32F4xx_HAL_Driver/Src/stm32f4xx_hal_i2c.c.obj
                0x080045f4                HAL_I2C_Mem_Read
 .text.PCD_WriteEmptyTxFifo
                0x080048d8       0xd0 CMakeFiles/FOCModule.elf.dir/Drivers/STM32F4xx_HAL_Driver/Src/stm32f4xx_hal_pcd.c.obj
 .text.HAL_PCD_Init
                0x080049a8      0x12e CMakeFiles/FOCModule.elf.dir/Drivers/STM32F4xx_HAL_Driver/Src/stm32f4xx_hal_pcd.c.obj
                0x080049a8                HAL_PCD_Init
 .text.HAL_PCD_Start
                0x08004ad6       0x42 CMakeFiles/FOCModule.elf.dir/Drivers/STM32F4xx_HAL_Driver/Src/stm32f4xx_hal_pcd.c.obj
                0x08004ad6                HAL_PCD_Start
 .text.PCD_EP_OutXfrComplete_int
                0x08004b18      0x104 CMakeFiles/FOCModule.elf.dir/Drivers/STM32F4xx_HAL_Driver/Src/stm32f4xx_hal_pcd.c.obj
 .text.PCD_EP_OutSetupPacket_int
                0x08004c1c       0x50 CMakeFiles/FOCModule.elf.dir/Drivers/STM32F4xx_HAL_Driver/Src/stm32f4xx_hal_pcd.c.obj
 .text.HAL_PCD_SetAddress
                0x08004c6c       0x28 CMakeFiles/FOCModule.elf.dir/Drivers/STM32F4xx_HAL_Driver/Src/stm32f4xx_hal_pcd.c.obj
                0x08004c6c                HAL_PCD_SetAddress
 .text.HAL_PCD_EP_Open
                0x08004c94       0x8a CMakeFiles/FOCModule.elf.dir/Drivers/STM32F4xx_HAL_Driver/Src/stm32f4xx_hal_pcd.c.obj
                0x08004c94                HAL_PCD_EP_Open
 .text.HAL_PCD_EP_Close
                0x08004d1e       0x72 CMakeFiles/FOCModule.elf.dir/Drivers/STM32F4xx_HAL_Driver/Src/stm32f4xx_hal_pcd.c.obj
                0x08004d1e                HAL_PCD_EP_Close
 .text.HAL_PCD_EP_Receive
                0x08004d90       0x5e CMakeFiles/FOCModule.elf.dir/Drivers/STM32F4xx_HAL_Driver/Src/stm32f4xx_hal_pcd.c.obj
                0x08004d90                HAL_PCD_EP_Receive
 .text.HAL_PCD_EP_GetRxCount
                0x08004dee       0x12 CMakeFiles/FOCModule.elf.dir/Drivers/STM32F4xx_HAL_Driver/Src/stm32f4xx_hal_pcd.c.obj
                0x08004dee                HAL_PCD_EP_GetRxCount
 .text.HAL_PCD_EP_Transmit
                0x08004e00       0x5e CMakeFiles/FOCModule.elf.dir/Drivers/STM32F4xx_HAL_Driver/Src/stm32f4xx_hal_pcd.c.obj
                0x08004e00                HAL_PCD_EP_Transmit
 .text.HAL_PCD_EP_SetStall
                0x08004e5e       0x88 CMakeFiles/FOCModule.elf.dir/Drivers/STM32F4xx_HAL_Driver/Src/stm32f4xx_hal_pcd.c.obj
                0x08004e5e                HAL_PCD_EP_SetStall
 .text.HAL_PCD_EP_ClrStall
                0x08004ee6       0x76 CMakeFiles/FOCModule.elf.dir/Drivers/STM32F4xx_HAL_Driver/Src/stm32f4xx_hal_pcd.c.obj
                0x08004ee6                HAL_PCD_EP_ClrStall
 .text.HAL_PCD_EP_Abort
                0x08004f5c       0x34 CMakeFiles/FOCModule.elf.dir/Drivers/STM32F4xx_HAL_Driver/Src/stm32f4xx_hal_pcd.c.obj
                0x08004f5c                HAL_PCD_EP_Abort
 .text.HAL_PCD_IRQHandler
                0x08004f90      0x5c4 CMakeFiles/FOCModule.elf.dir/Drivers/STM32F4xx_HAL_Driver/Src/stm32f4xx_hal_pcd.c.obj
                0x08004f90                HAL_PCD_IRQHandler
 .text.HAL_PCDEx_SetTxFiFo
                0x08005554       0x4c CMakeFiles/FOCModule.elf.dir/Drivers/STM32F4xx_HAL_Driver/Src/stm32f4xx_hal_pcd_ex.c.obj
                0x08005554                HAL_PCDEx_SetTxFiFo
 .text.HAL_PCDEx_SetRxFiFo
                0x080055a0        0x8 CMakeFiles/FOCModule.elf.dir/Drivers/STM32F4xx_HAL_Driver/Src/stm32f4xx_hal_pcd_ex.c.obj
                0x080055a0                HAL_PCDEx_SetRxFiFo
 .text.HAL_PCDEx_LPM_Callback
                0x080055a8        0x2 CMakeFiles/FOCModule.elf.dir/Drivers/STM32F4xx_HAL_Driver/Src/stm32f4xx_hal_pcd_ex.c.obj
                0x080055a8                HAL_PCDEx_LPM_Callback
 *fill*         0x080055aa        0x2 
 .text.HAL_RCC_OscConfig
                0x080055ac      0x3f8 CMakeFiles/FOCModule.elf.dir/Drivers/STM32F4xx_HAL_Driver/Src/stm32f4xx_hal_rcc.c.obj
                0x080055ac                HAL_RCC_OscConfig
 .text.HAL_RCC_GetSysClockFreq
                0x080059a4       0xd4 CMakeFiles/FOCModule.elf.dir/Drivers/STM32F4xx_HAL_Driver/Src/stm32f4xx_hal_rcc.c.obj
                0x080059a4                HAL_RCC_GetSysClockFreq
 .text.HAL_RCC_ClockConfig
                0x08005a78      0x160 CMakeFiles/FOCModule.elf.dir/Drivers/STM32F4xx_HAL_Driver/Src/stm32f4xx_hal_rcc.c.obj
                0x08005a78                HAL_RCC_ClockConfig
 .text.HAL_RCC_GetHCLKFreq
                0x08005bd8        0xc CMakeFiles/FOCModule.elf.dir/Drivers/STM32F4xx_HAL_Driver/Src/stm32f4xx_hal_rcc.c.obj
                0x08005bd8                HAL_RCC_GetHCLKFreq
 .text.HAL_RCC_GetPCLK1Freq
                0x08005be4       0x20 CMakeFiles/FOCModule.elf.dir/Drivers/STM32F4xx_HAL_Driver/Src/stm32f4xx_hal_rcc.c.obj
                0x08005be4                HAL_RCC_GetPCLK1Freq
 .text.HAL_RCC_GetPCLK2Freq
                0x08005c04       0x20 CMakeFiles/FOCModule.elf.dir/Drivers/STM32F4xx_HAL_Driver/Src/stm32f4xx_hal_rcc.c.obj
                0x08005c04                HAL_RCC_GetPCLK2Freq
 .text.HAL_SPI_Init
                0x08005c24       0xbe CMakeFiles/FOCModule.elf.dir/Drivers/STM32F4xx_HAL_Driver/Src/stm32f4xx_hal_spi.c.obj
                0x08005c24                HAL_SPI_Init
 *fill*         0x08005ce2        0x2 
 .text.TIM_OC1_SetConfig
                0x08005ce4       0x68 CMakeFiles/FOCModule.elf.dir/Drivers/STM32F4xx_HAL_Driver/Src/stm32f4xx_hal_tim.c.obj
 .text.TIM_OC3_SetConfig
                0x08005d4c       0x70 CMakeFiles/FOCModule.elf.dir/Drivers/STM32F4xx_HAL_Driver/Src/stm32f4xx_hal_tim.c.obj
 .text.TIM_OC4_SetConfig
                0x08005dbc       0x50 CMakeFiles/FOCModule.elf.dir/Drivers/STM32F4xx_HAL_Driver/Src/stm32f4xx_hal_tim.c.obj
 .text.TIM_TI1_ConfigInputStage
                0x08005e0c       0x26 CMakeFiles/FOCModule.elf.dir/Drivers/STM32F4xx_HAL_Driver/Src/stm32f4xx_hal_tim.c.obj
 .text.TIM_TI2_ConfigInputStage
                0x08005e32       0x28 CMakeFiles/FOCModule.elf.dir/Drivers/STM32F4xx_HAL_Driver/Src/stm32f4xx_hal_tim.c.obj
 .text.TIM_ITRx_SetConfig
                0x08005e5a       0x10 CMakeFiles/FOCModule.elf.dir/Drivers/STM32F4xx_HAL_Driver/Src/stm32f4xx_hal_tim.c.obj
 *fill*         0x08005e6a        0x2 
 .text.HAL_TIM_Base_Start
                0x08005e6c       0x7c CMakeFiles/FOCModule.elf.dir/Drivers/STM32F4xx_HAL_Driver/Src/stm32f4xx_hal_tim.c.obj
                0x08005e6c                HAL_TIM_Base_Start
 .text.HAL_TIM_Base_Start_IT
                0x08005ee8       0x88 CMakeFiles/FOCModule.elf.dir/Drivers/STM32F4xx_HAL_Driver/Src/stm32f4xx_hal_tim.c.obj
                0x08005ee8                HAL_TIM_Base_Start_IT
 .text.HAL_TIM_PWM_MspInit
                0x08005f70        0x2 CMakeFiles/FOCModule.elf.dir/Drivers/STM32F4xx_HAL_Driver/Src/stm32f4xx_hal_tim.c.obj
                0x08005f70                HAL_TIM_PWM_MspInit
 .text.HAL_TIM_OC_DelayElapsedCallback
                0x08005f72        0x2 CMakeFiles/FOCModule.elf.dir/Drivers/STM32F4xx_HAL_Driver/Src/stm32f4xx_hal_tim.c.obj
                0x08005f72                HAL_TIM_OC_DelayElapsedCallback
 .text.HAL_TIM_IC_CaptureCallback
                0x08005f74        0x2 CMakeFiles/FOCModule.elf.dir/Drivers/STM32F4xx_HAL_Driver/Src/stm32f4xx_hal_tim.c.obj
                0x08005f74                HAL_TIM_IC_CaptureCallback
 .text.HAL_TIM_PWM_PulseFinishedCallback
                0x08005f76        0x2 CMakeFiles/FOCModule.elf.dir/Drivers/STM32F4xx_HAL_Driver/Src/stm32f4xx_hal_tim.c.obj
                0x08005f76                HAL_TIM_PWM_PulseFinishedCallback
 .text.HAL_TIM_TriggerCallback
                0x08005f78        0x2 CMakeFiles/FOCModule.elf.dir/Drivers/STM32F4xx_HAL_Driver/Src/stm32f4xx_hal_tim.c.obj
                0x08005f78                HAL_TIM_TriggerCallback
 .text.HAL_TIM_IRQHandler
                0x08005f7a      0x17a CMakeFiles/FOCModule.elf.dir/Drivers/STM32F4xx_HAL_Driver/Src/stm32f4xx_hal_tim.c.obj
                0x08005f7a                HAL_TIM_IRQHandler
 .text.TIM_Base_SetConfig
                0x080060f4       0xc8 CMakeFiles/FOCModule.elf.dir/Drivers/STM32F4xx_HAL_Driver/Src/stm32f4xx_hal_tim.c.obj
                0x080060f4                TIM_Base_SetConfig
 .text.HAL_TIM_Base_Init
                0x080061bc       0x58 CMakeFiles/FOCModule.elf.dir/Drivers/STM32F4xx_HAL_Driver/Src/stm32f4xx_hal_tim.c.obj
                0x080061bc                HAL_TIM_Base_Init
 .text.HAL_TIM_PWM_Init
                0x08006214       0x58 CMakeFiles/FOCModule.elf.dir/Drivers/STM32F4xx_HAL_Driver/Src/stm32f4xx_hal_tim.c.obj
                0x08006214                HAL_TIM_PWM_Init
 .text.TIM_OC2_SetConfig
                0x0800626c       0x70 CMakeFiles/FOCModule.elf.dir/Drivers/STM32F4xx_HAL_Driver/Src/stm32f4xx_hal_tim.c.obj
                0x0800626c                TIM_OC2_SetConfig
 .text.HAL_TIM_PWM_ConfigChannel
                0x080062dc       0xdc CMakeFiles/FOCModule.elf.dir/Drivers/STM32F4xx_HAL_Driver/Src/stm32f4xx_hal_tim.c.obj
                0x080062dc                HAL_TIM_PWM_ConfigChannel
 .text.TIM_ETR_SetConfig
                0x080063b8       0x1a CMakeFiles/FOCModule.elf.dir/Drivers/STM32F4xx_HAL_Driver/Src/stm32f4xx_hal_tim.c.obj
                0x080063b8                TIM_ETR_SetConfig
 .text.HAL_TIM_ConfigClockSource
                0x080063d2       0xfe CMakeFiles/FOCModule.elf.dir/Drivers/STM32F4xx_HAL_Driver/Src/stm32f4xx_hal_tim.c.obj
                0x080063d2                HAL_TIM_ConfigClockSource
 .text.TIM_CCxChannelCmd
                0x080064d0       0x1e CMakeFiles/FOCModule.elf.dir/Drivers/STM32F4xx_HAL_Driver/Src/stm32f4xx_hal_tim.c.obj
                0x080064d0                TIM_CCxChannelCmd
 *fill*         0x080064ee        0x2 
 .text.HAL_TIM_PWM_Start
                0x080064f0      0x104 CMakeFiles/FOCModule.elf.dir/Drivers/STM32F4xx_HAL_Driver/Src/stm32f4xx_hal_tim.c.obj
                0x080064f0                HAL_TIM_PWM_Start
 .text.TIM_CCxNChannelCmd
                0x080065f4       0x1e CMakeFiles/FOCModule.elf.dir/Drivers/STM32F4xx_HAL_Driver/Src/stm32f4xx_hal_tim_ex.c.obj
 *fill*         0x08006612        0x2 
 .text.HAL_TIMEx_OCN_Start
                0x08006614       0xf8 CMakeFiles/FOCModule.elf.dir/Drivers/STM32F4xx_HAL_Driver/Src/stm32f4xx_hal_tim_ex.c.obj
                0x08006614                HAL_TIMEx_OCN_Start
 .text.HAL_TIMEx_MasterConfigSynchronization
                0x0800670c       0x8c CMakeFiles/FOCModule.elf.dir/Drivers/STM32F4xx_HAL_Driver/Src/stm32f4xx_hal_tim_ex.c.obj
                0x0800670c                HAL_TIMEx_MasterConfigSynchronization
 .text.HAL_TIMEx_ConfigBreakDeadTime
                0x08006798       0x52 CMakeFiles/FOCModule.elf.dir/Drivers/STM32F4xx_HAL_Driver/Src/stm32f4xx_hal_tim_ex.c.obj
                0x08006798                HAL_TIMEx_ConfigBreakDeadTime
 .text.HAL_TIMEx_CommutCallback
                0x080067ea        0x2 CMakeFiles/FOCModule.elf.dir/Drivers/STM32F4xx_HAL_Driver/Src/stm32f4xx_hal_tim_ex.c.obj
                0x080067ea                HAL_TIMEx_CommutCallback
 .text.HAL_TIMEx_BreakCallback
                0x080067ec        0x2 CMakeFiles/FOCModule.elf.dir/Drivers/STM32F4xx_HAL_Driver/Src/stm32f4xx_hal_tim_ex.c.obj
                0x080067ec                HAL_TIMEx_BreakCallback
 *fill*         0x080067ee        0x2 
 .text.UART_SetConfig
                0x080067f0      0x110 CMakeFiles/FOCModule.elf.dir/Drivers/STM32F4xx_HAL_Driver/Src/stm32f4xx_hal_uart.c.obj
 .text.HAL_UART_Init
                0x08006900       0x5e CMakeFiles/FOCModule.elf.dir/Drivers/STM32F4xx_HAL_Driver/Src/stm32f4xx_hal_uart.c.obj
                0x08006900                HAL_UART_Init
 *fill*         0x0800695e        0x2 
 .text.USB_CoreReset
                0x08006960       0x50 CMakeFiles/FOCModule.elf.dir/Drivers/STM32F4xx_HAL_Driver/Src/stm32f4xx_ll_usb.c.obj
 .text.USB_CoreInit
                0x080069b0       0x8a CMakeFiles/FOCModule.elf.dir/Drivers/STM32F4xx_HAL_Driver/Src/stm32f4xx_ll_usb.c.obj
                0x080069b0                USB_CoreInit
 *fill*         0x08006a3a        0x2 
 .text.USB_SetTurnaroundTime
                0x08006a3c       0xe4 CMakeFiles/FOCModule.elf.dir/Drivers/STM32F4xx_HAL_Driver/Src/stm32f4xx_ll_usb.c.obj
                0x08006a3c                USB_SetTurnaroundTime
 .text.USB_EnableGlobalInt
                0x08006b20        0xc CMakeFiles/FOCModule.elf.dir/Drivers/STM32F4xx_HAL_Driver/Src/stm32f4xx_ll_usb.c.obj
                0x08006b20                USB_EnableGlobalInt
 .text.USB_DisableGlobalInt
                0x08006b2c        0xc CMakeFiles/FOCModule.elf.dir/Drivers/STM32F4xx_HAL_Driver/Src/stm32f4xx_ll_usb.c.obj
                0x08006b2c                USB_DisableGlobalInt
 .text.USB_FlushTxFifo
                0x08006b38       0x50 CMakeFiles/FOCModule.elf.dir/Drivers/STM32F4xx_HAL_Driver/Src/stm32f4xx_ll_usb.c.obj
                0x08006b38                USB_FlushTxFifo
 .text.USB_FlushRxFifo
                0x08006b88       0x4c CMakeFiles/FOCModule.elf.dir/Drivers/STM32F4xx_HAL_Driver/Src/stm32f4xx_ll_usb.c.obj
                0x08006b88                USB_FlushRxFifo
 .text.USB_SetDevSpeed
                0x08006bd4        0xe CMakeFiles/FOCModule.elf.dir/Drivers/STM32F4xx_HAL_Driver/Src/stm32f4xx_ll_usb.c.obj
                0x08006bd4                USB_SetDevSpeed
 *fill*         0x08006be2        0x2 
 .text.USB_DevInit
                0x08006be4      0x190 CMakeFiles/FOCModule.elf.dir/Drivers/STM32F4xx_HAL_Driver/Src/stm32f4xx_ll_usb.c.obj
                0x08006be4                USB_DevInit
 .text.USB_GetDevSpeed
                0x08006d74       0x22 CMakeFiles/FOCModule.elf.dir/Drivers/STM32F4xx_HAL_Driver/Src/stm32f4xx_ll_usb.c.obj
                0x08006d74                USB_GetDevSpeed
 .text.USB_ActivateEndpoint
                0x08006d96       0x9c CMakeFiles/FOCModule.elf.dir/Drivers/STM32F4xx_HAL_Driver/Src/stm32f4xx_ll_usb.c.obj
                0x08006d96                USB_ActivateEndpoint
 *fill*         0x08006e32        0x2 
 .text.USB_DeactivateEndpoint
                0x08006e34       0xe0 CMakeFiles/FOCModule.elf.dir/Drivers/STM32F4xx_HAL_Driver/Src/stm32f4xx_ll_usb.c.obj
                0x08006e34                USB_DeactivateEndpoint
 .text.USB_EP0StartXfer
                0x08006f14      0x124 CMakeFiles/FOCModule.elf.dir/Drivers/STM32F4xx_HAL_Driver/Src/stm32f4xx_ll_usb.c.obj
                0x08006f14                USB_EP0StartXfer
 .text.USB_EPStopXfer
                0x08007038       0xbe CMakeFiles/FOCModule.elf.dir/Drivers/STM32F4xx_HAL_Driver/Src/stm32f4xx_ll_usb.c.obj
                0x08007038                USB_EPStopXfer
 .text.USB_WritePacket
                0x080070f6       0x2e CMakeFiles/FOCModule.elf.dir/Drivers/STM32F4xx_HAL_Driver/Src/stm32f4xx_ll_usb.c.obj
                0x080070f6                USB_WritePacket
 .text.USB_EPStartXfer
                0x08007124      0x234 CMakeFiles/FOCModule.elf.dir/Drivers/STM32F4xx_HAL_Driver/Src/stm32f4xx_ll_usb.c.obj
                0x08007124                USB_EPStartXfer
 .text.USB_ReadPacket
                0x08007358       0x54 CMakeFiles/FOCModule.elf.dir/Drivers/STM32F4xx_HAL_Driver/Src/stm32f4xx_ll_usb.c.obj
                0x08007358                USB_ReadPacket
 .text.USB_EPSetStall
                0x080073ac       0x5a CMakeFiles/FOCModule.elf.dir/Drivers/STM32F4xx_HAL_Driver/Src/stm32f4xx_ll_usb.c.obj
                0x080073ac                USB_EPSetStall
 .text.USB_EPClearStall
                0x08007406       0x5c CMakeFiles/FOCModule.elf.dir/Drivers/STM32F4xx_HAL_Driver/Src/stm32f4xx_ll_usb.c.obj
                0x08007406                USB_EPClearStall
 .text.USB_SetDevAddress
                0x08007462       0x20 CMakeFiles/FOCModule.elf.dir/Drivers/STM32F4xx_HAL_Driver/Src/stm32f4xx_ll_usb.c.obj
                0x08007462                USB_SetDevAddress
 .text.USB_DevConnect
                0x08007482       0x1c CMakeFiles/FOCModule.elf.dir/Drivers/STM32F4xx_HAL_Driver/Src/stm32f4xx_ll_usb.c.obj
                0x08007482                USB_DevConnect
 .text.USB_DevDisconnect
                0x0800749e       0x1c CMakeFiles/FOCModule.elf.dir/Drivers/STM32F4xx_HAL_Driver/Src/stm32f4xx_ll_usb.c.obj
                0x0800749e                USB_DevDisconnect
 .text.USB_ReadInterrupts
                0x080074ba        0x8 CMakeFiles/FOCModule.elf.dir/Drivers/STM32F4xx_HAL_Driver/Src/stm32f4xx_ll_usb.c.obj
                0x080074ba                USB_ReadInterrupts
 .text.USB_ReadDevAllOutEpInterrupt
                0x080074c2       0x10 CMakeFiles/FOCModule.elf.dir/Drivers/STM32F4xx_HAL_Driver/Src/stm32f4xx_ll_usb.c.obj
                0x080074c2                USB_ReadDevAllOutEpInterrupt
 .text.USB_ReadDevAllInEpInterrupt
                0x080074d2       0x10 CMakeFiles/FOCModule.elf.dir/Drivers/STM32F4xx_HAL_Driver/Src/stm32f4xx_ll_usb.c.obj
                0x080074d2                USB_ReadDevAllInEpInterrupt
 .text.USB_ReadDevOutEPInterrupt
                0x080074e2       0x12 CMakeFiles/FOCModule.elf.dir/Drivers/STM32F4xx_HAL_Driver/Src/stm32f4xx_ll_usb.c.obj
                0x080074e2                USB_ReadDevOutEPInterrupt
 .text.USB_ReadDevInEPInterrupt
                0x080074f4       0x28 CMakeFiles/FOCModule.elf.dir/Drivers/STM32F4xx_HAL_Driver/Src/stm32f4xx_ll_usb.c.obj
                0x080074f4                USB_ReadDevInEPInterrupt
 .text.USB_GetMode
                0x0800751c        0x8 CMakeFiles/FOCModule.elf.dir/Drivers/STM32F4xx_HAL_Driver/Src/stm32f4xx_ll_usb.c.obj
                0x0800751c                USB_GetMode
 .text.USB_SetCurrentMode
                0x08007524       0x62 CMakeFiles/FOCModule.elf.dir/Drivers/STM32F4xx_HAL_Driver/Src/stm32f4xx_ll_usb.c.obj
                0x08007524                USB_SetCurrentMode
 .text.USB_ActivateSetup
                0x08007586       0x20 CMakeFiles/FOCModule.elf.dir/Drivers/STM32F4xx_HAL_Driver/Src/stm32f4xx_ll_usb.c.obj
                0x08007586                USB_ActivateSetup
 *fill*         0x080075a6        0x2 
 .text.USB_EP0_OutStart
                0x080075a8       0x60 CMakeFiles/FOCModule.elf.dir/Drivers/STM32F4xx_HAL_Driver/Src/stm32f4xx_ll_usb.c.obj
                0x080075a8                USB_EP0_OutStart
 .text.AS5600_init
                0x08007608       0x34 CMakeFiles/FOCModule.elf.dir/FOC/Encoder/Src/AS5600.c.obj
                0x08007608                AS5600_init
 .text.AS5600_detectMagnet
                0x0800763c       0x40 CMakeFiles/FOCModule.elf.dir/FOC/Encoder/Src/AS5600.c.obj
                0x0800763c                AS5600_detectMagnet
 .text.AS5600_ReadSensorRawData
                0x0800767c       0x54 CMakeFiles/FOCModule.elf.dir/FOC/Encoder/Src/AS5600.c.obj
                0x0800767c                AS5600_ReadSensorRawData
 .text.FOC_LPF_output
                0x080076d0       0x22 CMakeFiles/FOCModule.elf.dir/FOC/Src/FOC_LPF.c.obj
                0x080076d0                FOC_LPF_output
 *fill*         0x080076f2        0x2 
 .text.FOC_PID_get_u
                0x080076f4       0xf4 CMakeFiles/FOCModule.elf.dir/FOC/Src/FOC_PID.c.obj
                0x080076f4                FOC_PID_get_u
 .text.FOC_set_duty_cycle
                0x080077e8       0x90 CMakeFiles/FOCModule.elf.dir/FOC/Src/FOC_PWM.c.obj
                0x080077e8                FOC_set_duty_cycle
 .text.FOC_tim_init
                0x08007878       0x54 CMakeFiles/FOCModule.elf.dir/FOC/Src/FOC_PWM.c.obj
                0x08007878                FOC_tim_init
 .text.FOC_comm_init
                0x080078cc       0x30 CMakeFiles/FOCModule.elf.dir/FOC/Src/FOC_comm.c.obj
                0x080078cc                FOC_comm_init
 .text.FOC_comm_parse_command
                0x080078fc      0x22c CMakeFiles/FOCModule.elf.dir/FOC/Src/FOC_comm.c.obj
                0x080078fc                FOC_comm_parse_command
 .text.HAL_CAN_RxFifo0MsgPendingCallback
                0x08007b28      0x298 CMakeFiles/FOCModule.elf.dir/FOC/Src/FOC_comm.c.obj
                0x08007b28                HAL_CAN_RxFifo0MsgPendingCallback
 .text.CAN_send_message
                0x08007dc0       0xfc CMakeFiles/FOCModule.elf.dir/FOC/Src/FOC_comm.c.obj
                0x08007dc0                CAN_send_message
 .text.HAL_TIM_PeriodElapsedCallback
                0x08007ebc       0x18 CMakeFiles/FOCModule.elf.dir/FOC/Src/FOC_comm.c.obj
                0x08007ebc                HAL_TIM_PeriodElapsedCallback
 .text.FOC_SVPWM
                0x08007ed4      0x2d4 CMakeFiles/FOCModule.elf.dir/FOC/Src/FOC_core.c.obj
                0x08007ed4                FOC_SVPWM
 .text.FOC_calibrate
                0x080081a8       0x50 CMakeFiles/FOCModule.elf.dir/FOC/Src/FOC_core.c.obj
                0x080081a8                FOC_calibrate
 .text.FOC_Clarke_Transform
                0x080081f8       0x60 CMakeFiles/FOCModule.elf.dir/FOC/Src/FOC_core.c.obj
                0x080081f8                FOC_Clarke_Transform
 .text.FOC_Park_Transform
                0x08008258       0x64 CMakeFiles/FOCModule.elf.dir/FOC/Src/FOC_core.c.obj
                0x08008258                FOC_Park_Transform
 .text.FOC_voltage_loop
                0x080082bc       0x1c CMakeFiles/FOCModule.elf.dir/FOC/Src/FOC_core.c.obj
                0x080082bc                FOC_voltage_loop
 .text.FOC_current_loop
                0x080082d8       0xe0 CMakeFiles/FOCModule.elf.dir/FOC/Src/FOC_core.c.obj
                0x080082d8                FOC_current_loop
 .text.FOC_velocity_loop
                0x080083b8       0x24 CMakeFiles/FOCModule.elf.dir/FOC/Src/FOC_core.c.obj
                0x080083b8                FOC_velocity_loop
 .text.FOC_position_loop
                0x080083dc       0x88 CMakeFiles/FOCModule.elf.dir/FOC/Src/FOC_core.c.obj
                0x080083dc                FOC_position_loop
 .text.FOC_main_loop
                0x08008464      0x154 CMakeFiles/FOCModule.elf.dir/FOC/Src/FOC_core.c.obj
                0x08008464                FOC_main_loop
 .text.voltage_mode_read_current
                0x080085b8       0x68 CMakeFiles/FOCModule.elf.dir/FOC/Src/FOC_core.c.obj
                0x080085b8                voltage_mode_read_current
 .text.FOC_current_callback
                0x08008620       0x2c CMakeFiles/FOCModule.elf.dir/FOC/Src/FOC_core.c.obj
                0x08008620                FOC_current_callback
 .text.FOC_cs_init
                0x0800864c       0x28 CMakeFiles/FOCModule.elf.dir/FOC/Src/FOC_current_sense.c.obj
                0x0800864c                FOC_cs_init
 .text.HAL_ADCEx_InjectedConvCpltCallback
                0x08008674       0x58 CMakeFiles/FOCModule.elf.dir/FOC/Src/FOC_current_sense.c.obj
                0x08008674                HAL_ADCEx_InjectedConvCpltCallback
 .text.FOC_cs_read_current
                0x080086cc       0xd0 CMakeFiles/FOCModule.elf.dir/FOC/Src/FOC_current_sense.c.obj
                0x080086cc                FOC_cs_read_current
 .text.FOC_encoder_read_raw_data
                0x0800879c       0x18 CMakeFiles/FOCModule.elf.dir/FOC/Src/FOC_encoder.c.obj
                0x0800879c                FOC_encoder_read_raw_data
 .text.FOC_encoder_read_mechanical_angle
                0x080087b4       0x30 CMakeFiles/FOCModule.elf.dir/FOC/Src/FOC_encoder.c.obj
                0x080087b4                FOC_encoder_read_mechanical_angle
 .text.FOC_encoder_init
                0x080087e4       0x20 CMakeFiles/FOCModule.elf.dir/FOC/Src/FOC_encoder.c.obj
                0x080087e4                FOC_encoder_init
 .text.FOC_encoder_compute_electrical_angle
                0x08008804       0x4c CMakeFiles/FOCModule.elf.dir/FOC/Src/FOC_encoder.c.obj
                0x08008804                FOC_encoder_compute_electrical_angle
 .text.FOC_encoder_compute_velocity
                0x08008850       0xac CMakeFiles/FOCModule.elf.dir/FOC/Src/FOC_encoder.c.obj
                0x08008850                FOC_encoder_compute_velocity
 .text.FOC_scope_init
                0x080088fc       0x1c CMakeFiles/FOCModule.elf.dir/FOC/Src/FOC_scope.c.obj
                0x080088fc                FOC_scope_init
 .text.FOC_scope_probe
                0x08008918       0x2c CMakeFiles/FOCModule.elf.dir/FOC/Src/FOC_scope.c.obj
                0x08008918                FOC_scope_probe
 .text.FOC_status_init
                0x08008944       0x20 CMakeFiles/FOCModule.elf.dir/FOC/Src/FOC_status.c.obj
                0x08008944                FOC_status_init
 .text.FOC_status_process
                0x08008964       0x64 CMakeFiles/FOCModule.elf.dir/FOC/Src/FOC_status.c.obj
                0x08008964                FOC_status_process
 .text.FOC_utility_init
                0x080089c8       0x10 CMakeFiles/FOCModule.elf.dir/FOC/Src/FOC_utility.c.obj
                0x080089c8                FOC_utility_init
 .text._checkRange
                0x080089d8       0x20 CMakeFiles/FOCModule.elf.dir/FOC/Src/FOC_utility.c.obj
                0x080089d8                _checkRange
 .text._normalizeAngle
                0x080089f8       0x24 CMakeFiles/FOCModule.elf.dir/FOC/Src/FOC_utility.c.obj
                0x080089f8                _normalizeAngle
 .text._spanMicro
                0x08008a1c       0x18 CMakeFiles/FOCModule.elf.dir/FOC/Src/FOC_utility.c.obj
                0x08008a1c                _spanMicro
 .text._NTCTemp
                0x08008a34       0x40 CMakeFiles/FOCModule.elf.dir/FOC/Src/FOC_utility.c.obj
                0x08008a34                _NTCTemp
 .text.USBD_CDC_EP0_RxReady
                0x08008a74       0x40 CMakeFiles/FOCModule.elf.dir/Middlewares/ST/STM32_USB_Device_Library/Class/CDC/Src/usbd_cdc.c.obj
 .text.USBD_CDC_GetDeviceQualifierDescriptor
                0x08008ab4        0xc CMakeFiles/FOCModule.elf.dir/Middlewares/ST/STM32_USB_Device_Library/Class/CDC/Src/usbd_cdc.c.obj
                0x08008ab4                USBD_CDC_GetDeviceQualifierDescriptor
 .text.USBD_CDC_GetOtherSpeedCfgDesc
                0x08008ac0       0x48 CMakeFiles/FOCModule.elf.dir/Middlewares/ST/STM32_USB_Device_Library/Class/CDC/Src/usbd_cdc.c.obj
 .text.USBD_CDC_GetFSCfgDesc
                0x08008b08       0x48 CMakeFiles/FOCModule.elf.dir/Middlewares/ST/STM32_USB_Device_Library/Class/CDC/Src/usbd_cdc.c.obj
 .text.USBD_CDC_GetHSCfgDesc
                0x08008b50       0x48 CMakeFiles/FOCModule.elf.dir/Middlewares/ST/STM32_USB_Device_Library/Class/CDC/Src/usbd_cdc.c.obj
 .text.USBD_CDC_DataOut
                0x08008b98       0x38 CMakeFiles/FOCModule.elf.dir/Middlewares/ST/STM32_USB_Device_Library/Class/CDC/Src/usbd_cdc.c.obj
 .text.USBD_CDC_DataIn
                0x08008bd0       0x7c CMakeFiles/FOCModule.elf.dir/Middlewares/ST/STM32_USB_Device_Library/Class/CDC/Src/usbd_cdc.c.obj
 .text.USBD_CDC_Setup
                0x08008c4c      0x11a CMakeFiles/FOCModule.elf.dir/Middlewares/ST/STM32_USB_Device_Library/Class/CDC/Src/usbd_cdc.c.obj
 .text.USBD_CDC_DeInit
                0x08008d66       0x64 CMakeFiles/FOCModule.elf.dir/Middlewares/ST/STM32_USB_Device_Library/Class/CDC/Src/usbd_cdc.c.obj
 .text.USBD_CDC_Init
                0x08008dca       0xee CMakeFiles/FOCModule.elf.dir/Middlewares/ST/STM32_USB_Device_Library/Class/CDC/Src/usbd_cdc.c.obj
 .text.USBD_CDC_RegisterInterface
                0x08008eb8       0x16 CMakeFiles/FOCModule.elf.dir/Middlewares/ST/STM32_USB_Device_Library/Class/CDC/Src/usbd_cdc.c.obj
                0x08008eb8                USBD_CDC_RegisterInterface
 .text.USBD_CDC_SetTxBuffer
                0x08008ece       0x1c CMakeFiles/FOCModule.elf.dir/Middlewares/ST/STM32_USB_Device_Library/Class/CDC/Src/usbd_cdc.c.obj
                0x08008ece                USBD_CDC_SetTxBuffer
 .text.USBD_CDC_SetRxBuffer
                0x08008eea       0x18 CMakeFiles/FOCModule.elf.dir/Middlewares/ST/STM32_USB_Device_Library/Class/CDC/Src/usbd_cdc.c.obj
                0x08008eea                USBD_CDC_SetRxBuffer
 .text.USBD_CDC_TransmitPacket
                0x08008f02       0x3a CMakeFiles/FOCModule.elf.dir/Middlewares/ST/STM32_USB_Device_Library/Class/CDC/Src/usbd_cdc.c.obj
                0x08008f02                USBD_CDC_TransmitPacket
 .text.USBD_CDC_ReceivePacket
                0x08008f3c       0x38 CMakeFiles/FOCModule.elf.dir/Middlewares/ST/STM32_USB_Device_Library/Class/CDC/Src/usbd_cdc.c.obj
                0x08008f3c                USBD_CDC_ReceivePacket
 .text.USBD_Init
                0x08008f74       0x2e CMakeFiles/FOCModule.elf.dir/Middlewares/ST/STM32_USB_Device_Library/Core/Src/usbd_core.c.obj
                0x08008f74                USBD_Init
 .text.USBD_RegisterClass
                0x08008fa2       0x34 CMakeFiles/FOCModule.elf.dir/Middlewares/ST/STM32_USB_Device_Library/Core/Src/usbd_core.c.obj
                0x08008fa2                USBD_RegisterClass
 .text.USBD_Start
                0x08008fd6        0x8 CMakeFiles/FOCModule.elf.dir/Middlewares/ST/STM32_USB_Device_Library/Core/Src/usbd_core.c.obj
                0x08008fd6                USBD_Start
 .text.USBD_SetClassConfig
                0x08008fde       0x12 CMakeFiles/FOCModule.elf.dir/Middlewares/ST/STM32_USB_Device_Library/Core/Src/usbd_core.c.obj
                0x08008fde                USBD_SetClassConfig
 .text.USBD_ClrClassConfig
                0x08008ff0       0x12 CMakeFiles/FOCModule.elf.dir/Middlewares/ST/STM32_USB_Device_Library/Core/Src/usbd_core.c.obj
                0x08008ff0                USBD_ClrClassConfig
 .text.USBD_LL_SetupStage
                0x08009002       0x58 CMakeFiles/FOCModule.elf.dir/Middlewares/ST/STM32_USB_Device_Library/Core/Src/usbd_core.c.obj
                0x08009002                USBD_LL_SetupStage
 .text.USBD_LL_Reset
                0x0800905a       0x64 CMakeFiles/FOCModule.elf.dir/Middlewares/ST/STM32_USB_Device_Library/Core/Src/usbd_core.c.obj
                0x0800905a                USBD_LL_Reset
 .text.USBD_LL_SetSpeed
                0x080090be        0x6 CMakeFiles/FOCModule.elf.dir/Middlewares/ST/STM32_USB_Device_Library/Core/Src/usbd_core.c.obj
                0x080090be                USBD_LL_SetSpeed
 .text.USBD_LL_Suspend
                0x080090c4       0x14 CMakeFiles/FOCModule.elf.dir/Middlewares/ST/STM32_USB_Device_Library/Core/Src/usbd_core.c.obj
                0x080090c4                USBD_LL_Suspend
 .text.USBD_LL_Resume
                0x080090d8       0x1a CMakeFiles/FOCModule.elf.dir/Middlewares/ST/STM32_USB_Device_Library/Core/Src/usbd_core.c.obj
                0x080090d8                USBD_LL_Resume
 .text.USBD_LL_SOF
                0x080090f2       0x22 CMakeFiles/FOCModule.elf.dir/Middlewares/ST/STM32_USB_Device_Library/Core/Src/usbd_core.c.obj
                0x080090f2                USBD_LL_SOF
 .text.USBD_LL_IsoINIncomplete
                0x08009114       0x2e CMakeFiles/FOCModule.elf.dir/Middlewares/ST/STM32_USB_Device_Library/Core/Src/usbd_core.c.obj
                0x08009114                USBD_LL_IsoINIncomplete
 .text.USBD_LL_IsoOUTIncomplete
                0x08009142       0x2e CMakeFiles/FOCModule.elf.dir/Middlewares/ST/STM32_USB_Device_Library/Core/Src/usbd_core.c.obj
                0x08009142                USBD_LL_IsoOUTIncomplete
 .text.USBD_LL_DevConnected
                0x08009170        0x4 CMakeFiles/FOCModule.elf.dir/Middlewares/ST/STM32_USB_Device_Library/Core/Src/usbd_core.c.obj
                0x08009170                USBD_LL_DevConnected
 .text.USBD_LL_DevDisconnected
                0x08009174       0x20 CMakeFiles/FOCModule.elf.dir/Middlewares/ST/STM32_USB_Device_Library/Core/Src/usbd_core.c.obj
                0x08009174                USBD_LL_DevDisconnected
 .text.USBD_CoreFindIF
                0x08009194        0x4 CMakeFiles/FOCModule.elf.dir/Middlewares/ST/STM32_USB_Device_Library/Core/Src/usbd_core.c.obj
                0x08009194                USBD_CoreFindIF
 .text.USBD_CoreFindEP
                0x08009198        0x4 CMakeFiles/FOCModule.elf.dir/Middlewares/ST/STM32_USB_Device_Library/Core/Src/usbd_core.c.obj
                0x08009198                USBD_CoreFindEP
 .text.USBD_LL_DataOutStage
                0x0800919c       0xc6 CMakeFiles/FOCModule.elf.dir/Middlewares/ST/STM32_USB_Device_Library/Core/Src/usbd_core.c.obj
                0x0800919c                USBD_LL_DataOutStage
 .text.USBD_LL_DataInStage
                0x08009262       0xd6 CMakeFiles/FOCModule.elf.dir/Middlewares/ST/STM32_USB_Device_Library/Core/Src/usbd_core.c.obj
                0x08009262                USBD_LL_DataInStage
 .text.USBD_GetNextDesc
                0x08009338        0xe CMakeFiles/FOCModule.elf.dir/Middlewares/ST/STM32_USB_Device_Library/Core/Src/usbd_core.c.obj
                0x08009338                USBD_GetNextDesc
 .text.USBD_GetEpDesc
                0x08009346       0x3e CMakeFiles/FOCModule.elf.dir/Middlewares/ST/STM32_USB_Device_Library/Core/Src/usbd_core.c.obj
                0x08009346                USBD_GetEpDesc
 .text.USBD_GetLen
                0x08009384       0x14 CMakeFiles/FOCModule.elf.dir/Middlewares/ST/STM32_USB_Device_Library/Core/Src/usbd_ctlreq.c.obj
 .text.USBD_ParseSetupRequest
                0x08009398       0x28 CMakeFiles/FOCModule.elf.dir/Middlewares/ST/STM32_USB_Device_Library/Core/Src/usbd_ctlreq.c.obj
                0x08009398                USBD_ParseSetupRequest
 .text.USBD_CtlError
                0x080093c0       0x14 CMakeFiles/FOCModule.elf.dir/Middlewares/ST/STM32_USB_Device_Library/Core/Src/usbd_ctlreq.c.obj
                0x080093c0                USBD_CtlError
 .text.USBD_GetDescriptor
                0x080093d4      0x18a CMakeFiles/FOCModule.elf.dir/Middlewares/ST/STM32_USB_Device_Library/Core/Src/usbd_ctlreq.c.obj
 .text.USBD_SetAddress
                0x0800955e       0x50 CMakeFiles/FOCModule.elf.dir/Middlewares/ST/STM32_USB_Device_Library/Core/Src/usbd_ctlreq.c.obj
 *fill*         0x080095ae        0x2 
 .text.USBD_SetConfig
                0x080095b0       0xcc CMakeFiles/FOCModule.elf.dir/Middlewares/ST/STM32_USB_Device_Library/Core/Src/usbd_ctlreq.c.obj
 .text.USBD_GetConfig
                0x0800967c       0x40 CMakeFiles/FOCModule.elf.dir/Middlewares/ST/STM32_USB_Device_Library/Core/Src/usbd_ctlreq.c.obj
 .text.USBD_GetStatus
                0x080096bc       0x38 CMakeFiles/FOCModule.elf.dir/Middlewares/ST/STM32_USB_Device_Library/Core/Src/usbd_ctlreq.c.obj
 .text.USBD_SetFeature
                0x080096f4       0x2a CMakeFiles/FOCModule.elf.dir/Middlewares/ST/STM32_USB_Device_Library/Core/Src/usbd_ctlreq.c.obj
 .text.USBD_ClrFeature
                0x0800971e       0x26 CMakeFiles/FOCModule.elf.dir/Middlewares/ST/STM32_USB_Device_Library/Core/Src/usbd_ctlreq.c.obj
 .text.USBD_StdDevReq
                0x08009744       0x76 CMakeFiles/FOCModule.elf.dir/Middlewares/ST/STM32_USB_Device_Library/Core/Src/usbd_ctlreq.c.obj
                0x08009744                USBD_StdDevReq
 .text.USBD_StdItfReq
                0x080097ba       0x84 CMakeFiles/FOCModule.elf.dir/Middlewares/ST/STM32_USB_Device_Library/Core/Src/usbd_ctlreq.c.obj
                0x080097ba                USBD_StdItfReq
 .text.USBD_StdEPReq
                0x0800983e      0x230 CMakeFiles/FOCModule.elf.dir/Middlewares/ST/STM32_USB_Device_Library/Core/Src/usbd_ctlreq.c.obj
                0x0800983e                USBD_StdEPReq
 .text.USBD_GetString
                0x08009a6e       0x3a CMakeFiles/FOCModule.elf.dir/Middlewares/ST/STM32_USB_Device_Library/Core/Src/usbd_ctlreq.c.obj
                0x08009a6e                USBD_GetString
 .text.USBD_CtlSendData
                0x08009aa8       0x1a CMakeFiles/FOCModule.elf.dir/Middlewares/ST/STM32_USB_Device_Library/Core/Src/usbd_ioreq.c.obj
                0x08009aa8                USBD_CtlSendData
 .text.USBD_CtlContinueSendData
                0x08009ac2       0x10 CMakeFiles/FOCModule.elf.dir/Middlewares/ST/STM32_USB_Device_Library/Core/Src/usbd_ioreq.c.obj
                0x08009ac2                USBD_CtlContinueSendData
 .text.USBD_CtlPrepareRx
                0x08009ad2       0x1e CMakeFiles/FOCModule.elf.dir/Middlewares/ST/STM32_USB_Device_Library/Core/Src/usbd_ioreq.c.obj
                0x08009ad2                USBD_CtlPrepareRx
 .text.USBD_CtlContinueRx
                0x08009af0       0x10 CMakeFiles/FOCModule.elf.dir/Middlewares/ST/STM32_USB_Device_Library/Core/Src/usbd_ioreq.c.obj
                0x08009af0                USBD_CtlContinueRx
 .text.USBD_CtlSendStatus
                0x08009b00       0x16 CMakeFiles/FOCModule.elf.dir/Middlewares/ST/STM32_USB_Device_Library/Core/Src/usbd_ioreq.c.obj
                0x08009b00                USBD_CtlSendStatus
 .text.USBD_CtlReceiveStatus
                0x08009b16       0x16 CMakeFiles/FOCModule.elf.dir/Middlewares/ST/STM32_USB_Device_Library/Core/Src/usbd_ioreq.c.obj
                0x08009b16                USBD_CtlReceiveStatus
 .text.MX_USB_DEVICE_Init
                0x08009b2c       0x54 CMakeFiles/FOCModule.elf.dir/USB_DEVICE/App/usb_device.c.obj
                0x08009b2c                MX_USB_DEVICE_Init
 .text.CDC_DeInit_FS
                0x08009b80        0x4 CMakeFiles/FOCModule.elf.dir/USB_DEVICE/App/usbd_cdc_if.c.obj
 .text.CDC_Control_FS
                0x08009b84        0x4 CMakeFiles/FOCModule.elf.dir/USB_DEVICE/App/usbd_cdc_if.c.obj
 .text.CDC_TransmitCplt_FS
                0x08009b88        0x4 CMakeFiles/FOCModule.elf.dir/USB_DEVICE/App/usbd_cdc_if.c.obj
 .text.CDC_Receive_FS
                0x08009b8c       0x20 CMakeFiles/FOCModule.elf.dir/USB_DEVICE/App/usbd_cdc_if.c.obj
 .text.CDC_Init_FS
                0x08009bac       0x28 CMakeFiles/FOCModule.elf.dir/USB_DEVICE/App/usbd_cdc_if.c.obj
 .text.CDC_Transmit_FS
                0x08009bd4       0x2c CMakeFiles/FOCModule.elf.dir/USB_DEVICE/App/usbd_cdc_if.c.obj
                0x08009bd4                CDC_Transmit_FS
 .text.CDC_printf
                0x08009c00       0x30 CMakeFiles/FOCModule.elf.dir/USB_DEVICE/App/usbd_cdc_if.c.obj
                0x08009c00                CDC_printf
 .text.USBD_FS_DeviceDescriptor
                0x08009c30        0xc CMakeFiles/FOCModule.elf.dir/USB_DEVICE/App/usbd_desc.c.obj
                0x08009c30                USBD_FS_DeviceDescriptor
 .text.USBD_FS_LangIDStrDescriptor
                0x08009c3c        0xc CMakeFiles/FOCModule.elf.dir/USB_DEVICE/App/usbd_desc.c.obj
                0x08009c3c                USBD_FS_LangIDStrDescriptor
 .text.IntToUnicode
                0x08009c48       0x46 CMakeFiles/FOCModule.elf.dir/USB_DEVICE/App/usbd_desc.c.obj
 *fill*         0x08009c8e        0x2 
 .text.Get_SerialNum
                0x08009c90       0x38 CMakeFiles/FOCModule.elf.dir/USB_DEVICE/App/usbd_desc.c.obj
 .text.USBD_FS_SerialStrDescriptor
                0x08009cc8       0x14 CMakeFiles/FOCModule.elf.dir/USB_DEVICE/App/usbd_desc.c.obj
                0x08009cc8                USBD_FS_SerialStrDescriptor
 .text.USBD_FS_ProductStrDescriptor
                0x08009cdc       0x24 CMakeFiles/FOCModule.elf.dir/USB_DEVICE/App/usbd_desc.c.obj
                0x08009cdc                USBD_FS_ProductStrDescriptor
 .text.USBD_FS_ManufacturerStrDescriptor
                0x08009d00       0x1c CMakeFiles/FOCModule.elf.dir/USB_DEVICE/App/usbd_desc.c.obj
                0x08009d00                USBD_FS_ManufacturerStrDescriptor
 .text.USBD_FS_ConfigStrDescriptor
                0x08009d1c       0x24 CMakeFiles/FOCModule.elf.dir/USB_DEVICE/App/usbd_desc.c.obj
                0x08009d1c                USBD_FS_ConfigStrDescriptor
 .text.USBD_FS_InterfaceStrDescriptor
                0x08009d40       0x24 CMakeFiles/FOCModule.elf.dir/USB_DEVICE/App/usbd_desc.c.obj
                0x08009d40                USBD_FS_InterfaceStrDescriptor
 .text.HAL_PCD_MspInit
                0x08009d64       0x84 CMakeFiles/FOCModule.elf.dir/USB_DEVICE/Target/usbd_conf.c.obj
                0x08009d64                HAL_PCD_MspInit
 .text.HAL_PCD_SetupStageCallback
                0x08009de8       0x10 CMakeFiles/FOCModule.elf.dir/USB_DEVICE/Target/usbd_conf.c.obj
                0x08009de8                HAL_PCD_SetupStageCallback
 .text.HAL_PCD_DataOutStageCallback
                0x08009df8       0x18 CMakeFiles/FOCModule.elf.dir/USB_DEVICE/Target/usbd_conf.c.obj
                0x08009df8                HAL_PCD_DataOutStageCallback
 .text.HAL_PCD_DataInStageCallback
                0x08009e10       0x16 CMakeFiles/FOCModule.elf.dir/USB_DEVICE/Target/usbd_conf.c.obj
                0x08009e10                HAL_PCD_DataInStageCallback
 .text.HAL_PCD_SOFCallback
                0x08009e26        0xc CMakeFiles/FOCModule.elf.dir/USB_DEVICE/Target/usbd_conf.c.obj
                0x08009e26                HAL_PCD_SOFCallback
 .text.HAL_PCD_ResetCallback
                0x08009e32       0x2c CMakeFiles/FOCModule.elf.dir/USB_DEVICE/Target/usbd_conf.c.obj
                0x08009e32                HAL_PCD_ResetCallback
 *fill*         0x08009e5e        0x2 
 .text.HAL_PCD_SuspendCallback
                0x08009e60       0x30 CMakeFiles/FOCModule.elf.dir/USB_DEVICE/Target/usbd_conf.c.obj
                0x08009e60                HAL_PCD_SuspendCallback
 .text.HAL_PCD_ResumeCallback
                0x08009e90        0xc CMakeFiles/FOCModule.elf.dir/USB_DEVICE/Target/usbd_conf.c.obj
                0x08009e90                HAL_PCD_ResumeCallback
 .text.HAL_PCD_ISOOUTIncompleteCallback
                0x08009e9c        0xc CMakeFiles/FOCModule.elf.dir/USB_DEVICE/Target/usbd_conf.c.obj
                0x08009e9c                HAL_PCD_ISOOUTIncompleteCallback
 .text.HAL_PCD_ISOINIncompleteCallback
                0x08009ea8        0xc CMakeFiles/FOCModule.elf.dir/USB_DEVICE/Target/usbd_conf.c.obj
                0x08009ea8                HAL_PCD_ISOINIncompleteCallback
 .text.HAL_PCD_ConnectCallback
                0x08009eb4        0xc CMakeFiles/FOCModule.elf.dir/USB_DEVICE/Target/usbd_conf.c.obj
                0x08009eb4                HAL_PCD_ConnectCallback
 .text.HAL_PCD_DisconnectCallback
                0x08009ec0        0xc CMakeFiles/FOCModule.elf.dir/USB_DEVICE/Target/usbd_conf.c.obj
                0x08009ec0                HAL_PCD_DisconnectCallback
 .text.USBD_LL_Init
                0x08009ecc       0x68 CMakeFiles/FOCModule.elf.dir/USB_DEVICE/Target/usbd_conf.c.obj
                0x08009ecc                USBD_LL_Init
 .text.USBD_LL_IsStallEP
                0x08009f34       0x2e CMakeFiles/FOCModule.elf.dir/USB_DEVICE/Target/usbd_conf.c.obj
                0x08009f34                USBD_LL_IsStallEP
 .text.USBD_LL_GetRxDataSize
                0x08009f62        0xc CMakeFiles/FOCModule.elf.dir/USB_DEVICE/Target/usbd_conf.c.obj
                0x08009f62                USBD_LL_GetRxDataSize
 *fill*         0x08009f6e        0x2 
 .text.USBD_static_malloc
                0x08009f70        0x8 CMakeFiles/FOCModule.elf.dir/USB_DEVICE/Target/usbd_conf.c.obj
                0x08009f70                USBD_static_malloc
 .text.USBD_static_free
                0x08009f78        0x2 CMakeFiles/FOCModule.elf.dir/USB_DEVICE/Target/usbd_conf.c.obj
                0x08009f78                USBD_static_free
 .text.USBD_Get_USB_Status
                0x08009f7a       0x14 CMakeFiles/FOCModule.elf.dir/USB_DEVICE/Target/usbd_conf.c.obj
                0x08009f7a                USBD_Get_USB_Status
 .text.USBD_LL_Start
                0x08009f8e       0x10 CMakeFiles/FOCModule.elf.dir/USB_DEVICE/Target/usbd_conf.c.obj
                0x08009f8e                USBD_LL_Start
 .text.USBD_LL_OpenEP
                0x08009f9e       0x16 CMakeFiles/FOCModule.elf.dir/USB_DEVICE/Target/usbd_conf.c.obj
                0x08009f9e                USBD_LL_OpenEP
 .text.USBD_LL_CloseEP
                0x08009fb4       0x10 CMakeFiles/FOCModule.elf.dir/USB_DEVICE/Target/usbd_conf.c.obj
                0x08009fb4                USBD_LL_CloseEP
 .text.USBD_LL_StallEP
                0x08009fc4       0x10 CMakeFiles/FOCModule.elf.dir/USB_DEVICE/Target/usbd_conf.c.obj
                0x08009fc4                USBD_LL_StallEP
 .text.USBD_LL_ClearStallEP
                0x08009fd4       0x10 CMakeFiles/FOCModule.elf.dir/USB_DEVICE/Target/usbd_conf.c.obj
                0x08009fd4                USBD_LL_ClearStallEP
 .text.USBD_LL_SetUSBAddress
                0x08009fe4       0x10 CMakeFiles/FOCModule.elf.dir/USB_DEVICE/Target/usbd_conf.c.obj
                0x08009fe4                USBD_LL_SetUSBAddress
 .text.USBD_LL_Transmit
                0x08009ff4       0x10 CMakeFiles/FOCModule.elf.dir/USB_DEVICE/Target/usbd_conf.c.obj
                0x08009ff4                USBD_LL_Transmit
 .text.USBD_LL_PrepareReceive
                0x0800a004       0x10 CMakeFiles/FOCModule.elf.dir/USB_DEVICE/Target/usbd_conf.c.obj
                0x0800a004                USBD_LL_PrepareReceive
 .text.arm_sin_f32
                0x0800a014       0x8c D:\Projects\FOCModule\Firmware\FOCModule\Middlewares\ST\ARM\DSP\Lib\libarm_cortexM4lf_math.a(arm_sin_f32.o)
                0x0800a014                arm_sin_f32
 .text.arm_cos_f32
                0x0800a0a0       0x94 D:\Projects\FOCModule\Firmware\FOCModule\Middlewares\ST\ARM\DSP\Lib\libarm_cortexM4lf_math.a(arm_cos_f32.o)
                0x0800a0a0                arm_cos_f32
 .text.__errno  0x0800a134        0xc c:/tools/gcc-arm-none-eabi-10.3-2021.07/bin/../lib/gcc/arm-none-eabi/10.3.1/../../../../arm-none-eabi/lib/thumb/v7e-m+fp/hard\libg.a(lib_a-errno.o)
                0x0800a134                __errno
 .text.__libc_init_array
                0x0800a140       0x48 c:/tools/gcc-arm-none-eabi-10.3-2021.07/bin/../lib/gcc/arm-none-eabi/10.3.1/../../../../arm-none-eabi/lib/thumb/v7e-m+fp/hard\libg.a(lib_a-init.o)
                0x0800a140                __libc_init_array
 .text.memset   0x0800a188       0xa4 c:/tools/gcc-arm-none-eabi-10.3-2021.07/bin/../lib/gcc/arm-none-eabi/10.3.1/../../../../arm-none-eabi/lib/thumb/v7e-m+fp/hard\libg.a(lib_a-memset.o)
                0x0800a188                memset
 .text.strcpy   0x0800a22c       0xbc c:/tools/gcc-arm-none-eabi-10.3-2021.07/bin/../lib/gcc/arm-none-eabi/10.3.1/../../../../arm-none-eabi/lib/thumb/v7e-m+fp/hard\libg.a(lib_a-strcpy.o)
                0x0800a22c                strcpy
 .text._strtod_l
                0x0800a2e8      0xf50 c:/tools/gcc-arm-none-eabi-10.3-2021.07/bin/../lib/gcc/arm-none-eabi/10.3.1/../../../../arm-none-eabi/lib/thumb/v7e-m+fp/hard\libg.a(lib_a-strtod.o)
                0x0800a2e8                _strtod_l
 .text.strtof   0x0800b238       0xb8 c:/tools/gcc-arm-none-eabi-10.3-2021.07/bin/../lib/gcc/arm-none-eabi/10.3.1/../../../../arm-none-eabi/lib/thumb/v7e-m+fp/hard\libg.a(lib_a-strtod.o)
                0x0800b238                strtof
 .text.strtok   0x0800b2f0       0x10 c:/tools/gcc-arm-none-eabi-10.3-2021.07/bin/../lib/gcc/arm-none-eabi/10.3.1/../../../../arm-none-eabi/lib/thumb/v7e-m+fp/hard\libg.a(lib_a-strtok.o)
                0x0800b2f0                strtok
 .text.__strtok_r
                0x0800b300       0x64 c:/tools/gcc-arm-none-eabi-10.3-2021.07/bin/../lib/gcc/arm-none-eabi/10.3.1/../../../../arm-none-eabi/lib/thumb/v7e-m+fp/hard\libg.a(lib_a-strtok_r.o)
                0x0800b300                __strtok_r
 .text.vsnprintf
                0x0800b364       0x70 c:/tools/gcc-arm-none-eabi-10.3-2021.07/bin/../lib/gcc/arm-none-eabi/10.3.1/../../../../arm-none-eabi/lib/thumb/v7e-m+fp/hard\libg.a(lib_a-vsnprintf.o)
                0x0800b364                vsnprintf
 .text.startup.register_fini
                0x0800b3d4       0x14 c:/tools/gcc-arm-none-eabi-10.3-2021.07/bin/../lib/gcc/arm-none-eabi/10.3.1/../../../../arm-none-eabi/lib/thumb/v7e-m+fp/hard\libg.a(lib_a-__call_atexit.o)
 .text.atexit   0x0800b3e8        0xc c:/tools/gcc-arm-none-eabi-10.3-2021.07/bin/../lib/gcc/arm-none-eabi/10.3.1/../../../../arm-none-eabi/lib/thumb/v7e-m+fp/hard\libg.a(lib_a-atexit.o)
                0x0800b3e8                atexit
 .text.__libc_fini_array
                0x0800b3f4       0x2c c:/tools/gcc-arm-none-eabi-10.3-2021.07/bin/../lib/gcc/arm-none-eabi/10.3.1/../../../../arm-none-eabi/lib/thumb/v7e-m+fp/hard\libg.a(lib_a-fini.o)
                0x0800b3f4                __libc_fini_array
 .text.rshift   0x0800b420       0xa4 c:/tools/gcc-arm-none-eabi-10.3-2021.07/bin/../lib/gcc/arm-none-eabi/10.3.1/../../../../arm-none-eabi/lib/thumb/v7e-m+fp/hard\libg.a(lib_a-gdtoa-gethex.o)
 .text.__gethex
                0x0800b4c4      0x5d8 c:/tools/gcc-arm-none-eabi-10.3-2021.07/bin/../lib/gcc/arm-none-eabi/10.3.1/../../../../arm-none-eabi/lib/thumb/v7e-m+fp/hard\libg.a(lib_a-gdtoa-gethex.o)
                0x0800b4c4                __gethex
 .text.__match  0x0800ba9c       0x38 c:/tools/gcc-arm-none-eabi-10.3-2021.07/bin/../lib/gcc/arm-none-eabi/10.3.1/../../../../arm-none-eabi/lib/thumb/v7e-m+fp/hard\libg.a(lib_a-gdtoa-hexnan.o)
                0x0800ba9c                __match
 .text.__hexnan
                0x0800bad4      0x1ac c:/tools/gcc-arm-none-eabi-10.3-2021.07/bin/../lib/gcc/arm-none-eabi/10.3.1/../../../../arm-none-eabi/lib/thumb/v7e-m+fp/hard\libg.a(lib_a-gdtoa-hexnan.o)
                0x0800bad4                __hexnan
 .text.__locale_mb_cur_max
                0x0800bc80        0xc c:/tools/gcc-arm-none-eabi-10.3-2021.07/bin/../lib/gcc/arm-none-eabi/10.3.1/../../../../arm-none-eabi/lib/thumb/v7e-m+fp/hard\libg.a(lib_a-locale.o)
                0x0800bc80                __locale_mb_cur_max
 .text.__retarget_lock_init_recursive
                0x0800bc8c        0x4 c:/tools/gcc-arm-none-eabi-10.3-2021.07/bin/../lib/gcc/arm-none-eabi/10.3.1/../../../../arm-none-eabi/lib/thumb/v7e-m+fp/hard\libg.a(lib_a-lock.o)
                0x0800bc8c                __retarget_lock_init_recursive
 .text.__retarget_lock_close_recursive
                0x0800bc90        0x4 c:/tools/gcc-arm-none-eabi-10.3-2021.07/bin/../lib/gcc/arm-none-eabi/10.3.1/../../../../arm-none-eabi/lib/thumb/v7e-m+fp/hard\libg.a(lib_a-lock.o)
                0x0800bc90                __retarget_lock_close_recursive
 .text.__retarget_lock_acquire_recursive
                0x0800bc94        0x4 c:/tools/gcc-arm-none-eabi-10.3-2021.07/bin/../lib/gcc/arm-none-eabi/10.3.1/../../../../arm-none-eabi/lib/thumb/v7e-m+fp/hard\libg.a(lib_a-lock.o)
                0x0800bc94                __retarget_lock_acquire_recursive
 .text.__retarget_lock_release_recursive
                0x0800bc98        0x4 c:/tools/gcc-arm-none-eabi-10.3-2021.07/bin/../lib/gcc/arm-none-eabi/10.3.1/../../../../arm-none-eabi/lib/thumb/v7e-m+fp/hard\libg.a(lib_a-lock.o)
                0x0800bc98                __retarget_lock_release_recursive
 .text.__ascii_mbtowc
                0x0800bc9c       0x2c c:/tools/gcc-arm-none-eabi-10.3-2021.07/bin/../lib/gcc/arm-none-eabi/10.3.1/../../../../arm-none-eabi/lib/thumb/v7e-m+fp/hard\libg.a(lib_a-mbtowc_r.o)
                0x0800bc9c                __ascii_mbtowc
 .text._Balloc  0x0800bcc8       0x4c c:/tools/gcc-arm-none-eabi-10.3-2021.07/bin/../lib/gcc/arm-none-eabi/10.3.1/../../../../arm-none-eabi/lib/thumb/v7e-m+fp/hard\libg.a(lib_a-mprec.o)
                0x0800bcc8                _Balloc
 .text._Bfree   0x0800bd14       0x14 c:/tools/gcc-arm-none-eabi-10.3-2021.07/bin/../lib/gcc/arm-none-eabi/10.3.1/../../../../arm-none-eabi/lib/thumb/v7e-m+fp/hard\libg.a(lib_a-mprec.o)
                0x0800bd14                _Bfree
 .text.__multadd
                0x0800bd28       0xa8 c:/tools/gcc-arm-none-eabi-10.3-2021.07/bin/../lib/gcc/arm-none-eabi/10.3.1/../../../../arm-none-eabi/lib/thumb/v7e-m+fp/hard\libg.a(lib_a-mprec.o)
                0x0800bd28                __multadd
 .text.__s2b    0x0800bdd0       0xb4 c:/tools/gcc-arm-none-eabi-10.3-2021.07/bin/../lib/gcc/arm-none-eabi/10.3.1/../../../../arm-none-eabi/lib/thumb/v7e-m+fp/hard\libg.a(lib_a-mprec.o)
                0x0800bdd0                __s2b
 .text.__hi0bits
                0x0800be84       0x40 c:/tools/gcc-arm-none-eabi-10.3-2021.07/bin/../lib/gcc/arm-none-eabi/10.3.1/../../../../arm-none-eabi/lib/thumb/v7e-m+fp/hard\libg.a(lib_a-mprec.o)
                0x0800be84                __hi0bits
 .text.__lo0bits
                0x0800bec4       0x60 c:/tools/gcc-arm-none-eabi-10.3-2021.07/bin/../lib/gcc/arm-none-eabi/10.3.1/../../../../arm-none-eabi/lib/thumb/v7e-m+fp/hard\libg.a(lib_a-mprec.o)
                0x0800bec4                __lo0bits
 .text.__i2b    0x0800bf24       0x5c c:/tools/gcc-arm-none-eabi-10.3-2021.07/bin/../lib/gcc/arm-none-eabi/10.3.1/../../../../arm-none-eabi/lib/thumb/v7e-m+fp/hard\libg.a(lib_a-mprec.o)
                0x0800bf24                __i2b
 .text.__multiply
                0x0800bf80      0x15c c:/tools/gcc-arm-none-eabi-10.3-2021.07/bin/../lib/gcc/arm-none-eabi/10.3.1/../../../../arm-none-eabi/lib/thumb/v7e-m+fp/hard\libg.a(lib_a-mprec.o)
                0x0800bf80                __multiply
 .text.__pow5mult
                0x0800c0dc       0xc0 c:/tools/gcc-arm-none-eabi-10.3-2021.07/bin/../lib/gcc/arm-none-eabi/10.3.1/../../../../arm-none-eabi/lib/thumb/v7e-m+fp/hard\libg.a(lib_a-mprec.o)
                0x0800c0dc                __pow5mult
 .text.__lshift
                0x0800c19c       0xf0 c:/tools/gcc-arm-none-eabi-10.3-2021.07/bin/../lib/gcc/arm-none-eabi/10.3.1/../../../../arm-none-eabi/lib/thumb/v7e-m+fp/hard\libg.a(lib_a-mprec.o)
                0x0800c19c                __lshift
 .text.__mcmp   0x0800c28c       0x44 c:/tools/gcc-arm-none-eabi-10.3-2021.07/bin/../lib/gcc/arm-none-eabi/10.3.1/../../../../arm-none-eabi/lib/thumb/v7e-m+fp/hard\libg.a(lib_a-mprec.o)
                0x0800c28c                __mcmp
 .text.__mdiff  0x0800c2d0      0x14c c:/tools/gcc-arm-none-eabi-10.3-2021.07/bin/../lib/gcc/arm-none-eabi/10.3.1/../../../../arm-none-eabi/lib/thumb/v7e-m+fp/hard\libg.a(lib_a-mprec.o)
                0x0800c2d0                __mdiff
 .text.__ulp    0x0800c41c       0x60 c:/tools/gcc-arm-none-eabi-10.3-2021.07/bin/../lib/gcc/arm-none-eabi/10.3.1/../../../../arm-none-eabi/lib/thumb/v7e-m+fp/hard\libg.a(lib_a-mprec.o)
                0x0800c41c                __ulp
 .text.__b2d    0x0800c47c       0xc0 c:/tools/gcc-arm-none-eabi-10.3-2021.07/bin/../lib/gcc/arm-none-eabi/10.3.1/../../../../arm-none-eabi/lib/thumb/v7e-m+fp/hard\libg.a(lib_a-mprec.o)
                0x0800c47c                __b2d
 .text.__d2b    0x0800c53c       0xd0 c:/tools/gcc-arm-none-eabi-10.3-2021.07/bin/../lib/gcc/arm-none-eabi/10.3.1/../../../../arm-none-eabi/lib/thumb/v7e-m+fp/hard\libg.a(lib_a-mprec.o)
                0x0800c53c                __d2b
 .text.__ratio  0x0800c60c       0x5c c:/tools/gcc-arm-none-eabi-10.3-2021.07/bin/../lib/gcc/arm-none-eabi/10.3.1/../../../../arm-none-eabi/lib/thumb/v7e-m+fp/hard\libg.a(lib_a-mprec.o)
                0x0800c60c                __ratio
 .text.__copybits
                0x0800c668       0x5c c:/tools/gcc-arm-none-eabi-10.3-2021.07/bin/../lib/gcc/arm-none-eabi/10.3.1/../../../../arm-none-eabi/lib/thumb/v7e-m+fp/hard\libg.a(lib_a-mprec.o)
                0x0800c668                __copybits