Archive member included to satisfy reference by file (symbol)

D:\Projects\FOCModule\Firmware\FOCModule\Middlewares\ST\ARM\DSP\Lib\libarm_cortexM4lf_math.a(arm_sin_f32.o)
                              CMakeFiles/FOCModule.elf.dir/FOC/Src/FOC_core.c.obj (arm_sin_f32)
D:\Projects\FOCModule\Firmware\FOCModule\Middlewares\ST\ARM\DSP\Lib\libarm_cortexM4lf_math.a(arm_cos_f32.o)
                              CMakeFiles/FOCModule.elf.dir/FOC/Src/FOC_core.c.obj (arm_cos_f32)
D:\Projects\FOCModule\Firmware\FOCModule\Middlewares\ST\ARM\DSP\Lib\libarm_cortexM4lf_math.a(arm_common_tables.o)
                              D:\Projects\FOCModule\Firmware\FOCModule\Middlewares\ST\ARM\DSP\Lib\libarm_cortexM4lf_math.a(arm_sin_f32.o) (sinTable_f32)
c:/tools/gcc-arm-none-eabi-10.3-2021.07/bin/../lib/gcc/arm-none-eabi/10.3.1/thumb/v7e-m+fp/hard\libgcc.a(_aeabi_uldivmod.o)
                              CMakeFiles/FOCModule.elf.dir/Drivers/STM32F4xx_HAL_Driver/Src/stm32f4xx_hal_rcc.c.obj (__aeabi_uldivmod)
c:/tools/gcc-arm-none-eabi-10.3-2021.07/bin/../lib/gcc/arm-none-eabi/10.3.1/thumb/v7e-m+fp/hard\libgcc.a(_udivmoddi4.o)
                              c:/tools/gcc-arm-none-eabi-10.3-2021.07/bin/../lib/gcc/arm-none-eabi/10.3.1/thumb/v7e-m+fp/hard\libgcc.a(_aeabi_uldivmod.o) (__udivmoddi4)
c:/tools/gcc-arm-none-eabi-10.3-2021.07/bin/../lib/gcc/arm-none-eabi/10.3.1/thumb/v7e-m+fp/hard\libgcc.a(_dvmd_tls.o)
                              c:/tools/gcc-arm-none-eabi-10.3-2021.07/bin/../lib/gcc/arm-none-eabi/10.3.1/thumb/v7e-m+fp/hard\libgcc.a(_aeabi_uldivmod.o) (__aeabi_ldiv0)
c:/tools/gcc-arm-none-eabi-10.3-2021.07/bin/../lib/gcc/arm-none-eabi/10.3.1/../../../../arm-none-eabi/lib/thumb/v7e-m+fp/hard\libg.a(lib_a-errno.o)
                              CMakeFiles/FOCModule.elf.dir/Core/Src/syscalls.c.obj (__errno)
c:/tools/gcc-arm-none-eabi-10.3-2021.07/bin/../lib/gcc/arm-none-eabi/10.3.1/../../../../arm-none-eabi/lib/thumb/v7e-m+fp/hard\libg.a(lib_a-exit.o)
                              c:/tools/gcc-arm-none-eabi-10.3-2021.07/bin/../lib/gcc/arm-none-eabi/10.3.1/../../../../arm-none-eabi/lib/thumb/v7e-m+fp/hard/crt0.o (exit)
c:/tools/gcc-arm-none-eabi-10.3-2021.07/bin/../lib/gcc/arm-none-eabi/10.3.1/../../../../arm-none-eabi/lib/thumb/v7e-m+fp/hard\libg.a(lib_a-impure.o)
                              c:/tools/gcc-arm-none-eabi-10.3-2021.07/bin/../lib/gcc/arm-none-eabi/10.3.1/../../../../arm-none-eabi/lib/thumb/v7e-m+fp/hard\libg.a(lib_a-exit.o) (_global_impure_ptr)
c:/tools/gcc-arm-none-eabi-10.3-2021.07/bin/../lib/gcc/arm-none-eabi/10.3.1/../../../../arm-none-eabi/lib/thumb/v7e-m+fp/hard\libg.a(lib_a-init.o)
                              c:/tools/gcc-arm-none-eabi-10.3-2021.07/bin/../lib/gcc/arm-none-eabi/10.3.1/../../../../arm-none-eabi/lib/thumb/v7e-m+fp/hard/crt0.o (__libc_init_array)
c:/tools/gcc-arm-none-eabi-10.3-2021.07/bin/../lib/gcc/arm-none-eabi/10.3.1/../../../../arm-none-eabi/lib/thumb/v7e-m+fp/hard\libg.a(lib_a-memset.o)
                              c:/tools/gcc-arm-none-eabi-10.3-2021.07/bin/../lib/gcc/arm-none-eabi/10.3.1/../../../../arm-none-eabi/lib/thumb/v7e-m+fp/hard/crt0.o (memset)
c:/tools/gcc-arm-none-eabi-10.3-2021.07/bin/../lib/gcc/arm-none-eabi/10.3.1/../../../../arm-none-eabi/lib/thumb/v7e-m+fp/hard\libg.a(lib_a-__call_atexit.o)
                              c:/tools/gcc-arm-none-eabi-10.3-2021.07/bin/../lib/gcc/arm-none-eabi/10.3.1/../../../../arm-none-eabi/lib/thumb/v7e-m+fp/hard\libg.a(lib_a-exit.o) (__call_exitprocs)
c:/tools/gcc-arm-none-eabi-10.3-2021.07/bin/../lib/gcc/arm-none-eabi/10.3.1/../../../../arm-none-eabi/lib/thumb/v7e-m+fp/hard\libg.a(lib_a-atexit.o)
                              c:/tools/gcc-arm-none-eabi-10.3-2021.07/bin/../lib/gcc/arm-none-eabi/10.3.1/../../../../arm-none-eabi/lib/thumb/v7e-m+fp/hard\libg.a(lib_a-__call_atexit.o) (atexit)
c:/tools/gcc-arm-none-eabi-10.3-2021.07/bin/../lib/gcc/arm-none-eabi/10.3.1/../../../../arm-none-eabi/lib/thumb/v7e-m+fp/hard\libg.a(lib_a-fini.o)
                              c:/tools/gcc-arm-none-eabi-10.3-2021.07/bin/../lib/gcc/arm-none-eabi/10.3.1/../../../../arm-none-eabi/lib/thumb/v7e-m+fp/hard\libg.a(lib_a-__call_atexit.o) (__libc_fini_array)
c:/tools/gcc-arm-none-eabi-10.3-2021.07/bin/../lib/gcc/arm-none-eabi/10.3.1/../../../../arm-none-eabi/lib/thumb/v7e-m+fp/hard\libg.a(lib_a-lock.o)
                              c:/tools/gcc-arm-none-eabi-10.3-2021.07/bin/../lib/gcc/arm-none-eabi/10.3.1/../../../../arm-none-eabi/lib/thumb/v7e-m+fp/hard\libg.a(lib_a-__call_atexit.o) (__retarget_lock_acquire_recursive)
c:/tools/gcc-arm-none-eabi-10.3-2021.07/bin/../lib/gcc/arm-none-eabi/10.3.1/../../../../arm-none-eabi/lib/thumb/v7e-m+fp/hard\libg.a(lib_a-__atexit.o)
                              c:/tools/gcc-arm-none-eabi-10.3-2021.07/bin/../lib/gcc/arm-none-eabi/10.3.1/../../../../arm-none-eabi/lib/thumb/v7e-m+fp/hard\libg.a(lib_a-atexit.o) (__register_exitproc)
[...]
Memory Configuration

Name             Origin             Length             Attributes
CCMRAM           0x10000000         0x00010000         xrw
RAM              0x20000000         0x00020000         xrw
FLASH            0x08000000         0x00100000         xr
*default*        0x00000000         0xffffffff

Linker script and memory map

LOAD c:/tools/gcc-arm-none-eabi-10.3-2021.07/bin/../lib/gcc/arm-none-eabi/10.3.1/thumb/v7e-m+fp/hard/crti.o
LOAD c:/tools/gcc-arm-none-eabi-10.3-2021.07/bin/../lib/gcc/arm-none-eabi/10.3.1/thumb/v7e-m+fp/hard/crtbegin.o
LOAD c:/tools/gcc-arm-none-eabi-10.3-2021.07/bin/../lib/gcc/arm-none-eabi/10.3.1/../../../../arm-none-eabi/lib/thumb/v7e-m+fp/hard/crt0.o
LOAD CMakeFiles/FOCModule.elf.dir/Core/Src/adc.c.obj
LOAD CMakeFiles/FOCModule.elf.dir/Core/Src/dac.c.obj
LOAD CMakeFiles/FOCModule.elf.dir/Core/Src/gpio.c.obj
LOAD CMakeFiles/FOCModule.elf.dir/Core/Src/i2c.c.obj
LOAD CMakeFiles/FOCModule.elf.dir/Core/Src/main.c.obj
LOAD CMakeFiles/FOCModule.elf.dir/Core/Src/stm32f4xx_hal_msp.c.obj
LOAD CMakeFiles/FOCModule.elf.dir/Core/Src/stm32f4xx_it.c.obj
LOAD CMakeFiles/FOCModule.elf.dir/Core/Src/syscalls.c.obj
LOAD CMakeFiles/FOCModule.elf.dir/Core/Src/sysmem.c.obj
LOAD CMakeFiles/FOCModule.elf.dir/Core/Src/system_stm32f4xx.c.obj
LOAD CMakeFiles/FOCModule.elf.dir/Core/Src/tim.c.obj
LOAD CMakeFiles/FOCModule.elf.dir/Core/Startup/startup_stm32f405rgtx.s.obj
LOAD CMakeFiles/FOCModule.elf.dir/Drivers/STM32F4xx_HAL_Driver/Src/stm32f4xx_hal.c.obj
LOAD CMakeFiles/FOCModule.elf.dir/Drivers/STM32F4xx_HAL_Driver/Src/stm32f4xx_hal_adc.c.obj
LOAD CMakeFiles/FOCModule.elf.dir/Drivers/STM32F4xx_HAL_Driver/Src/stm32f4xx_hal_adc_ex.c.obj
LOAD CMakeFiles/FOCModule.elf.dir/Drivers/STM32F4xx_HAL_Driver/Src/stm32f4xx_hal_cortex.c.obj
LOAD CMakeFiles/FOCModule.elf.dir/Drivers/STM32F4xx_HAL_Driver/Src/stm32f4xx_hal_dac.c.obj
LOAD CMakeFiles/FOCModule.elf.dir/Drivers/STM32F4xx_HAL_Driver/Src/stm32f4xx_hal_dac_ex.c.obj
LOAD CMakeFiles/FOCModule.elf.dir/Drivers/STM32F4xx_HAL_Driver/Src/stm32f4xx_hal_dma.c.obj
LOAD CMakeFiles/FOCModule.elf.dir/Drivers/STM32F4xx_HAL_Driver/Src/stm32f4xx_hal_dma_ex.c.obj
LOAD CMakeFiles/FOCModule.elf.dir/Drivers/STM32F4xx_HAL_Driver/Src/stm32f4xx_hal_exti.c.obj
LOAD CMakeFiles/FOCModule.elf.dir/Drivers/STM32F4xx_HAL_Driver/Src/stm32f4xx_hal_flash.c.obj
LOAD CMakeFiles/FOCModule.elf.dir/Drivers/STM32F4xx_HAL_Driver/Src/stm32f4xx_hal_flash_ex.c.obj
LOAD CMakeFiles/FOCModule.elf.dir/Drivers/STM32F4xx_HAL_Driver/Src/stm32f4xx_hal_flash_ramfunc.c.obj
LOAD CMakeFiles/FOCModule.elf.dir/Drivers/STM32F4xx_HAL_Driver/Src/stm32f4xx_hal_gpio.c.obj
LOAD CMakeFiles/FOCModule.elf.dir/Drivers/STM32F4xx_HAL_Driver/Src/stm32f4xx_hal_i2c.c.obj
LOAD CMakeFiles/FOCModule.elf.dir/Drivers/STM32F4xx_HAL_Driver/Src/stm32f4xx_hal_i2c_ex.c.obj
LOAD CMakeFiles/FOCModule.elf.dir/Drivers/STM32F4xx_HAL_Driver/Src/stm32f4xx_hal_pwr.c.obj
LOAD CMakeFiles/FOCModule.elf.dir/Drivers/STM32F4xx_HAL_Driver/Src/stm32f4xx_hal_pwr_ex.c.obj
LOAD CMakeFiles/FOCModule.elf.dir/Drivers/STM32F4xx_HAL_Driver/Src/stm32f4xx_hal_rcc.c.obj
LOAD CMakeFiles/FOCModule.elf.dir/Drivers/STM32F4xx_HAL_Driver/Src/stm32f4xx_hal_rcc_ex.c.obj
LOAD CMakeFiles/FOCModule.elf.dir/Drivers/STM32F4xx_HAL_Driver/Src/stm32f4xx_hal_tim.c.obj
LOAD CMakeFiles/FOCModule.elf.dir/Drivers/STM32F4xx_HAL_Driver/Src/stm32f4xx_hal_tim_ex.c.obj
LOAD CMakeFiles/FOCModule.elf.dir/Drivers/STM32F4xx_HAL_Driver/Src/stm32f4xx_ll_adc.c.obj
LOAD CMakeFiles/FOCModule.elf.dir/FOC/Encoder/Src/AS5600.c.obj
LOAD CMakeFiles/FOCModule.elf.dir/FOC/Src/FOC_PWM.c.obj
LOAD CMakeFiles/FOCModule.elf.dir/FOC/Src/FOC_core.c.obj
LOAD CMakeFiles/FOCModule.elf.dir/FOC/Src/FOC_current_sense.c.obj
LOAD CMakeFiles/FOCModule.elf.dir/FOC/Src/FOC_encoder.c.obj
LOAD CMakeFiles/FOCModule.elf.dir/FOC/Src/FOC_scope.c.obj
LOAD CMakeFiles/FOCModule.elf.dir/FOC/Src/FOC_setting.c.obj
LOAD CMakeFiles/FOCModule.elf.dir/FOC/Src/FOC_utility.c.obj
LOAD D:\Projects\FOCModule\Firmware\FOCModule\Middlewares\ST\ARM\DSP\Lib\libarm_cortexM4lf_math.a
START GROUP
LOAD c:/tools/gcc-arm-none-eabi-10.3-2021.07/bin/../lib/gcc/arm-none-eabi/10.3.1/thumb/v7e-m+fp/hard\libgcc.a
LOAD c:/tools/gcc-arm-none-eabi-10.3-2021.07/bin/../lib/gcc/arm-none-eabi/10.3.1/../../../../arm-none-eabi/lib/thumb/v7e-m+fp/hard\libg.a
LOAD c:/tools/gcc-arm-none-eabi-10.3-2021.07/bin/../lib/gcc/arm-none-eabi/10.3.1/../../../../arm-none-eabi/lib/thumb/v7e-m+fp/hard\libc.a
END GROUP
LOAD c:/tools/gcc-arm-none-eabi-10.3-2021.07/bin/../lib/gcc/arm-none-eabi/10.3.1/thumb/v7e-m+fp/hard/crtend.o
LOAD c:/tools/gcc-arm-none-eabi-10.3-2021.07/bin/../lib/gcc/arm-none-eabi/10.3.1/thumb/v7e-m+fp/hard/crtn.o
                0x20020000                _estack = (ORIGIN (RAM) + LENGTH (RAM))
                0x00000800                _Min_Heap_Size = 0x800
                0x00000800                _Min_Stack_Size = 0x800

.isr_vector     0x08000000      0x188
                0x08000000                . = ALIGN (0x4)
 *(.isr_vector)
 .isr_vector    0x08000000      0x188 CMakeFiles/FOCModule.elf.dir/Core/Startup/startup_stm32f405rgtx.s.obj
                0x08000000                g_pfnVectors
                0x08000188                . = ALIGN (0x4)

.text           0x08000188     0x40f4
                0x08000188                . = ALIGN (0x4)
 *(.text)
 .text          0x08000188       0x40 c:/tools/gcc-arm-none-eabi-10.3-2021.07/bin/../lib/gcc/arm-none-eabi/10.3.1/thumb/v7e-m+fp/hard/crtbegin.o
 .text          0x080001c8       0x30 c:/tools/gcc-arm-none-eabi-10.3-2021.07/bin/../lib/gcc/arm-none-eabi/10.3.1/thumb/v7e-m+fp/hard\libgcc.a(_aeabi_uldivmod.o)
                0x080001c8                __aeabi_uldivmod
 .text          0x080001f8      0x2d0 c:/tools/gcc-arm-none-eabi-10.3-2021.07/bin/../lib/gcc/arm-none-eabi/10.3.1/thumb/v7e-m+fp/hard\libgcc.a(_udivmoddi4.o)
                0x080001f8                __udivmoddi4
 .text          0x080004c8        0x4 c:/tools/gcc-arm-none-eabi-10.3-2021.07/bin/../lib/gcc/arm-none-eabi/10.3.1/thumb/v7e-m+fp/hard\libgcc.a(_dvmd_tls.o)
                0x080004c8                __aeabi_idiv0
                0x080004c8                __aeabi_ldiv0
 *(.text*)
 .text.MX_ADC1_Init
                0x080004cc       0xd0 CMakeFiles/FOCModule.elf.dir/Core/Src/adc.c.obj
                0x080004cc                MX_ADC1_Init
 .text.HAL_ADC_MspInit
                0x0800059c       0x78 CMakeFiles/FOCModule.elf.dir/Core/Src/adc.c.obj
                0x0800059c                HAL_ADC_MspInit
 .text.MX_DAC_Init
                0x08000614       0x54 CMakeFiles/FOCModule.elf.dir/Core/Src/dac.c.obj
                0x08000614                MX_DAC_Init
 .text.HAL_DAC_MspInit
                0x08000668       0x68 CMakeFiles/FOCModule.elf.dir/Core/Src/dac.c.obj
                0x08000668                HAL_DAC_MspInit
 .text.MX_GPIO_Init
                0x080006d0       0x8c CMakeFiles/FOCModule.elf.dir/Core/Src/gpio.c.obj
                0x080006d0                MX_GPIO_Init
 .text.MX_I2C1_Init
                0x0800075c       0x3c CMakeFiles/FOCModule.elf.dir/Core/Src/i2c.c.obj
                0x0800075c                MX_I2C1_Init
 .text.HAL_I2C_MspInit
                0x08000798       0x70 CMakeFiles/FOCModule.elf.dir/Core/Src/i2c.c.obj
                0x08000798                HAL_I2C_MspInit
 .text.Error_Handler
                0x08000808        0x4 CMakeFiles/FOCModule.elf.dir/Core/Src/main.c.obj
                0x08000808                Error_Handler
 .text.SystemClock_Config
                0x0800080c       0x88 CMakeFiles/FOCModule.elf.dir/Core/Src/main.c.obj
                0x0800080c                SystemClock_Config
 .text.main     0x08000894       0x48 CMakeFiles/FOCModule.elf.dir/Core/Src/main.c.obj
                0x08000894                main
 .text.HAL_MspInit
                0x080008dc       0x38 CMakeFiles/FOCModule.elf.dir/Core/Src/stm32f4xx_hal_msp.c.obj
                0x080008dc                HAL_MspInit
 .text.NMI_Handler
                0x08000914        0x2 CMakeFiles/FOCModule.elf.dir/Core/Src/stm32f4xx_it.c.obj
                0x08000914                NMI_Handler
 .text.HardFault_Handler
                0x08000916        0x2 CMakeFiles/FOCModule.elf.dir/Core/Src/stm32f4xx_it.c.obj
                0x08000916                HardFault_Handler
 .text.MemManage_Handler
                0x08000918        0x2 CMakeFiles/FOCModule.elf.dir/Core/Src/stm32f4xx_it.c.obj
                0x08000918                MemManage_Handler
 .text.BusFault_Handler
                0x0800091a        0x2 CMakeFiles/FOCModule.elf.dir/Core/Src/stm32f4xx_it.c.obj
                0x0800091a                BusFault_Handler
 .text.UsageFault_Handler
                0x0800091c        0x2 CMakeFiles/FOCModule.elf.dir/Core/Src/stm32f4xx_it.c.obj
                0x0800091c                UsageFault_Handler
 .text.SVC_Handler
                0x0800091e        0x2 CMakeFiles/FOCModule.elf.dir/Core/Src/stm32f4xx_it.c.obj
                0x0800091e                SVC_Handler
 .text.DebugMon_Handler
                0x08000920        0x2 CMakeFiles/FOCModule.elf.dir/Core/Src/stm32f4xx_it.c.obj
                0x08000920                DebugMon_Handler
 .text.PendSV_Handler
                0x08000922        0x2 CMakeFiles/FOCModule.elf.dir/Core/Src/stm32f4xx_it.c.obj
                0x08000922                PendSV_Handler
 .text.SysTick_Handler
                0x08000924        0x8 CMakeFiles/FOCModule.elf.dir/Core/Src/stm32f4xx_it.c.obj
                0x08000924                SysTick_Handler
 .text.ADC_IRQHandler
                0x0800092c       0x10 CMakeFiles/FOCModule.elf.dir/Core/Src/stm32f4xx_it.c.obj
                0x0800092c                ADC_IRQHandler
 .text.SystemInit
                0x0800093c       0x14 CMakeFiles/FOCModule.elf.dir/Core/Src/system_stm32f4xx.c.obj
                0x0800093c                SystemInit
 .text.HAL_TIM_Base_MspInit
                0x08000950       0x30 CMakeFiles/FOCModule.elf.dir/Core/Src/tim.c.obj
                0x08000950                HAL_TIM_Base_MspInit
 .text.HAL_TIM_MspPostInit
                0x08000980       0x84 CMakeFiles/FOCModule.elf.dir/Core/Src/tim.c.obj
                0x08000980                HAL_TIM_MspPostInit
 .text.MX_TIM1_Init
                0x08000a04      0x124 CMakeFiles/FOCModule.elf.dir/Core/Src/tim.c.obj
                0x08000a04                MX_TIM1_Init
 .text.Reset_Handler
                0x08000b28       0x50 CMakeFiles/FOCModule.elf.dir/Core/Startup/startup_stm32f405rgtx.s.obj
                0x08000b28                Reset_Handler
 .text.Default_Handler
                0x08000b78        0x2 CMakeFiles/FOCModule.elf.dir/Core/Startup/startup_stm32f405rgtx.s.obj
                0x08000b78                RTC_Alarm_IRQHandler
                0x08000b78                HASH_RNG_IRQHandler
                0x08000b78                EXTI2_IRQHandler
                0x08000b78                TIM8_CC_IRQHandler
                0x08000b78                TIM1_CC_IRQHandler
                0x08000b78                DMA2_Stream5_IRQHandler
                0x08000b78                DMA1_Stream5_IRQHandler
                0x08000b78                PVD_IRQHandler
                0x08000b78                SDIO_IRQHandler
                0x08000b78                TAMP_STAMP_IRQHandler
                0x08000b78                CAN2_RX1_IRQHandler
                0x08000b78                EXTI3_IRQHandler
                0x08000b78                TIM8_TRG_COM_TIM14_IRQHandler
                0x08000b78                TIM1_UP_TIM10_IRQHandler
                0x08000b78                TIM8_UP_TIM13_IRQHandler
                0x08000b78                I2C3_ER_IRQHandler
                0x08000b78                EXTI0_IRQHandler
                0x08000b78                I2C2_EV_IRQHandler
                0x08000b78                DMA1_Stream2_IRQHandler
                0x08000b78                CAN1_RX0_IRQHandler
                0x08000b78                FPU_IRQHandler
                0x08000b78                OTG_HS_WKUP_IRQHandler
                0x08000b78                CAN2_SCE_IRQHandler
                0x08000b78                DMA2_Stream2_IRQHandler
                0x08000b78                SPI1_IRQHandler
                0x08000b78                TIM6_DAC_IRQHandler
                0x08000b78                TIM1_BRK_TIM9_IRQHandler
                0x08000b78                CAN2_RX0_IRQHandler
                0x08000b78                DMA2_Stream3_IRQHandler
                0x08000b78                USART6_IRQHandler
                0x08000b78                USART3_IRQHandler
                0x08000b78                CAN1_RX1_IRQHandler
                0x08000b78                UART5_IRQHandler
                0x08000b78                DMA2_Stream0_IRQHandler
                0x08000b78                TIM4_IRQHandler
                0x08000b78                I2C1_EV_IRQHandler
                0x08000b78                DMA1_Stream6_IRQHandler
                0x08000b78                DMA1_Stream1_IRQHandler
                0x08000b78                UART4_IRQHandler
                0x08000b78                TIM3_IRQHandler
                0x08000b78                RCC_IRQHandler
                0x08000b78                TIM8_BRK_TIM12_IRQHandler
                0x08000b78                Default_Handler
                0x08000b78                EXTI15_10_IRQHandler
                0x08000b78                DMA1_Stream7_IRQHandler
                0x08000b78                TIM7_IRQHandler
                0x08000b78                CAN2_TX_IRQHandler
                0x08000b78                TIM5_IRQHandler
                0x08000b78                DMA2_Stream7_IRQHandler
                0x08000b78                I2C3_EV_IRQHandler
                0x08000b78                EXTI9_5_IRQHandler
                0x08000b78                RTC_WKUP_IRQHandler
                0x08000b78                SPI2_IRQHandler
                0x08000b78                OTG_HS_EP1_IN_IRQHandler
                0x08000b78                DMA1_Stream0_IRQHandler
                0x08000b78                CAN1_TX_IRQHandler
                0x08000b78                EXTI4_IRQHandler
                0x08000b78                FSMC_IRQHandler
                0x08000b78                OTG_HS_EP1_OUT_IRQHandler
                0x08000b78                WWDG_IRQHandler
                0x08000b78                TIM2_IRQHandler
                0x08000b78                OTG_FS_WKUP_IRQHandler
                0x08000b78                TIM1_TRG_COM_TIM11_IRQHandler
                0x08000b78                OTG_HS_IRQHandler
                0x08000b78                EXTI1_IRQHandler
                0x08000b78                USART2_IRQHandler
                0x08000b78                I2C2_ER_IRQHandler
                0x08000b78                DMA2_Stream1_IRQHandler
                0x08000b78                CAN1_SCE_IRQHandler
                0x08000b78                FLASH_IRQHandler
                0x08000b78                DMA2_Stream4_IRQHandler
                0x08000b78                USART1_IRQHandler
                0x08000b78                OTG_FS_IRQHandler
                0x08000b78                SPI3_IRQHandler
                0x08000b78                DMA1_Stream4_IRQHandler
                0x08000b78                I2C1_ER_IRQHandler
                0x08000b78                DMA2_Stream6_IRQHandler
                0x08000b78                DMA1_Stream3_IRQHandler
 *fill*         0x08000b7a        0x2 
 .text.HAL_InitTick
                0x08000b7c       0x4c CMakeFiles/FOCModule.elf.dir/Drivers/STM32F4xx_HAL_Driver/Src/stm32f4xx_hal.c.obj
                0x08000b7c                HAL_InitTick
 .text.HAL_Init
                0x08000bc8       0x34 CMakeFiles/FOCModule.elf.dir/Drivers/STM32F4xx_HAL_Driver/Src/stm32f4xx_hal.c.obj
                0x08000bc8                HAL_Init
 .text.HAL_IncTick
                0x08000bfc       0x18 CMakeFiles/FOCModule.elf.dir/Drivers/STM32F4xx_HAL_Driver/Src/stm32f4xx_hal.c.obj
                0x08000bfc                HAL_IncTick
 .text.HAL_GetTick
                0x08000c14        0xc CMakeFiles/FOCModule.elf.dir/Drivers/STM32F4xx_HAL_Driver/Src/stm32f4xx_hal.c.obj
                0x08000c14                HAL_GetTick
 .text.HAL_Delay
                0x08000c20       0x28 CMakeFiles/FOCModule.elf.dir/Drivers/STM32F4xx_HAL_Driver/Src/stm32f4xx_hal.c.obj
                0x08000c20                HAL_Delay
 .text.ADC_Init
                0x08000c48      0x134 CMakeFiles/FOCModule.elf.dir/Drivers/STM32F4xx_HAL_Driver/Src/stm32f4xx_hal_adc.c.obj
 .text.HAL_ADC_Init
                0x08000d7c       0x56 CMakeFiles/FOCModule.elf.dir/Drivers/STM32F4xx_HAL_Driver/Src/stm32f4xx_hal_adc.c.obj
                0x08000d7c                HAL_ADC_Init
 .text.HAL_ADC_ConvCpltCallback
                0x08000dd2        0x2 CMakeFiles/FOCModule.elf.dir/Drivers/STM32F4xx_HAL_Driver/Src/stm32f4xx_hal_adc.c.obj
                0x08000dd2                HAL_ADC_ConvCpltCallback
 .text.HAL_ADC_LevelOutOfWindowCallback
                0x08000dd4        0x2 CMakeFiles/FOCModule.elf.dir/Drivers/STM32F4xx_HAL_Driver/Src/stm32f4xx_hal_adc.c.obj
                0x08000dd4                HAL_ADC_LevelOutOfWindowCallback
 .text.HAL_ADC_ErrorCallback
                0x08000dd6        0x2 CMakeFiles/FOCModule.elf.dir/Drivers/STM32F4xx_HAL_Driver/Src/stm32f4xx_hal_adc.c.obj
                0x08000dd6                HAL_ADC_ErrorCallback
 .text.HAL_ADC_IRQHandler
                0x08000dd8      0x142 CMakeFiles/FOCModule.elf.dir/Drivers/STM32F4xx_HAL_Driver/Src/stm32f4xx_hal_adc.c.obj
                0x08000dd8                HAL_ADC_IRQHandler
 *fill*         0x08000f1a        0x2 
 .text.HAL_ADC_ConfigChannel
                0x08000f1c      0x198 CMakeFiles/FOCModule.elf.dir/Drivers/STM32F4xx_HAL_Driver/Src/stm32f4xx_hal_adc.c.obj
                0x08000f1c                HAL_ADC_ConfigChannel
 .text.HAL_ADCEx_InjectedStart_IT
                0x080010b4      0x10c CMakeFiles/FOCModule.elf.dir/Drivers/STM32F4xx_HAL_Driver/Src/stm32f4xx_hal_adc_ex.c.obj
                0x080010b4                HAL_ADCEx_InjectedStart_IT
 .text.HAL_ADCEx_InjectedGetValue
                0x080011c0       0x40 CMakeFiles/FOCModule.elf.dir/Drivers/STM32F4xx_HAL_Driver/Src/stm32f4xx_hal_adc_ex.c.obj
                0x080011c0                HAL_ADCEx_InjectedGetValue
 .text.HAL_ADCEx_InjectedConfigChannel
                0x08001200      0x210 CMakeFiles/FOCModule.elf.dir/Drivers/STM32F4xx_HAL_Driver/Src/stm32f4xx_hal_adc_ex.c.obj
                0x08001200                HAL_ADCEx_InjectedConfigChannel
 .text.HAL_NVIC_SetPriorityGrouping
                0x08001410       0x24 CMakeFiles/FOCModule.elf.dir/Drivers/STM32F4xx_HAL_Driver/Src/stm32f4xx_hal_cortex.c.obj
                0x08001410                HAL_NVIC_SetPriorityGrouping
 .text.HAL_NVIC_SetPriority
                0x08001434       0x70 CMakeFiles/FOCModule.elf.dir/Drivers/STM32F4xx_HAL_Driver/Src/stm32f4xx_hal_cortex.c.obj
                0x08001434                HAL_NVIC_SetPriority
 .text.HAL_NVIC_EnableIRQ
                0x080014a4       0x1c CMakeFiles/FOCModule.elf.dir/Drivers/STM32F4xx_HAL_Driver/Src/stm32f4xx_hal_cortex.c.obj
                0x080014a4                HAL_NVIC_EnableIRQ
 .text.HAL_SYSTICK_Config
                0x080014c0       0x28 CMakeFiles/FOCModule.elf.dir/Drivers/STM32F4xx_HAL_Driver/Src/stm32f4xx_hal_cortex.c.obj
                0x080014c0                HAL_SYSTICK_Config
 .text.HAL_DAC_Init
                0x080014e8       0x24 CMakeFiles/FOCModule.elf.dir/Drivers/STM32F4xx_HAL_Driver/Src/stm32f4xx_hal_dac.c.obj
                0x080014e8                HAL_DAC_Init
 .text.HAL_DAC_Start
                0x0800150c       0x68 CMakeFiles/FOCModule.elf.dir/Drivers/STM32F4xx_HAL_Driver/Src/stm32f4xx_hal_dac.c.obj
                0x0800150c                HAL_DAC_Start
 .text.HAL_DAC_SetValue
                0x08001574       0x2e CMakeFiles/FOCModule.elf.dir/Drivers/STM32F4xx_HAL_Driver/Src/stm32f4xx_hal_dac.c.obj
                0x08001574                HAL_DAC_SetValue
 .text.HAL_DAC_ConfigChannel
                0x080015a2       0x56 CMakeFiles/FOCModule.elf.dir/Drivers/STM32F4xx_HAL_Driver/Src/stm32f4xx_hal_dac.c.obj
                0x080015a2                HAL_DAC_ConfigChannel
 .text.HAL_GPIO_Init
                0x080015f8      0x1e4 CMakeFiles/FOCModule.elf.dir/Drivers/STM32F4xx_HAL_Driver/Src/stm32f4xx_hal_gpio.c.obj
                0x080015f8                HAL_GPIO_Init
 .text.HAL_GPIO_WritePin
                0x080017dc        0xc CMakeFiles/FOCModule.elf.dir/Drivers/STM32F4xx_HAL_Driver/Src/stm32f4xx_hal_gpio.c.obj
                0x080017dc                HAL_GPIO_WritePin
 .text.HAL_GPIO_TogglePin
                0x080017e8       0x12 CMakeFiles/FOCModule.elf.dir/Drivers/STM32F4xx_HAL_Driver/Src/stm32f4xx_hal_gpio.c.obj
                0x080017e8                HAL_GPIO_TogglePin
 .text.I2C_IsAcknowledgeFailed
                0x080017fa       0x32 CMakeFiles/FOCModule.elf.dir/Drivers/STM32F4xx_HAL_Driver/Src/stm32f4xx_hal_i2c.c.obj
 .text.I2C_WaitOnFlagUntilTimeout
                0x0800182c       0x7c CMakeFiles/FOCModule.elf.dir/Drivers/STM32F4xx_HAL_Driver/Src/stm32f4xx_hal_i2c.c.obj
 .text.I2C_WaitOnMasterAddressFlagUntilTimeout
                0x080018a8       0xaa CMakeFiles/FOCModule.elf.dir/Drivers/STM32F4xx_HAL_Driver/Src/stm32f4xx_hal_i2c.c.obj
 .text.I2C_WaitOnTXEFlagUntilTimeout
                0x08001952       0x54 CMakeFiles/FOCModule.elf.dir/Drivers/STM32F4xx_HAL_Driver/Src/stm32f4xx_hal_i2c.c.obj
 *fill*         0x080019a6        0x2 
 .text.I2C_RequestMemoryWrite
                0x080019a8       0xd8 CMakeFiles/FOCModule.elf.dir/Drivers/STM32F4xx_HAL_Driver/Src/stm32f4xx_hal_i2c.c.obj
 .text.I2C_RequestMemoryRead
                0x08001a80      0x154 CMakeFiles/FOCModule.elf.dir/Drivers/STM32F4xx_HAL_Driver/Src/stm32f4xx_hal_i2c.c.obj
 .text.I2C_WaitOnBTFFlagUntilTimeout
                0x08001bd4       0x54 CMakeFiles/FOCModule.elf.dir/Drivers/STM32F4xx_HAL_Driver/Src/stm32f4xx_hal_i2c.c.obj
 .text.I2C_WaitOnRXNEFlagUntilTimeout
                0x08001c28       0x6a CMakeFiles/FOCModule.elf.dir/Drivers/STM32F4xx_HAL_Driver/Src/stm32f4xx_hal_i2c.c.obj
 *fill*         0x08001c92        0x2 
 .text.HAL_I2C_Init
                0x08001c94      0x1bc CMakeFiles/FOCModule.elf.dir/Drivers/STM32F4xx_HAL_Driver/Src/stm32f4xx_hal_i2c.c.obj
                0x08001c94                HAL_I2C_Init
 .text.HAL_I2C_Mem_Write
                0x08001e50      0x164 CMakeFiles/FOCModule.elf.dir/Drivers/STM32F4xx_HAL_Driver/Src/stm32f4xx_hal_i2c.c.obj
                0x08001e50                HAL_I2C_Mem_Write
 .text.HAL_I2C_Mem_Read
                0x08001fb4      0x2e4 CMakeFiles/FOCModule.elf.dir/Drivers/STM32F4xx_HAL_Driver/Src/stm32f4xx_hal_i2c.c.obj
                0x08001fb4                HAL_I2C_Mem_Read
 .text.HAL_RCC_OscConfig
                0x08002298      0x3f8 CMakeFiles/FOCModule.elf.dir/Drivers/STM32F4xx_HAL_Driver/Src/stm32f4xx_hal_rcc.c.obj
                0x08002298                HAL_RCC_OscConfig
 .text.HAL_RCC_GetSysClockFreq
                0x08002690       0xd4 CMakeFiles/FOCModule.elf.dir/Drivers/STM32F4xx_HAL_Driver/Src/stm32f4xx_hal_rcc.c.obj
                0x08002690                HAL_RCC_GetSysClockFreq
 .text.HAL_RCC_ClockConfig
                0x08002764      0x160 CMakeFiles/FOCModule.elf.dir/Drivers/STM32F4xx_HAL_Driver/Src/stm32f4xx_hal_rcc.c.obj
                0x08002764                HAL_RCC_ClockConfig
 .text.HAL_RCC_GetHCLKFreq
                0x080028c4        0xc CMakeFiles/FOCModule.elf.dir/Drivers/STM32F4xx_HAL_Driver/Src/stm32f4xx_hal_rcc.c.obj
                0x080028c4                HAL_RCC_GetHCLKFreq
 .text.HAL_RCC_GetPCLK1Freq
                0x080028d0       0x20 CMakeFiles/FOCModule.elf.dir/Drivers/STM32F4xx_HAL_Driver/Src/stm32f4xx_hal_rcc.c.obj
                0x080028d0                HAL_RCC_GetPCLK1Freq
 .text.TIM_OC1_SetConfig
                0x080028f0       0x68 CMakeFiles/FOCModule.elf.dir/Drivers/STM32F4xx_HAL_Driver/Src/stm32f4xx_hal_tim.c.obj
 .text.TIM_OC3_SetConfig
                0x08002958       0x70 CMakeFiles/FOCModule.elf.dir/Drivers/STM32F4xx_HAL_Driver/Src/stm32f4xx_hal_tim.c.obj
 .text.TIM_OC4_SetConfig
                0x080029c8       0x50 CMakeFiles/FOCModule.elf.dir/Drivers/STM32F4xx_HAL_Driver/Src/stm32f4xx_hal_tim.c.obj
 .text.TIM_TI1_ConfigInputStage
                0x08002a18       0x26 CMakeFiles/FOCModule.elf.dir/Drivers/STM32F4xx_HAL_Driver/Src/stm32f4xx_hal_tim.c.obj
 .text.TIM_TI2_ConfigInputStage
                0x08002a3e       0x28 CMakeFiles/FOCModule.elf.dir/Drivers/STM32F4xx_HAL_Driver/Src/stm32f4xx_hal_tim.c.obj
 .text.TIM_ITRx_SetConfig
                0x08002a66       0x10 CMakeFiles/FOCModule.elf.dir/Drivers/STM32F4xx_HAL_Driver/Src/stm32f4xx_hal_tim.c.obj
 .text.HAL_TIM_PWM_MspInit
                0x08002a76        0x2 CMakeFiles/FOCModule.elf.dir/Drivers/STM32F4xx_HAL_Driver/Src/stm32f4xx_hal_tim.c.obj
                0x08002a76                HAL_TIM_PWM_MspInit
 .text.TIM_Base_SetConfig
                0x08002a78       0xc8 CMakeFiles/FOCModule.elf.dir/Drivers/STM32F4xx_HAL_Driver/Src/stm32f4xx_hal_tim.c.obj
                0x08002a78                TIM_Base_SetConfig
 .text.HAL_TIM_Base_Init
                0x08002b40       0x58 CMakeFiles/FOCModule.elf.dir/Drivers/STM32F4xx_HAL_Driver/Src/stm32f4xx_hal_tim.c.obj
                0x08002b40                HAL_TIM_Base_Init
 .text.HAL_TIM_PWM_Init
                0x08002b98       0x58 CMakeFiles/FOCModule.elf.dir/Drivers/STM32F4xx_HAL_Driver/Src/stm32f4xx_hal_tim.c.obj
                0x08002b98                HAL_TIM_PWM_Init
 .text.TIM_OC2_SetConfig
                0x08002bf0       0x70 CMakeFiles/FOCModule.elf.dir/Drivers/STM32F4xx_HAL_Driver/Src/stm32f4xx_hal_tim.c.obj
                0x08002bf0                TIM_OC2_SetConfig
 .text.HAL_TIM_PWM_ConfigChannel
                0x08002c60       0xdc CMakeFiles/FOCModule.elf.dir/Drivers/STM32F4xx_HAL_Driver/Src/stm32f4xx_hal_tim.c.obj
                0x08002c60                HAL_TIM_PWM_ConfigChannel
 .text.TIM_ETR_SetConfig
                0x08002d3c       0x1a CMakeFiles/FOCModule.elf.dir/Drivers/STM32F4xx_HAL_Driver/Src/stm32f4xx_hal_tim.c.obj
                0x08002d3c                TIM_ETR_SetConfig
 .text.HAL_TIM_ConfigClockSource
                0x08002d56       0xfe CMakeFiles/FOCModule.elf.dir/Drivers/STM32F4xx_HAL_Driver/Src/stm32f4xx_hal_tim.c.obj
                0x08002d56                HAL_TIM_ConfigClockSource
 .text.TIM_CCxChannelCmd
                0x08002e54       0x1e CMakeFiles/FOCModule.elf.dir/Drivers/STM32F4xx_HAL_Driver/Src/stm32f4xx_hal_tim.c.obj
                0x08002e54                TIM_CCxChannelCmd
 *fill*         0x08002e72        0x2 
 .text.HAL_TIM_PWM_Start
                0x08002e74      0x104 CMakeFiles/FOCModule.elf.dir/Drivers/STM32F4xx_HAL_Driver/Src/stm32f4xx_hal_tim.c.obj
                0x08002e74                HAL_TIM_PWM_Start
 .text.TIM_CCxNChannelCmd
                0x08002f78       0x1e CMakeFiles/FOCModule.elf.dir/Drivers/STM32F4xx_HAL_Driver/Src/stm32f4xx_hal_tim_ex.c.obj
 *fill*         0x08002f96        0x2 
 .text.HAL_TIMEx_OCN_Start
                0x08002f98       0xf8 CMakeFiles/FOCModule.elf.dir/Drivers/STM32F4xx_HAL_Driver/Src/stm32f4xx_hal_tim_ex.c.obj
                0x08002f98                HAL_TIMEx_OCN_Start
 .text.HAL_TIMEx_MasterConfigSynchronization
                0x08003090       0x8c CMakeFiles/FOCModule.elf.dir/Drivers/STM32F4xx_HAL_Driver/Src/stm32f4xx_hal_tim_ex.c.obj
                0x08003090                HAL_TIMEx_MasterConfigSynchronization
 .text.HAL_TIMEx_ConfigBreakDeadTime
                0x0800311c       0x52 CMakeFiles/FOCModule.elf.dir/Drivers/STM32F4xx_HAL_Driver/Src/stm32f4xx_hal_tim_ex.c.obj
                0x0800311c                HAL_TIMEx_ConfigBreakDeadTime
 *fill*         0x0800316e        0x2 
 .text.AS5600_init
                0x08003170       0x2c CMakeFiles/FOCModule.elf.dir/FOC/Encoder/Src/AS5600.c.obj
                0x08003170                AS5600_init
 .text.AS5600_detectMagnet
                0x0800319c       0x40 CMakeFiles/FOCModule.elf.dir/FOC/Encoder/Src/AS5600.c.obj
                0x0800319c                AS5600_detectMagnet
 .text.AS5600_ReadSensorRawData
                0x080031dc       0x54 CMakeFiles/FOCModule.elf.dir/FOC/Encoder/Src/AS5600.c.obj
                0x080031dc                AS5600_ReadSensorRawData
 .text.FOC_set_duty_cycle
                0x08003230       0x90 CMakeFiles/FOCModule.elf.dir/FOC/Src/FOC_PWM.c.obj
                0x08003230                FOC_set_duty_cycle
 .text.FOC_tim_init
                0x080032c0       0x54 CMakeFiles/FOCModule.elf.dir/FOC/Src/FOC_PWM.c.obj
                0x080032c0                FOC_tim_init
 .text.FOC_SVPWM
                0x08003314      0x2d4 CMakeFiles/FOCModule.elf.dir/FOC/Src/FOC_core.c.obj
                0x08003314                FOC_SVPWM
 .text.FOC_calibrate
                0x080035e8       0x50 CMakeFiles/FOCModule.elf.dir/FOC/Src/FOC_core.c.obj
                0x080035e8                FOC_calibrate
 .text.FOC_Clarke_Transform
                0x08003638       0x60 CMakeFiles/FOCModule.elf.dir/FOC/Src/FOC_core.c.obj
                0x08003638                FOC_Clarke_Transform
 .text.FOC_Park_Transform
                0x08003698       0x64 CMakeFiles/FOCModule.elf.dir/FOC/Src/FOC_core.c.obj
                0x08003698                FOC_Park_Transform
 .text.FOC_current_loop
                0x080036fc       0xbc CMakeFiles/FOCModule.elf.dir/FOC/Src/FOC_core.c.obj
                0x080036fc                FOC_current_loop
 .text.FOC_cs_init
                0x080037b8       0x28 CMakeFiles/FOCModule.elf.dir/FOC/Src/FOC_current_sense.c.obj
                0x080037b8                FOC_cs_init
 .text.HAL_ADCEx_InjectedConvCpltCallback
                0x080037e0       0x44 CMakeFiles/FOCModule.elf.dir/FOC/Src/FOC_current_sense.c.obj
                0x080037e0                HAL_ADCEx_InjectedConvCpltCallback
 .text.FOC_cs_read_current
                0x08003824       0xa0 CMakeFiles/FOCModule.elf.dir/FOC/Src/FOC_current_sense.c.obj
                0x08003824                FOC_cs_read_current
 .text.FOC_encoder_read_raw_data
                0x080038c4       0x18 CMakeFiles/FOCModule.elf.dir/FOC/Src/FOC_encoder.c.obj
                0x080038c4                FOC_encoder_read_raw_data
 .text.FOC_encoder_read_mechanical_angle
                0x080038dc       0x30 CMakeFiles/FOCModule.elf.dir/FOC/Src/FOC_encoder.c.obj
                0x080038dc                FOC_encoder_read_mechanical_angle
 .text.FOC_encoder_compute_electrical_angle
                0x0800390c       0x3c CMakeFiles/FOCModule.elf.dir/FOC/Src/FOC_encoder.c.obj
                0x0800390c                FOC_encoder_compute_electrical_angle
 .text.FOC_scope_init
                0x08003948       0x1c CMakeFiles/FOCModule.elf.dir/FOC/Src/FOC_scope.c.obj
                0x08003948                FOC_scope_init
 .text.FOC_scope_probe_float
                0x08003964       0x6c CMakeFiles/FOCModule.elf.dir/FOC/Src/FOC_scope.c.obj
                0x08003964                FOC_scope_probe_float
 .text._checkRange
                0x080039d0       0x20 CMakeFiles/FOCModule.elf.dir/FOC/Src/FOC_utility.c.obj
                0x080039d0                _checkRange
 .text._normalizeAngle
                0x080039f0       0x24 CMakeFiles/FOCModule.elf.dir/FOC/Src/FOC_utility.c.obj
                0x080039f0                _normalizeAngle
 .text.arm_sin_f32
                0x08003a14       0x8c D:\Projects\FOCModule\Firmware\FOCModule\Middlewares\ST\ARM\DSP\Lib\libarm_cortexM4lf_math.a(arm_sin_f32.o)
                0x08003a14                arm_sin_f32
 .text.arm_cos_f32
                0x08003aa0       0x94 D:\Projects\FOCModule\Firmware\FOCModule\Middlewares\ST\ARM\DSP\Lib\libarm_cortexM4lf_math.a(arm_cos_f32.o)
                0x08003aa0                arm_cos_f32
 .text.__errno  0x08003b34        0xc c:/tools/gcc-arm-none-eabi-10.3-2021.07/bin/../lib/gcc/arm-none-eabi/10.3.1/../../../../arm-none-eabi/lib/thumb/v7e-m+fp/hard\libg.a(lib_a-errno.o)
                0x08003b34                __errno
 .text.__libc_init_array
                0x08003b40       0x48 c:/tools/gcc-arm-none-eabi-10.3-2021.07/bin/../lib/gcc/arm-none-eabi/10.3.1/../../../../arm-none-eabi/lib/thumb/v7e-m+fp/hard\libg.a(lib_a-init.o)
                0x08003b40                __libc_init_array
 .text.memset   0x08003b88       0xa4 c:/tools/gcc-arm-none-eabi-10.3-2021.07/bin/../lib/gcc/arm-none-eabi/10.3.1/../../../../arm-none-eabi/lib/thumb/v7e-m+fp/hard\libg.a(lib_a-memset.o)
                0x08003b88                memset
 .text.startup.register_fini
                0x08003c2c       0x14 c:/tools/gcc-arm-none-eabi-10.3-2021.07/bin/../lib/gcc/arm-none-eabi/10.3.1/../../../../arm-none-eabi/lib/thumb/v7e-m+fp/hard\libg.a(lib_a-__call_atexit.o)
 .text.atexit   0x08003c40        0xc c:/tools/gcc-arm-none-eabi-10.3-2021.07/bin/../lib/gcc/arm-none-eabi/10.3.1/../../../../arm-none-eabi/lib/thumb/v7e-m+fp/hard\libg.a(lib_a-atexit.o)
                0x08003c40                atexit
 .text.__libc_fini_array
                0x08003c4c       0x2c c:/tools/gcc-arm-none-eabi-10.3-2021.07/bin/../lib/gcc/arm-none-eabi/10.3.1/../../../../arm-none-eabi/lib/thumb/v7e-m+fp/hard\libg.a(lib_a-fini.o)
                0x08003c4c                __libc_fini_array
 .text.__retarget_lock_acquire_recursive
                0x08003c78        0x4 c:/tools/gcc-arm-none-eabi-10.3-2021.07/bin/../lib/gcc/arm-none-eabi/10.3.1/../../../../arm-none-eabi/lib/thumb/v7e-m+fp/hard\libg.a(lib_a-lock.o)
                0x08003c78                __retarget_lock_acquire_recursive
 .text.__retarget_lock_release_recursive
                0x08003c7c        0x4 c:/tools/gcc-arm-none-eabi-10.3-2021.07/bin/../lib/gcc/arm-none-eabi/10.3.1/../../../../arm-none-eabi/lib/thumb/v7e-m+fp/hard\libg.a(lib_a-lock.o)
                0x08003c7c                __retarget_lock_release_recursive
 .text.__register_exitproc
                0x08003c80       0x8c c:/tools/gcc-arm-none-eabi-10.3-2021.07/bin/../lib/gcc/arm-none-eabi/10.3.1/../../../../arm-none-eabi/lib/thumb/v7e-m+fp/hard\libg.a(lib_a-__atexit.o)
                0x08003c80                __register_exitproc
 .text.floorf   0x08003d0c       0x8c c:/tools/gcc-arm-none-eabi-10.3-2021.07/bin/../lib/gcc/arm-none-eabi/10.3.1/../../../../arm-none-eabi/lib/thumb/v7e-m+fp/hard\libm.a(lib_a-sf_floor.o)
                0x08003d0c                floorf
 .text.atan2f   0x08003d98        0x4 c:/tools/gcc-arm-none-eabi-10.3-2021.07/bin/../lib/gcc/arm-none-eabi/10.3.1/../../../../arm-none-eabi/lib/thumb/v7e-m+fp/hard\libm.a(lib_a-wf_atan2.o)
                0x08003d98                atan2f
 .text.fmodf    0x08003d9c       0x48 c:/tools/gcc-arm-none-eabi-10.3-2021.07/bin/../lib/gcc/arm-none-eabi/10.3.1/../../../../arm-none-eabi/lib/thumb/v7e-m+fp/hard\libm.a(lib_a-wf_fmod.o)
                0x08003d9c                fmodf
 .text.sqrtf    0x08003de4       0x44 c:/tools/gcc-arm-none-eabi-10.3-2021.07/bin/../lib/gcc/arm-none-eabi/10.3.1/../../../../arm-none-eabi/lib/thumb/v7e-m+fp/hard\libm.a(lib_a-wf_sqrt.o)
                0x08003de4                sqrtf
 .text.__ieee754_atan2f
                0x08003e28      0x150 c:/tools/gcc-arm-none-eabi-10.3-2021.07/bin/../lib/gcc/arm-none-eabi/10.3.1/../../../../arm-none-eabi/lib/thumb/v7e-m+fp/hard\libm.a(lib_a-ef_atan2.o)
                0x08003e28                __ieee754_atan2f
 .text.__ieee754_fmodf
                0x08003f78      0x120 c:/tools/gcc-arm-none-eabi-10.3-2021.07/bin/../lib/gcc/arm-none-eabi/10.3.1/../../../../arm-none-eabi/lib/thumb/v7e-m+fp/hard\libm.a(lib_a-ef_fmod.o)
                0x08003f78                __ieee754_fmodf
 .text.__ieee754_sqrtf
                0x08004098        0x8 c:/tools/gcc-arm-none-eabi-10.3-2021.07/bin/../lib/gcc/arm-none-eabi/10.3.1/../../../../arm-none-eabi/lib/thumb/v7e-m+fp/hard\libm.a(lib_a-ef_sqrt.o)
                0x08004098                __ieee754_sqrtf
 .text.atanf    0x080040a0      0x1b4 c:/tools/gcc-arm-none-eabi-10.3-2021.07/bin/../lib/gcc/arm-none-eabi/10.3.1/../../../../arm-none-eabi/lib/thumb/v7e-m+fp/hard\libm.a(lib_a-sf_atan.o)
                0x080040a0                atanf
 .text.fabsf    0x08004254       0x10 c:/tools/gcc-arm-none-eabi-10.3-2021.07/bin/../lib/gcc/arm-none-eabi/10.3.1/../../../../arm-none-eabi/lib/thumb/v7e-m+fp/hard\libm.a(lib_a-sf_fabs.o)
                0x08004254                fabsf
 *(.glue_7)
 .glue_7        0x08004264        0x0 linker stubs
 *(.glue_7t)
 .glue_7t       0x08004264        0x0 linker stubs
 *(.eh_frame)
 .eh_frame      0x08004264        0x0 c:/tools/gcc-arm-none-eabi-10.3-2021.07/bin/../lib/gcc/arm-none-eabi/10.3.1/thumb/v7e-m+fp/hard/crtbegin.o
 *(.init)
 .init          0x08004264        0x4 c:/tools/gcc-arm-none-eabi-10.3-2021.07/bin/../lib/gcc/arm-none-eabi/10.3.1/thumb/v7e-m+fp/hard/crti.o
                0x08004264                _init
 .init          0x08004268        0x8 c:/tools/gcc-arm-none-eabi-10.3-2021.07/bin/../lib/gcc/arm-none-eabi/10.3.1/thumb/v7e-m+fp/hard/crtn.o
 *(.fini)
 .fini          0x08004270        0x4 c:/tools/gcc-arm-none-eabi-10.3-2021.07/bin/../lib/gcc/arm-none-eabi/10.3.1/thumb/v7e-m+fp/hard/crti.o
                0x08004270                _fini
 .fini          0x08004274        0x8 c:/tools/gcc-arm-none-eabi-10.3-2021.07/bin/../lib/gcc/arm-none-eabi/10.3.1/thumb/v7e-m+fp/hard/crtn.o
                0x0800427c                . = ALIGN (0x4)
                0x0800427c                _etext = .

.vfp11_veneer   0x0800427c        0x0
 .vfp11_veneer  0x0800427c        0x0 linker stubs

.v4_bx          0x0800427c        0x0
 .v4_bx         0x0800427c        0x0 linker stubs

.iplt           0x0800427c        0x0
 .iplt          0x0800427c        0x0 c:/tools/gcc-arm-none-eabi-10.3-2021.07/bin/../lib/gcc/arm-none-eabi/10.3.1/thumb/v7e-m+fp/hard/crtbegin.o

.rodata         0x0800427c      0x860
                0x0800427c                . = ALIGN (0x4)
 *(.rodata)
 *(.rodata*)
 .rodata.AHBPrescTable
                0x0800427c       0x10 CMakeFiles/FOCModule.elf.dir/Core/Src/system_stm32f4xx.c.obj
                0x0800427c                AHBPrescTable
 .rodata.APBPrescTable
                0x0800428c        0x8 CMakeFiles/FOCModule.elf.dir/Core/Src/system_stm32f4xx.c.obj
                0x0800428c                APBPrescTable
 .rodata.sinTable_f32
                0x08004294      0x804 D:\Projects\FOCModule\Firmware\FOCModule\Middlewares\ST\ARM\DSP\Lib\libarm_cortexM4lf_math.a(arm_common_tables.o)
                0x08004294                sinTable_f32
 .rodata._global_impure_ptr
                0x08004a98        0x4 c:/tools/gcc-arm-none-eabi-10.3-2021.07/bin/../lib/gcc/arm-none-eabi/10.3.1/../../../../arm-none-eabi/lib/thumb/v7e-m+fp/hard\libg.a(lib_a-impure.o)
                0x08004a98                _global_impure_ptr
 .rodata.CSWTCH.8
                0x08004a9c        0xc c:/tools/gcc-arm-none-eabi-10.3-2021.07/bin/../lib/gcc/arm-none-eabi/10.3.1/../../../../arm-none-eabi/lib/thumb/v7e-m+fp/hard\libm.a(lib_a-ef_atan2.o)
 .rodata.CSWTCH.9
                0x08004aa8        0xc c:/tools/gcc-arm-none-eabi-10.3-2021.07/bin/../lib/gcc/arm-none-eabi/10.3.1/../../../../arm-none-eabi/lib/thumb/v7e-m+fp/hard\libm.a(lib_a-ef_atan2.o)
 .rodata.Zero   0x08004ab4        0x8 c:/tools/gcc-arm-none-eabi-10.3-2021.07/bin/../lib/gcc/arm-none-eabi/10.3.1/../../../../arm-none-eabi/lib/thumb/v7e-m+fp/hard\libm.a(lib_a-ef_fmod.o)
 .rodata.atanhi
                0x08004abc       0x10 c:/tools/gcc-arm-none-eabi-10.3-2021.07/bin/../lib/gcc/arm-none-eabi/10.3.1/../../../../arm-none-eabi/lib/thumb/v7e-m+fp/hard\libm.a(lib_a-sf_atan.o)
 .rodata.atanlo
                0x08004acc       0x10 c:/tools/gcc-arm-none-eabi-10.3-2021.07/bin/../lib/gcc/arm-none-eabi/10.3.1/../../../../arm-none-eabi/lib/thumb/v7e-m+fp/hard\libm.a(lib_a-sf_atan.o)
                0x08004adc                . = ALIGN (0x4)

.ARM.extab      0x08004adc        0x0
                0x08004adc                . = ALIGN (0x4)
 *(.ARM.extab* .gnu.linkonce.armextab.*)
                0x08004adc                . = ALIGN (0x4)

.ARM            0x08004adc        0x8
                0x08004adc                . = ALIGN (0x4)
                0x08004adc                __exidx_start = .
 *(.ARM.exidx*)
 .ARM.exidx     0x08004adc        0x8 c:/tools/gcc-arm-none-eabi-10.3-2021.07/bin/../lib/gcc/arm-none-eabi/10.3.1/thumb/v7e-m+fp/hard\libgcc.a(_udivmoddi4.o)
                0x08004ae4                __exidx_end = .
                0x08004ae4                . = ALIGN (0x4)

.rel.dyn        0x08004ae4        0x0
 .rel.iplt      0x08004ae4        0x0 c:/tools/gcc-arm-none-eabi-10.3-2021.07/bin/../lib/gcc/arm-none-eabi/10.3.1/thumb/v7e-m+fp/hard/crtbegin.o

.preinit_array  0x08004ae4        0x0
                0x08004ae4                . = ALIGN (0x4)
                0x08004ae4                PROVIDE (__preinit_array_start = .)
 *(.preinit_array*)
                0x08004ae4                PROVIDE (__preinit_array_end = .)
                0x08004ae4                . = ALIGN (0x4)

.init_array     0x08004ae4        0x8
                0x08004ae4                . = ALIGN (0x4)
                0x08004ae4                PROVIDE (__init_array_start = .)
 *(SORT_BY_NAME(.init_array.*))
 .init_array.00000
                0x08004ae4        0x4 c:/tools/gcc-arm-none-eabi-10.3-2021.07/bin/../lib/gcc/arm-none-eabi/10.3.1/../../../../arm-none-eabi/lib/thumb/v7e-m+fp/hard\libg.a(lib_a-__call_atexit.o)
 *(.init_array*)
 .init_array    0x08004ae8        0x4 c:/tools/gcc-arm-none-eabi-10.3-2021.07/bin/../lib/gcc/arm-none-eabi/10.3.1/thumb/v7e-m+fp/hard/crtbegin.o
                0x08004aec                PROVIDE (__init_array_end = .)
                0x08004aec                . = ALIGN (0x4)

.fini_array     0x08004aec        0x4
                0x08004aec                . = ALIGN (0x4)
                0x08004aec                PROVIDE (__fini_array_start = .)
 *(SORT_BY_NAME(.fini_array.*))
 *(.fini_array*)
 .fini_array    0x08004aec        0x4 c:/tools/gcc-arm-none-eabi-10.3-2021.07/bin/../lib/gcc/arm-none-eabi/10.3.1/thumb/v7e-m+fp/hard/crtbegin.o
                0x08004af0                PROVIDE (__fini_array_end = .)
                0x08004af0                . = ALIGN (0x4)
                0x08004af0                _sidata = LOADADDR (.data)

.data           0x20000000      0x464 load address 0x08004af0
                0x20000000                . = ALIGN (0x4)
                0x20000000                _sdata = .
 *(.data)
 *(.data*)
 .data.SystemCoreClock
                0x20000000        0x4 CMakeFiles/FOCModule.elf.dir/Core/Src/system_stm32f4xx.c.obj
                0x20000000                SystemCoreClock
 .data.uwTickFreq
                0x20000004        0x1 CMakeFiles/FOCModule.elf.dir/Drivers/STM32F4xx_HAL_Driver/Src/stm32f4xx_hal.c.obj
                0x20000004                uwTickFreq
 *fill*         0x20000005        0x3 
 .data.uwTickPrio
                0x20000008        0x4 CMakeFiles/FOCModule.elf.dir/Drivers/STM32F4xx_HAL_Driver/Src/stm32f4xx_hal.c.obj
                0x20000008                uwTickPrio
 .data.FOC_INA_gain
                0x2000000c        0x4 CMakeFiles/FOCModule.elf.dir/FOC/Src/FOC_setting.c.obj
                0x2000000c                FOC_INA_gain
 .data.FOC_encoder_type
                0x20000010        0x1 CMakeFiles/FOCModule.elf.dir/FOC/Src/FOC_setting.c.obj
                0x20000010                FOC_encoder_type
 *fill*         0x20000011        0x3 
 .data.FOC_pole_pairs
                0x20000014        0x4 CMakeFiles/FOCModule.elf.dir/FOC/Src/FOC_setting.c.obj
                0x20000014                FOC_pole_pairs
 .data.FOC_pwm_max
                0x20000018        0x4 CMakeFiles/FOCModule.elf.dir/FOC/Src/FOC_setting.c.obj
                0x20000018                FOC_pwm_max
 .data.FOC_sample_duty_cycle
                0x2000001c        0x4 CMakeFiles/FOCModule.elf.dir/FOC/Src/FOC_setting.c.obj
                0x2000001c                FOC_sample_duty_cycle
 .data.FOC_sample_max
                0x20000020        0x4 CMakeFiles/FOCModule.elf.dir/FOC/Src/FOC_setting.c.obj
                0x20000020                FOC_sample_max
 .data.FOC_sample_mid
                0x20000024        0x4 CMakeFiles/FOCModule.elf.dir/FOC/Src/FOC_setting.c.obj
                0x20000024                FOC_sample_mid
 .data.FOC_sample_ref_voltage
                0x20000028        0x4 CMakeFiles/FOCModule.elf.dir/FOC/Src/FOC_setting.c.obj
                0x20000028                FOC_sample_ref_voltage
 .data.FOC_shunt_resistance
                0x2000002c        0x4 CMakeFiles/FOCModule.elf.dir/FOC/Src/FOC_setting.c.obj
                0x2000002c                FOC_shunt_resistance
 .data.FOC_supply_voltage
                0x20000030        0x4 CMakeFiles/FOCModule.elf.dir/FOC/Src/FOC_setting.c.obj
                0x20000030                FOC_supply_voltage
 .data._impure_ptr
                0x20000034        0x4 c:/tools/gcc-arm-none-eabi-10.3-2021.07/bin/../lib/gcc/arm-none-eabi/10.3.1/../../../../arm-none-eabi/lib/thumb/v7e-m+fp/hard\libg.a(lib_a-impure.o)
                0x20000034                _impure_ptr
 .data.impure_data
                0x20000038      0x428 c:/tools/gcc-arm-none-eabi-10.3-2021.07/bin/../lib/gcc/arm-none-eabi/10.3.1/../../../../arm-none-eabi/lib/thumb/v7e-m+fp/hard\libg.a(lib_a-impure.o)
 .data.__atexit_recursive_mutex
                0x20000460        0x4 c:/tools/gcc-arm-none-eabi-10.3-2021.07/bin/../lib/gcc/arm-none-eabi/10.3.1/../../../../arm-none-eabi/lib/thumb/v7e-m+fp/hard\libg.a(lib_a-__call_atexit.o)
                0x20000460                __atexit_recursive_mutex
 *(.RamFunc)
 *(.RamFunc*)
                0x20000464                . = ALIGN (0x4)
                0x20000464                _edata = .
                0x08004f54                _siccmram = LOADADDR (.ccmram)

.igot.plt       0x20000464        0x0 load address 0x08004f54
 .igot.plt      0x20000464        0x0 c:/tools/gcc-arm-none-eabi-10.3-2021.07/bin/../lib/gcc/arm-none-eabi/10.3.1/thumb/v7e-m+fp/hard/crtbegin.o

.ccmram         0x10000000        0x0 load address 0x08004f54
                0x10000000                . = ALIGN (0x4)
                0x10000000                _sccmram = .
 *(.ccmram)
 *(.ccmram*)
                0x10000000                . = ALIGN (0x4)
                0x10000000                _eccmram = .
                0x10000000                . = ALIGN (0x4)

.bss            0x20000464      0x188
                0x20000464                _sbss = .
                0x20000464                __bss_start__ = _sbss
 *(.bss)
 .bss           0x20000464       0x1c c:/tools/gcc-arm-none-eabi-10.3-2021.07/bin/../lib/gcc/arm-none-eabi/10.3.1/thumb/v7e-m+fp/hard/crtbegin.o
 *(.bss*)
 .bss.hadc1     0x20000480       0x48 CMakeFiles/FOCModule.elf.dir/Core/Src/adc.c.obj
                0x20000480                hadc1
 .bss.hdac      0x200004c8       0x14 CMakeFiles/FOCModule.elf.dir/Core/Src/dac.c.obj
                0x200004c8                hdac
 .bss.hi2c1     0x200004dc       0x54 CMakeFiles/FOCModule.elf.dir/Core/Src/i2c.c.obj
                0x200004dc                hi2c1
 .bss.htim1     0x20000530       0x48 CMakeFiles/FOCModule.elf.dir/Core/Src/tim.c.obj
                0x20000530                htim1
 .bss.uwTick    0x20000578        0x4 CMakeFiles/FOCModule.elf.dir/Drivers/STM32F4xx_HAL_Driver/Src/stm32f4xx_hal.c.obj
                0x20000578                uwTick
 .bss.data.0    0x2000057c        0x4 CMakeFiles/FOCModule.elf.dir/FOC/Encoder/Src/AS5600.c.obj
 .bss.raw_data.1
                0x20000580        0x2 CMakeFiles/FOCModule.elf.dir/FOC/Encoder/Src/AS5600.c.obj
 *fill*         0x20000582        0x2 
 .bss.Ia.6      0x20000584        0x4 CMakeFiles/FOCModule.elf.dir/FOC/Src/FOC_core.c.obj
 .bss.Ialpha.3  0x20000588        0x4 CMakeFiles/FOCModule.elf.dir/FOC/Src/FOC_core.c.obj
 .bss.Ib.5      0x2000058c        0x4 CMakeFiles/FOCModule.elf.dir/FOC/Src/FOC_core.c.obj
 .bss.Ibeta.2   0x20000590        0x4 CMakeFiles/FOCModule.elf.dir/FOC/Src/FOC_core.c.obj
 .bss.Ic.4      0x20000594        0x4 CMakeFiles/FOCModule.elf.dir/FOC/Src/FOC_core.c.obj
 .bss.Id.1      0x20000598        0x4 CMakeFiles/FOCModule.elf.dir/FOC/Src/FOC_core.c.obj
 .bss.Iq.0      0x2000059c        0x4 CMakeFiles/FOCModule.elf.dir/FOC/Src/FOC_core.c.obj
 .bss.T0.15     0x200005a0        0x4 CMakeFiles/FOCModule.elf.dir/FOC/Src/FOC_core.c.obj
 .bss.T1.17     0x200005a4        0x4 CMakeFiles/FOCModule.elf.dir/FOC/Src/FOC_core.c.obj
 .bss.T2.16     0x200005a8        0x4 CMakeFiles/FOCModule.elf.dir/FOC/Src/FOC_core.c.obj
 .bss.Ta.14     0x200005ac        0x4 CMakeFiles/FOCModule.elf.dir/FOC/Src/FOC_core.c.obj
 .bss.Tb.13     0x200005b0        0x4 CMakeFiles/FOCModule.elf.dir/FOC/Src/FOC_core.c.obj
 .bss.Tc.12     0x200005b4        0x4 CMakeFiles/FOCModule.elf.dir/FOC/Src/FOC_core.c.obj
 .bss.Uout.18   0x200005b8        0x4 CMakeFiles/FOCModule.elf.dir/FOC/Src/FOC_core.c.obj
 .bss.a.10      0x200005bc        0x4 CMakeFiles/FOCModule.elf.dir/FOC/Src/FOC_core.c.obj
 .bss.b.9       0x200005c0        0x4 CMakeFiles/FOCModule.elf.dir/FOC/Src/FOC_core.c.obj
 .bss.ct.8      0x200005c4        0x4 CMakeFiles/FOCModule.elf.dir/FOC/Src/FOC_core.c.obj
 .bss.mid.11    0x200005c8        0x4 CMakeFiles/FOCModule.elf.dir/FOC/Src/FOC_core.c.obj
 .bss.st.7      0x200005cc        0x4 CMakeFiles/FOCModule.elf.dir/FOC/Src/FOC_core.c.obj
 .bss.ADC_value
                0x200005d0        0x6 CMakeFiles/FOCModule.elf.dir/FOC/Src/FOC_current_sense.c.obj
 *fill*         0x200005d6        0x2 
 .bss.ratio.0   0x200005d8        0x4 CMakeFiles/FOCModule.elf.dir/FOC/Src/FOC_current_sense.c.obj
 .bss.FOC_electrical_angle
                0x200005dc        0x4 CMakeFiles/FOCModule.elf.dir/FOC/Src/FOC_encoder.c.obj
                0x200005dc                FOC_electrical_angle
 .bss.FOC_mechanical_angle
                0x200005e0        0x4 CMakeFiles/FOCModule.elf.dir/FOC/Src/FOC_encoder.c.obj
                0x200005e0                FOC_mechanical_angle
 .bss.FOC_mechanical_angle_offset
                0x200005e4        0x4 CMakeFiles/FOCModule.elf.dir/FOC/Src/FOC_setting.c.obj
                0x200005e4                FOC_mechanical_angle_offset
 .bss.__lock___atexit_recursive_mutex
                0x200005e8        0x1 c:/tools/gcc-arm-none-eabi-10.3-2021.07/bin/../lib/gcc/arm-none-eabi/10.3.1/../../../../arm-none-eabi/lib/thumb/v7e-m+fp/hard\libg.a(lib_a-lock.o)
                0x200005e8                __lock___atexit_recursive_mutex
 *(COMMON)
                0x200005ec                . = ALIGN (0x4)
 *fill*         0x200005e9        0x3 
                0x200005ec                _ebss = .
                0x200005ec                __bss_end__ = _ebss

._user_heap_stack
                0x200005ec     0x1004
                0x200005f0                . = ALIGN (0x8)
 *fill*         0x200005ec        0x4 
                [!provide]                PROVIDE (end = .)
                0x200005f0                PROVIDE (_end = .)
                0x20000df0                . = (. + _Min_Heap_Size)
 *fill*         0x200005f0      0x800 
                0x200015f0                . = (. + _Min_Stack_Size)
 *fill*         0x20000df0      0x800 
                0x200015f0                . = ALIGN (0x8)

/DISCARD/
 libc.a(*)
 libm.a(*)
 libgcc.a(*)

.ARM.attributes
                0x00000000       0x30
 *(.ARM.attributes)
 .ARM.attributes
                0x00000000       0x1e c:/tools/gcc-arm-none-eabi-10.3-2021.07/bin/../lib/gcc/arm-none-eabi/10.3.1/thumb/v7e-m+fp/hard/crti.o
 .ARM.attributes
                0x0000001e       0x34 c:/tools/gcc-arm-none-eabi-10.3-2021.07/bin/../lib/gcc/arm-none-eabi/10.3.1/thumb/v7e-m+fp/hard/crtbegin.o
 .ARM.attributes
                0x00000052       0x34 CMakeFiles/FOCModule.elf.dir/Core/Src/adc.c.obj
 .ARM.attributes
                0x00000086       0x34 CMakeFiles/FOCModule.elf.dir/Core/Src/dac.c.obj
 .ARM.attributes
                0x000000ba       0x34 CMakeFiles/FOCModule.elf.dir/Core/Src/gpio.c.obj
 .ARM.attributes
                0x000000ee       0x34 CMakeFiles/FOCModule.elf.dir/Core/Src/i2c.c.obj
 .ARM.attributes
                0x00000122       0x34 CMakeFiles/FOCModule.elf.dir/Core/Src/main.c.obj
 .ARM.attributes
                0x00000156       0x34 CMakeFiles/FOCModule.elf.dir/Core/Src/stm32f4xx_hal_msp.c.obj
 .ARM.attributes
                0x0000018a       0x34 CMakeFiles/FOCModule.elf.dir/Core/Src/stm32f4xx_it.c.obj
 .ARM.attributes
                0x000001be       0x34 CMakeFiles/FOCModule.elf.dir/Core/Src/system_stm32f4xx.c.obj
 .ARM.attributes
                0x000001f2       0x34 CMakeFiles/FOCModule.elf.dir/Core/Src/tim.c.obj
 .ARM.attributes
                0x00000226       0x21 CMakeFiles/FOCModule.elf.dir/Core/Startup/startup_stm32f405rgtx.s.obj
 .ARM.attributes
                0x00000247       0x34 CMakeFiles/FOCModule.elf.dir/Drivers/STM32F4xx_HAL_Driver/Src/stm32f4xx_hal.c.obj
 .ARM.attributes
                0x0000027b       0x34 CMakeFiles/FOCModule.elf.dir/Drivers/STM32F4xx_HAL_Driver/Src/stm32f4xx_hal_adc.c.obj
 .ARM.attributes
                0x000002af       0x34 CMakeFiles/FOCModule.elf.dir/Drivers/STM32F4xx_HAL_Driver/Src/stm32f4xx_hal_adc_ex.c.obj
 .ARM.attributes
                0x000002e3       0x34 CMakeFiles/FOCModule.elf.dir/Drivers/STM32F4xx_HAL_Driver/Src/stm32f4xx_hal_cortex.c.obj
 .ARM.attributes
                0x00000317       0x34 CMakeFiles/FOCModule.elf.dir/Drivers/STM32F4xx_HAL_Driver/Src/stm32f4xx_hal_dac.c.obj
 .ARM.attributes
                0x0000034b       0x34 CMakeFiles/FOCModule.elf.dir/Drivers/STM32F4xx_HAL_Driver/Src/stm32f4xx_hal_gpio.c.obj
 .ARM.attributes
                0x0000037f       0x34 CMakeFiles/FOCModule.elf.dir/Drivers/STM32F4xx_HAL_Driver/Src/stm32f4xx_hal_i2c.c.obj
 .ARM.attributes
                0x000003b3       0x34 CMakeFiles/FOCModule.elf.dir/Drivers/STM32F4xx_HAL_Driver/Src/stm32f4xx_hal_rcc.c.obj
 .ARM.attributes
                0x000003e7       0x34 CMakeFiles/FOCModule.elf.dir/Drivers/STM32F4xx_HAL_Driver/Src/stm32f4xx_hal_tim.c.obj
 .ARM.attributes
                0x0000041b       0x34 CMakeFiles/FOCModule.elf.dir/Drivers/STM32F4xx_HAL_Driver/Src/stm32f4xx_hal_tim_ex.c.obj
 .ARM.attributes
                0x0000044f       0x34 CMakeFiles/FOCModule.elf.dir/FOC/Encoder/Src/AS5600.c.obj
 .ARM.attributes
                0x00000483       0x34 CMakeFiles/FOCModule.elf.dir/FOC/Src/FOC_PWM.c.obj
 .ARM.attributes
                0x000004b7       0x34 CMakeFiles/FOCModule.elf.dir/FOC/Src/FOC_core.c.obj
 .ARM.attributes
                0x000004eb       0x34 CMakeFiles/FOCModule.elf.dir/FOC/Src/FOC_current_sense.c.obj
 .ARM.attributes
                0x0000051f       0x34 CMakeFiles/FOCModule.elf.dir/FOC/Src/FOC_encoder.c.obj
 .ARM.attributes
                0x00000553       0x34 CMakeFiles/FOCModule.elf.dir/FOC/Src/FOC_scope.c.obj
 .ARM.attributes
                0x00000587       0x39 CMakeFiles/FOCModule.elf.dir/FOC/Src/FOC_setting.c.obj
 .ARM.attributes
                0x000005c0       0x34 CMakeFiles/FOCModule.elf.dir/FOC/Src/FOC_utility.c.obj
 .ARM.attributes
                0x000005f4       0x34 D:\Projects\FOCModule\Firmware\FOCModule\Middlewares\ST\ARM\DSP\Lib\libarm_cortexM4lf_math.a(arm_sin_f32.o)
 .ARM.attributes
                0x00000628       0x34 D:\Projects\FOCModule\Firmware\FOCModule\Middlewares\ST\ARM\DSP\Lib\libarm_cortexM4lf_math.a(arm_cos_f32.o)
 .ARM.attributes
                0x0000065c       0x39 D:\Projects\FOCModule\Firmware\FOCModule\Middlewares\ST\ARM\DSP\Lib\libarm_cortexM4lf_math.a(arm_common_tables.o)
 .ARM.attributes
                0x00000695       0x1e c:/tools/gcc-arm-none-eabi-10.3-2021.07/bin/../lib/gcc/arm-none-eabi/10.3.1/thumb/v7e-m+fp/hard\libgcc.a(_aeabi_uldivmod.o)
 .ARM.attributes
                0x000006b3       0x34 c:/tools/gcc-arm-none-eabi-10.3-2021.07/bin/../lib/gcc/arm-none-eabi/10.3.1/thumb/v7e-m+fp/hard\libgcc.a(_udivmoddi4.o)
 .ARM.attributes
                0x000006e7       0x1e c:/tools/gcc-arm-none-eabi-10.3-2021.07/bin/../lib/gcc/arm-none-eabi/10.3.1/thumb/v7e-m+fp/hard\libgcc.a(_dvmd_tls.o)
 .ARM.attributes
                0x00000705       0x34 c:/tools/gcc-arm-none-eabi-10.3-2021.07/bin/../lib/gcc/arm-none-eabi/10.3.1/../../../../arm-none-eabi/lib/thumb/v7e-m+fp/hard\libg.a(lib_a-errno.o)
 .ARM.attributes
                0x00000739       0x32 c:/tools/gcc-arm-none-eabi-10.3-2021.07/bin/../lib/gcc/arm-none-eabi/10.3.1/../../../../arm-none-eabi/lib/thumb/v7e-m+fp/hard\libg.a(lib_a-impure.o)
 .ARM.attributes
                0x0000076b       0x34 c:/tools/gcc-arm-none-eabi-10.3-2021.07/bin/../lib/gcc/arm-none-eabi/10.3.1/../../../../arm-none-eabi/lib/thumb/v7e-m+fp/hard\libg.a(lib_a-init.o)
 .ARM.attributes
                0x0000079f       0x34 c:/tools/gcc-arm-none-eabi-10.3-2021.07/bin/../lib/gcc/arm-none-eabi/10.3.1/../../../../arm-none-eabi/lib/thumb/v7e-m+fp/hard\libg.a(lib_a-memset.o)
 .ARM.attributes
                0x000007d3       0x34 c:/tools/gcc-arm-none-eabi-10.3-2021.07/bin/../lib/gcc/arm-none-eabi/10.3.1/../../../../arm-none-eabi/lib/thumb/v7e-m+fp/hard\libg.a(lib_a-__call_atexit.o)
 .ARM.attributes
                0x00000807       0x34 c:/tools/gcc-arm-none-eabi-10.3-2021.07/bin/../lib/gcc/arm-none-eabi/10.3.1/../../../../arm-none-eabi/lib/thumb/v7e-m+fp/hard\libg.a(lib_a-atexit.o)
 .ARM.attributes
                0x0000083b       0x34 c:/tools/gcc-arm-none-eabi-10.3-2021.07/bin/../lib/gcc/arm-none-eabi/10.3.1/../../../../arm-none-eabi/lib/thumb/v7e-m+fp/hard\libg.a(lib_a-fini.o)
 .ARM.attributes
                0x0000086f       0x34 c:/tools/gcc-arm-none-eabi-10.3-2021.07/bin/../lib/gcc/arm-none-eabi/10.3.1/../../../../arm-none-eabi/lib/thumb/v7e-m+fp/hard\libg.a(lib_a-lock.o)
 .ARM.attributes
                0x000008a3       0x34 c:/tools/gcc-arm-none-eabi-10.3-2021.07/bin/../lib/gcc/arm-none-eabi/10.3.1/../../../../arm-none-eabi/lib/thumb/v7e-m+fp/hard\libg.a(lib_a-__atexit.o)
 .ARM.attributes
                0x000008d7       0x1e c:/tools/gcc-arm-none-eabi-10.3-2021.07/bin/../lib/gcc/arm-none-eabi/10.3.1/thumb/v7e-m+fp/hard/crtn.o
OUTPUT(FOCModule.elf elf32-littlearm)
LOAD linker stubs
LOAD c:/tools/gcc-arm-none-eabi-10.3-2021.07/bin/../lib/gcc/arm-none-eabi/10.3.1/../../../../arm-none-eabi/lib/thumb/v7e-m+fp/hard\libc.a
LOAD c:/tools/gcc-arm-none-eabi-10.3-2021.07/bin/../lib/gcc/arm-none-eabi/10.3.1/../../../../arm-none-eabi/lib/thumb/v7e-m+fp/hard\libm.a
LOAD c:/tools/gcc-arm-none-eabi-10.3-2021.07/bin/../lib/gcc/arm-none-eabi/10.3.1/thumb/v7e-m+fp/hard\libgcc.a

.debug_info     0x00000000    0x1a610
 .debug_info    0x00000000      0xe27 CMakeFiles/FOCModule.elf.dir/Core/Src/adc.c.obj
 .debug_info    0x00000e27      0x996 CMakeFiles/FOCModule.elf.dir/Core/Src/dac.c.obj
 .debug_info    0x000017bd      0x475 CMakeFiles/FOCModule.elf.dir/Core/Src/gpio.c.obj
 .debug_info    0x00001c32      0xa52 CMakeFiles/FOCModule.elf.dir/Core/Src/i2c.c.obj
 .debug_info    0x00002684      0x743 CMakeFiles/FOCModule.elf.dir/Core/Src/main.c.obj
 .debug_info    0x00002dc7      0x2a4 CMakeFiles/FOCModule.elf.dir/Core/Src/stm32f4xx_hal_msp.c.obj
 .debug_info    0x0000306b      0x66a CMakeFiles/FOCModule.elf.dir/Core/Src/stm32f4xx_it.c.obj
 .debug_info    0x000036d5      0x538 CMakeFiles/FOCModule.elf.dir/Core/Src/system_stm32f4xx.c.obj
 .debug_info    0x00003c0d      0xe77 CMakeFiles/FOCModule.elf.dir/Core/Src/tim.c.obj
 .debug_info    0x00004a84       0x22 CMakeFiles/FOCModule.elf.dir/Core/Startup/startup_stm32f405rgtx.s.obj
 .debug_info    0x00004aa6      0x9de CMakeFiles/FOCModule.elf.dir/Drivers/STM32F4xx_HAL_Driver/Src/stm32f4xx_hal.c.obj
 .debug_info    0x00005484      0xee1 CMakeFiles/FOCModule.elf.dir/Drivers/STM32F4xx_HAL_Driver/Src/stm32f4xx_hal_adc.c.obj
 .debug_info    0x00006365      0xcaa CMakeFiles/FOCModule.elf.dir/Drivers/STM32F4xx_HAL_Driver/Src/stm32f4xx_hal_adc_ex.c.obj
 .debug_info    0x0000700f     0x1086 CMakeFiles/FOCModule.elf.dir/Drivers/STM32F4xx_HAL_Driver/Src/stm32f4xx_hal_cortex.c.obj
 .debug_info    0x00008095      0xb31 CMakeFiles/FOCModule.elf.dir/Drivers/STM32F4xx_HAL_Driver/Src/stm32f4xx_hal_dac.c.obj
 .debug_info    0x00008bc6      0x7b0 CMakeFiles/FOCModule.elf.dir/Drivers/STM32F4xx_HAL_Driver/Src/stm32f4xx_hal_gpio.c.obj
 .debug_info    0x00009376     0x3944 CMakeFiles/FOCModule.elf.dir/Drivers/STM32F4xx_HAL_Driver/Src/stm32f4xx_hal_i2c.c.obj
 .debug_info    0x0000ccba      0xb03 CMakeFiles/FOCModule.elf.dir/Drivers/STM32F4xx_HAL_Driver/Src/stm32f4xx_hal_rcc.c.obj
 .debug_info    0x0000d7bd     0x3d5b CMakeFiles/FOCModule.elf.dir/Drivers/STM32F4xx_HAL_Driver/Src/stm32f4xx_hal_tim.c.obj
 .debug_info    0x00011518     0x1ade CMakeFiles/FOCModule.elf.dir/Drivers/STM32F4xx_HAL_Driver/Src/stm32f4xx_hal_tim_ex.c.obj
 .debug_info    0x00012ff6      0x8cc CMakeFiles/FOCModule.elf.dir/FOC/Encoder/Src/AS5600.c.obj
 .debug_info    0x000138c2      0x88d CMakeFiles/FOCModule.elf.dir/FOC/Src/FOC_PWM.c.obj
 .debug_info    0x0001414f      0x742 CMakeFiles/FOCModule.elf.dir/FOC/Src/FOC_core.c.obj
 .debug_info    0x00014891      0xb7e CMakeFiles/FOCModule.elf.dir/FOC/Src/FOC_current_sense.c.obj
 .debug_info    0x0001540f      0x18e CMakeFiles/FOCModule.elf.dir/FOC/Src/FOC_encoder.c.obj
 .debug_info    0x0001559d      0x67c CMakeFiles/FOCModule.elf.dir/FOC/Src/FOC_scope.c.obj
 .debug_info    0x00015c19      0x197 CMakeFiles/FOCModule.elf.dir/FOC/Src/FOC_setting.c.obj
 .debug_info    0x00015db0      0x1b8 CMakeFiles/FOCModule.elf.dir/FOC/Src/FOC_utility.c.obj
 .debug_info    0x00015f68     0x1612 D:\Projects\FOCModule\Firmware\FOCModule\Middlewares\ST\ARM\DSP\Lib\libarm_cortexM4lf_math.a(arm_sin_f32.o)
 .debug_info    0x0001757a     0x1612 D:\Projects\FOCModule\Firmware\FOCModule\Middlewares\ST\ARM\DSP\Lib\libarm_cortexM4lf_math.a(arm_cos_f32.o)
 .debug_info    0x00018b8c     0x1a84 D:\Projects\FOCModule\Firmware\FOCModule\Middlewares\ST\ARM\DSP\Lib\libarm_cortexM4lf_math.a(arm_common_tables.o)

.debug_abbrev   0x00000000     0x3700
 .debug_abbrev  0x00000000      0x1ed CMakeFiles/FOCModule.elf.dir/Core/Src/adc.c.obj
 .debug_abbrev  0x000001ed      0x1d3 CMakeFiles/FOCModule.elf.dir/Core/Src/dac.c.obj
 .debug_abbrev  0x000003c0      0x14e CMakeFiles/FOCModule.elf.dir/Core/Src/gpio.c.obj
 .debug_abbrev  0x0000050e      0x1d3 CMakeFiles/FOCModule.elf.dir/Core/Src/i2c.c.obj
 .debug_abbrev  0x000006e1      0x1c2 CMakeFiles/FOCModule.elf.dir/Core/Src/main.c.obj
 .debug_abbrev  0x000008a3       0xd1 CMakeFiles/FOCModule.elf.dir/Core/Src/stm32f4xx_hal_msp.c.obj
 .debug_abbrev  0x00000974      0x178 CMakeFiles/FOCModule.elf.dir/Core/Src/stm32f4xx_it.c.obj
 .debug_abbrev  0x00000aec      0x119 CMakeFiles/FOCModule.elf.dir/Core/Src/system_stm32f4xx.c.obj
 .debug_abbrev  0x00000c05      0x211 CMakeFiles/FOCModule.elf.dir/Core/Src/tim.c.obj
 .debug_abbrev  0x00000e16       0x12 CMakeFiles/FOCModule.elf.dir/Core/Startup/startup_stm32f405rgtx.s.obj
 .debug_abbrev  0x00000e28      0x206 CMakeFiles/FOCModule.elf.dir/Drivers/STM32F4xx_HAL_Driver/Src/stm32f4xx_hal.c.obj
 .debug_abbrev  0x0000102e      0x23a CMakeFiles/FOCModule.elf.dir/Drivers/STM32F4xx_HAL_Driver/Src/stm32f4xx_hal_adc.c.obj
 .debug_abbrev  0x00001268      0x293 CMakeFiles/FOCModule.elf.dir/Drivers/STM32F4xx_HAL_Driver/Src/stm32f4xx_hal_adc_ex.c.obj
 .debug_abbrev  0x000014fb      0x36a CMakeFiles/FOCModule.elf.dir/Drivers/STM32F4xx_HAL_Driver/Src/stm32f4xx_hal_cortex.c.obj
 .debug_abbrev  0x00001865      0x1c6 CMakeFiles/FOCModule.elf.dir/Drivers/STM32F4xx_HAL_Driver/Src/stm32f4xx_hal_dac.c.obj
 .debug_abbrev  0x00001a2b      0x1ef CMakeFiles/FOCModule.elf.dir/Drivers/STM32F4xx_HAL_Driver/Src/stm32f4xx_hal_gpio.c.obj
 .debug_abbrev  0x00001c1a      0x27f CMakeFiles/FOCModule.elf.dir/Drivers/STM32F4xx_HAL_Driver/Src/stm32f4xx_hal_i2c.c.obj
 .debug_abbrev  0x00001e99      0x28a CMakeFiles/FOCModule.elf.dir/Drivers/STM32F4xx_HAL_Driver/Src/stm32f4xx_hal_rcc.c.obj
 .debug_abbrev  0x00002123      0x22b CMakeFiles/FOCModule.elf.dir/Drivers/STM32F4xx_HAL_Driver/Src/stm32f4xx_hal_tim.c.obj
 .debug_abbrev  0x0000234e      0x241 CMakeFiles/FOCModule.elf.dir/Drivers/STM32F4xx_HAL_Driver/Src/stm32f4xx_hal_tim_ex.c.obj
 .debug_abbrev  0x0000258f      0x1dd CMakeFiles/FOCModule.elf.dir/FOC/Encoder/Src/AS5600.c.obj
 .debug_abbrev  0x0000276c      0x1bb CMakeFiles/FOCModule.elf.dir/FOC/Src/FOC_PWM.c.obj
 .debug_abbrev  0x00002927      0x1fc CMakeFiles/FOCModule.elf.dir/FOC/Src/FOC_core.c.obj
 .debug_abbrev  0x00002b23      0x20b CMakeFiles/FOCModule.elf.dir/FOC/Src/FOC_current_sense.c.obj
 .debug_abbrev  0x00002d2e       0xcb CMakeFiles/FOCModule.elf.dir/FOC/Src/FOC_encoder.c.obj
 .debug_abbrev  0x00002df9      0x194 CMakeFiles/FOCModule.elf.dir/FOC/Src/FOC_scope.c.obj
 .debug_abbrev  0x00002f8d       0x68 CMakeFiles/FOCModule.elf.dir/FOC/Src/FOC_setting.c.obj
 .debug_abbrev  0x00002ff5       0xd6 CMakeFiles/FOCModule.elf.dir/FOC/Src/FOC_utility.c.obj
 .debug_abbrev  0x000030cb      0x22c D:\Projects\FOCModule\Firmware\FOCModule\Middlewares\ST\ARM\DSP\Lib\libarm_cortexM4lf_math.a(arm_sin_f32.o)
 .debug_abbrev  0x000032f7      0x22c D:\Projects\FOCModule\Firmware\FOCModule\Middlewares\ST\ARM\DSP\Lib\libarm_cortexM4lf_math.a(arm_cos_f32.o)
 .debug_abbrev  0x00003523      0x1dd D:\Projects\FOCModule\Firmware\FOCModule\Middlewares\ST\ARM\DSP\Lib\libarm_cortexM4lf_math.a(arm_common_tables.o)

.debug_loc      0x00000000     0xec94
 .debug_loc     0x00000000       0x84 CMakeFiles/FOCModule.elf.dir/Core/Src/adc.c.obj
 .debug_loc     0x00000084       0x84 CMakeFiles/FOCModule.elf.dir/Core/Src/dac.c.obj
 .debug_loc     0x00000108       0x67 CMakeFiles/FOCModule.elf.dir/Core/Src/i2c.c.obj
 .debug_loc     0x0000016f      0x158 CMakeFiles/FOCModule.elf.dir/Core/Src/system_stm32f4xx.c.obj
 .debug_loc     0x000002c7       0x42 CMakeFiles/FOCModule.elf.dir/Core/Src/tim.c.obj
 .debug_loc     0x00000309      0x141 CMakeFiles/FOCModule.elf.dir/Drivers/STM32F4xx_HAL_Driver/Src/stm32f4xx_hal.c.obj
 .debug_loc     0x0000044a      0xba1 CMakeFiles/FOCModule.elf.dir/Drivers/STM32F4xx_HAL_Driver/Src/stm32f4xx_hal_adc.c.obj
 .debug_loc     0x00000feb      0xa82 CMakeFiles/FOCModule.elf.dir/Drivers/STM32F4xx_HAL_Driver/Src/stm32f4xx_hal_adc_ex.c.obj
 .debug_loc     0x00001a6d      0x744 CMakeFiles/FOCModule.elf.dir/Drivers/STM32F4xx_HAL_Driver/Src/stm32f4xx_hal_cortex.c.obj
 .debug_loc     0x000021b1      0x78f CMakeFiles/FOCModule.elf.dir/Drivers/STM32F4xx_HAL_Driver/Src/stm32f4xx_hal_dac.c.obj
 .debug_loc     0x00002940      0x520 CMakeFiles/FOCModule.elf.dir/Drivers/STM32F4xx_HAL_Driver/Src/stm32f4xx_hal_gpio.c.obj
 .debug_loc     0x00002e60     0x41b6 CMakeFiles/FOCModule.elf.dir/Drivers/STM32F4xx_HAL_Driver/Src/stm32f4xx_hal_i2c.c.obj
 .debug_loc     0x00007016      0x58c CMakeFiles/FOCModule.elf.dir/Drivers/STM32F4xx_HAL_Driver/Src/stm32f4xx_hal_rcc.c.obj
 .debug_loc     0x000075a2     0x506c CMakeFiles/FOCModule.elf.dir/Drivers/STM32F4xx_HAL_Driver/Src/stm32f4xx_hal_tim.c.obj
 .debug_loc     0x0000c60e     0x1cd7 CMakeFiles/FOCModule.elf.dir/Drivers/STM32F4xx_HAL_Driver/Src/stm32f4xx_hal_tim_ex.c.obj
 .debug_loc     0x0000e2e5      0x10a CMakeFiles/FOCModule.elf.dir/FOC/Encoder/Src/AS5600.c.obj
 .debug_loc     0x0000e3ef       0xde CMakeFiles/FOCModule.elf.dir/FOC/Src/FOC_PWM.c.obj
 .debug_loc     0x0000e4cd      0x360 CMakeFiles/FOCModule.elf.dir/FOC/Src/FOC_core.c.obj
 .debug_loc     0x0000e82d       0x7c CMakeFiles/FOCModule.elf.dir/FOC/Src/FOC_current_sense.c.obj
 .debug_loc     0x0000e8a9      0x127 CMakeFiles/FOCModule.elf.dir/FOC/Src/FOC_scope.c.obj
 .debug_loc     0x0000e9d0       0xd0 CMakeFiles/FOCModule.elf.dir/FOC/Src/FOC_utility.c.obj
 .debug_loc     0x0000eaa0       0xfa D:\Projects\FOCModule\Firmware\FOCModule\Middlewares\ST\ARM\DSP\Lib\libarm_cortexM4lf_math.a(arm_sin_f32.o)
 .debug_loc     0x0000eb9a       0xfa D:\Projects\FOCModule\Firmware\FOCModule\Middlewares\ST\ARM\DSP\Lib\libarm_cortexM4lf_math.a(arm_cos_f32.o)

.debug_aranges  0x00000000     0x1058
 .debug_aranges
                0x00000000       0x30 CMakeFiles/FOCModule.elf.dir/Core/Src/adc.c.obj
 .debug_aranges
                0x00000030       0x30 CMakeFiles/FOCModule.elf.dir/Core/Src/dac.c.obj
 .debug_aranges
                0x00000060       0x20 CMakeFiles/FOCModule.elf.dir/Core/Src/gpio.c.obj
 .debug_aranges
                0x00000080       0x30 CMakeFiles/FOCModule.elf.dir/Core/Src/i2c.c.obj
 .debug_aranges
                0x000000b0       0x30 CMakeFiles/FOCModule.elf.dir/Core/Src/main.c.obj
 .debug_aranges
                0x000000e0       0x20 CMakeFiles/FOCModule.elf.dir/Core/Src/stm32f4xx_hal_msp.c.obj
 .debug_aranges
                0x00000100       0x68 CMakeFiles/FOCModule.elf.dir/Core/Src/stm32f4xx_it.c.obj
 .debug_aranges
                0x00000168       0x28 CMakeFiles/FOCModule.elf.dir/Core/Src/system_stm32f4xx.c.obj
 .debug_aranges
                0x00000190       0x38 CMakeFiles/FOCModule.elf.dir/Core/Src/tim.c.obj
 .debug_aranges
                0x000001c8       0x28 CMakeFiles/FOCModule.elf.dir/Core/Startup/startup_stm32f405rgtx.s.obj
 .debug_aranges
                0x000001f0       0xf0 CMakeFiles/FOCModule.elf.dir/Drivers/STM32F4xx_HAL_Driver/Src/stm32f4xx_hal.c.obj
 .debug_aranges
                0x000002e0       0xe8 CMakeFiles/FOCModule.elf.dir/Drivers/STM32F4xx_HAL_Driver/Src/stm32f4xx_hal_adc.c.obj
 .debug_aranges
                0x000003c8       0x90 CMakeFiles/FOCModule.elf.dir/Drivers/STM32F4xx_HAL_Driver/Src/stm32f4xx_hal_adc_ex.c.obj
 .debug_aranges
                0x00000458       0xa8 CMakeFiles/FOCModule.elf.dir/Drivers/STM32F4xx_HAL_Driver/Src/stm32f4xx_hal_cortex.c.obj
 .debug_aranges
                0x00000500       0xc0 CMakeFiles/FOCModule.elf.dir/Drivers/STM32F4xx_HAL_Driver/Src/stm32f4xx_hal_dac.c.obj
 .debug_aranges
                0x000005c0       0x58 CMakeFiles/FOCModule.elf.dir/Drivers/STM32F4xx_HAL_Driver/Src/stm32f4xx_hal_gpio.c.obj
 .debug_aranges
                0x00000618      0x2a0 CMakeFiles/FOCModule.elf.dir/Drivers/STM32F4xx_HAL_Driver/Src/stm32f4xx_hal_i2c.c.obj
 .debug_aranges
                0x000008b8       0x88 CMakeFiles/FOCModule.elf.dir/Drivers/STM32F4xx_HAL_Driver/Src/stm32f4xx_hal_rcc.c.obj
 .debug_aranges
                0x00000940      0x3d0 CMakeFiles/FOCModule.elf.dir/Drivers/STM32F4xx_HAL_Driver/Src/stm32f4xx_hal_tim.c.obj
 .debug_aranges
                0x00000d10      0x168 CMakeFiles/FOCModule.elf.dir/Drivers/STM32F4xx_HAL_Driver/Src/stm32f4xx_hal_tim_ex.c.obj
 .debug_aranges
                0x00000e78       0x40 CMakeFiles/FOCModule.elf.dir/FOC/Encoder/Src/AS5600.c.obj
 .debug_aranges
                0x00000eb8       0x28 CMakeFiles/FOCModule.elf.dir/FOC/Src/FOC_PWM.c.obj
 .debug_aranges
                0x00000ee0       0x48 CMakeFiles/FOCModule.elf.dir/FOC/Src/FOC_core.c.obj
 .debug_aranges
                0x00000f28       0x30 CMakeFiles/FOCModule.elf.dir/FOC/Src/FOC_current_sense.c.obj
 .debug_aranges
                0x00000f58       0x30 CMakeFiles/FOCModule.elf.dir/FOC/Src/FOC_encoder.c.obj
 .debug_aranges
                0x00000f88       0x30 CMakeFiles/FOCModule.elf.dir/FOC/Src/FOC_scope.c.obj
 .debug_aranges
                0x00000fb8       0x18 CMakeFiles/FOCModule.elf.dir/FOC/Src/FOC_setting.c.obj
 .debug_aranges
                0x00000fd0       0x30 CMakeFiles/FOCModule.elf.dir/FOC/Src/FOC_utility.c.obj
 .debug_aranges
                0x00001000       0x20 D:\Projects\FOCModule\Firmware\FOCModule\Middlewares\ST\ARM\DSP\Lib\libarm_cortexM4lf_math.a(arm_sin_f32.o)
 .debug_aranges
                0x00001020       0x20 D:\Projects\FOCModule\Firmware\FOCModule\Middlewares\ST\ARM\DSP\Lib\libarm_cortexM4lf_math.a(arm_cos_f32.o)
 .debug_aranges
                0x00001040       0x18 D:\Projects\FOCModule\Firmware\FOCModule\Middlewares\ST\ARM\DSP\Lib\libarm_cortexM4lf_math.a(arm_common_tables.o)

.debug_ranges   0x00000000      0xf08
 .debug_ranges  0x00000000       0x20 CMakeFiles/FOCModule.elf.dir/Core/Src/adc.c.obj
 .debug_ranges  0x00000020       0x20 CMakeFiles/FOCModule.elf.dir/Core/Src/dac.c.obj
 .debug_ranges  0x00000040       0x10 CMakeFiles/FOCModule.elf.dir/Core/Src/gpio.c.obj
 .debug_ranges  0x00000050       0x20 CMakeFiles/FOCModule.elf.dir/Core/Src/i2c.c.obj
 .debug_ranges  0x00000070       0x20 CMakeFiles/FOCModule.elf.dir/Core/Src/main.c.obj
 .debug_ranges  0x00000090       0x10 CMakeFiles/FOCModule.elf.dir/Core/Src/stm32f4xx_hal_msp.c.obj
 .debug_ranges  0x000000a0       0x58 CMakeFiles/FOCModule.elf.dir/Core/Src/stm32f4xx_it.c.obj
 .debug_ranges  0x000000f8       0x18 CMakeFiles/FOCModule.elf.dir/Core/Src/system_stm32f4xx.c.obj
 .debug_ranges  0x00000110       0x28 CMakeFiles/FOCModule.elf.dir/Core/Src/tim.c.obj
 .debug_ranges  0x00000138       0x20 CMakeFiles/FOCModule.elf.dir/Core/Startup/startup_stm32f405rgtx.s.obj
 .debug_ranges  0x00000158       0xe0 CMakeFiles/FOCModule.elf.dir/Drivers/STM32F4xx_HAL_Driver/Src/stm32f4xx_hal.c.obj
 .debug_ranges  0x00000238       0xd8 CMakeFiles/FOCModule.elf.dir/Drivers/STM32F4xx_HAL_Driver/Src/stm32f4xx_hal_adc.c.obj
 .debug_ranges  0x00000310       0x80 CMakeFiles/FOCModule.elf.dir/Drivers/STM32F4xx_HAL_Driver/Src/stm32f4xx_hal_adc_ex.c.obj
 .debug_ranges  0x00000390       0xf8 CMakeFiles/FOCModule.elf.dir/Drivers/STM32F4xx_HAL_Driver/Src/stm32f4xx_hal_cortex.c.obj
 .debug_ranges  0x00000488       0xb0 CMakeFiles/FOCModule.elf.dir/Drivers/STM32F4xx_HAL_Driver/Src/stm32f4xx_hal_dac.c.obj
 .debug_ranges  0x00000538       0x48 CMakeFiles/FOCModule.elf.dir/Drivers/STM32F4xx_HAL_Driver/Src/stm32f4xx_hal_gpio.c.obj
 .debug_ranges  0x00000580      0x2a8 CMakeFiles/FOCModule.elf.dir/Drivers/STM32F4xx_HAL_Driver/Src/stm32f4xx_hal_i2c.c.obj
 .debug_ranges  0x00000828       0x90 CMakeFiles/FOCModule.elf.dir/Drivers/STM32F4xx_HAL_Driver/Src/stm32f4xx_hal_rcc.c.obj
 .debug_ranges  0x000008b8      0x3c0 CMakeFiles/FOCModule.elf.dir/Drivers/STM32F4xx_HAL_Driver/Src/stm32f4xx_hal_tim.c.obj
 .debug_ranges  0x00000c78      0x158 CMakeFiles/FOCModule.elf.dir/Drivers/STM32F4xx_HAL_Driver/Src/stm32f4xx_hal_tim_ex.c.obj
 .debug_ranges  0x00000dd0       0x30 CMakeFiles/FOCModule.elf.dir/FOC/Encoder/Src/AS5600.c.obj
 .debug_ranges  0x00000e00       0x18 CMakeFiles/FOCModule.elf.dir/FOC/Src/FOC_PWM.c.obj
 .debug_ranges  0x00000e18       0x50 CMakeFiles/FOCModule.elf.dir/FOC/Src/FOC_core.c.obj
 .debug_ranges  0x00000e68       0x20 CMakeFiles/FOCModule.elf.dir/FOC/Src/FOC_current_sense.c.obj
 .debug_ranges  0x00000e88       0x20 CMakeFiles/FOCModule.elf.dir/FOC/Src/FOC_encoder.c.obj
 .debug_ranges  0x00000ea8       0x20 CMakeFiles/FOCModule.elf.dir/FOC/Src/FOC_scope.c.obj
 .debug_ranges  0x00000ec8       0x20 CMakeFiles/FOCModule.elf.dir/FOC/Src/FOC_utility.c.obj
 .debug_ranges  0x00000ee8       0x10 D:\Projects\FOCModule\Firmware\FOCModule\Middlewares\ST\ARM\DSP\Lib\libarm_cortexM4lf_math.a(arm_sin_f32.o)
 .debug_ranges  0x00000ef8       0x10 D:\Projects\FOCModule\Firmware\FOCModule\Middlewares\ST\ARM\DSP\Lib\libarm_cortexM4lf_math.a(arm_cos_f32.o)

.debug_line     0x00000000    0x14066
 .debug_line    0x00000000      0x47d CMakeFiles/FOCModule.elf.dir/Core/Src/adc.c.obj
 .debug_line    0x0000047d      0x337 CMakeFiles/FOCModule.elf.dir/Core/Src/dac.c.obj
 .debug_line    0x000007b4      0x23c CMakeFiles/FOCModule.elf.dir/Core/Src/gpio.c.obj
 .debug_line    0x000009f0      0x354 CMakeFiles/FOCModule.elf.dir/Core/Src/i2c.c.obj
 .debug_line    0x00000d44      0x49d CMakeFiles/FOCModule.elf.dir/Core/Src/main.c.obj
 .debug_line    0x000011e1      0x196 CMakeFiles/FOCModule.elf.dir/Core/Src/stm32f4xx_hal_msp.c.obj
 .debug_line    0x00001377      0x343 CMakeFiles/FOCModule.elf.dir/Core/Src/stm32f4xx_it.c.obj
 .debug_line    0x000016ba      0x2b5 CMakeFiles/FOCModule.elf.dir/Core/Src/system_stm32f4xx.c.obj
 .debug_line    0x0000196f      0x4c5 CMakeFiles/FOCModule.elf.dir/Core/Src/tim.c.obj
 .debug_line    0x00001e34       0xae CMakeFiles/FOCModule.elf.dir/Core/Startup/startup_stm32f405rgtx.s.obj
 .debug_line    0x00001ee2      0x5f3 CMakeFiles/FOCModule.elf.dir/Drivers/STM32F4xx_HAL_Driver/Src/stm32f4xx_hal.c.obj
 .debug_line    0x000024d5     0x1116 CMakeFiles/FOCModule.elf.dir/Drivers/STM32F4xx_HAL_Driver/Src/stm32f4xx_hal_adc.c.obj
 .debug_line    0x000035eb      0xcc9 CMakeFiles/FOCModule.elf.dir/Drivers/STM32F4xx_HAL_Driver/Src/stm32f4xx_hal_adc_ex.c.obj
 .debug_line    0x000042b4      0x806 CMakeFiles/FOCModule.elf.dir/Drivers/STM32F4xx_HAL_Driver/Src/stm32f4xx_hal_cortex.c.obj
 .debug_line    0x00004aba      0x888 CMakeFiles/FOCModule.elf.dir/Drivers/STM32F4xx_HAL_Driver/Src/stm32f4xx_hal_dac.c.obj
 .debug_line    0x00005342      0x746 CMakeFiles/FOCModule.elf.dir/Drivers/STM32F4xx_HAL_Driver/Src/stm32f4xx_hal_gpio.c.obj
 .debug_line    0x00005a88     0x53c8 CMakeFiles/FOCModule.elf.dir/Drivers/STM32F4xx_HAL_Driver/Src/stm32f4xx_hal_i2c.c.obj
 .debug_line    0x0000ae50      0xb75 CMakeFiles/FOCModule.elf.dir/Drivers/STM32F4xx_HAL_Driver/Src/stm32f4xx_hal_rcc.c.obj
 .debug_line    0x0000b9c5     0x4b07 CMakeFiles/FOCModule.elf.dir/Drivers/STM32F4xx_HAL_Driver/Src/stm32f4xx_hal_tim.c.obj
 .debug_line    0x000104cc     0x1d2b CMakeFiles/FOCModule.elf.dir/Drivers/STM32F4xx_HAL_Driver/Src/stm32f4xx_hal_tim_ex.c.obj
 .debug_line    0x000121f7      0x379 CMakeFiles/FOCModule.elf.dir/FOC/Encoder/Src/AS5600.c.obj
 .debug_line    0x00012570      0x30e CMakeFiles/FOCModule.elf.dir/FOC/Src/FOC_PWM.c.obj
 .debug_line    0x0001287e      0x5b4 CMakeFiles/FOCModule.elf.dir/FOC/Src/FOC_core.c.obj
 .debug_line    0x00012e32      0x39e CMakeFiles/FOCModule.elf.dir/FOC/Src/FOC_current_sense.c.obj
 .debug_line    0x000131d0      0x182 CMakeFiles/FOCModule.elf.dir/FOC/Src/FOC_encoder.c.obj
 .debug_line    0x00013352      0x30c CMakeFiles/FOCModule.elf.dir/FOC/Src/FOC_scope.c.obj
 .debug_line    0x0001365e       0xb2 CMakeFiles/FOCModule.elf.dir/FOC/Src/FOC_setting.c.obj
 .debug_line    0x00013710      0x170 CMakeFiles/FOCModule.elf.dir/FOC/Src/FOC_utility.c.obj
 .debug_line    0x00013880      0x2d0 D:\Projects\FOCModule\Firmware\FOCModule\Middlewares\ST\ARM\DSP\Lib\libarm_cortexM4lf_math.a(arm_sin_f32.o)
 .debug_line    0x00013b50      0x2d3 D:\Projects\FOCModule\Firmware\FOCModule\Middlewares\ST\ARM\DSP\Lib\libarm_cortexM4lf_math.a(arm_cos_f32.o)
 .debug_line    0x00013e23      0x243 D:\Projects\FOCModule\Firmware\FOCModule\Middlewares\ST\ARM\DSP\Lib\libarm_cortexM4lf_math.a(arm_common_tables.o)

.debug_str      0x00000000     0x5dbd
 .debug_str     0x00000000      0xd7c CMakeFiles/FOCModule.elf.dir/Core/Src/adc.c.obj
                                0xe50 (size before relaxing)
 .debug_str     0x00000d7c      0x1d3 CMakeFiles/FOCModule.elf.dir/Core/Src/dac.c.obj
                                0x7b1 (size before relaxing)
 .debug_str     0x00000f4f       0x74 CMakeFiles/FOCModule.elf.dir/Core/Src/gpio.c.obj
                                0x3bf (size before relaxing)
 .debug_str     0x00000fc3      0x301 CMakeFiles/FOCModule.elf.dir/Core/Src/i2c.c.obj
                                0x8eb (size before relaxing)
 .debug_str     0x000012c4      0x21b CMakeFiles/FOCModule.elf.dir/Core/Src/main.c.obj
                                0x5b4 (size before relaxing)
 .debug_str     0x000014df       0x52 CMakeFiles/FOCModule.elf.dir/Core/Src/stm32f4xx_hal_msp.c.obj
                                0x30e (size before relaxing)
 .debug_str     0x00001531       0xf0 CMakeFiles/FOCModule.elf.dir/Core/Src/stm32f4xx_it.c.obj
                                0x690 (size before relaxing)
 .debug_str     0x00001621      0x101 CMakeFiles/FOCModule.elf.dir/Core/Src/system_stm32f4xx.c.obj
                                0x3c8 (size before relaxing)
 .debug_str     0x00001722      0x55b CMakeFiles/FOCModule.elf.dir/Core/Src/tim.c.obj
                                0xbaf (size before relaxing)
 .debug_str     0x00001c7d       0x5c CMakeFiles/FOCModule.elf.dir/Core/Startup/startup_stm32f405rgtx.s.obj
                                 0x97 (size before relaxing)
 .debug_str     0x00001cd9      0x378 CMakeFiles/FOCModule.elf.dir/Drivers/STM32F4xx_HAL_Driver/Src/stm32f4xx_hal.c.obj
                                0xb8c (size before relaxing)
 .debug_str     0x00002051      0x2e3 CMakeFiles/FOCModule.elf.dir/Drivers/STM32F4xx_HAL_Driver/Src/stm32f4xx_hal_adc.c.obj
                                0x9b5 (size before relaxing)
 .debug_str     0x00002334      0x204 CMakeFiles/FOCModule.elf.dir/Drivers/STM32F4xx_HAL_Driver/Src/stm32f4xx_hal_adc_ex.c.obj
                                0xa09 (size before relaxing)
 .debug_str     0x00002538      0x451 CMakeFiles/FOCModule.elf.dir/Drivers/STM32F4xx_HAL_Driver/Src/stm32f4xx_hal_cortex.c.obj
                                0xc5e (size before relaxing)
 .debug_str     0x00002989      0x1e1 CMakeFiles/FOCModule.elf.dir/Drivers/STM32F4xx_HAL_Driver/Src/stm32f4xx_hal_dac.c.obj
                                0x800 (size before relaxing)
 .debug_str     0x00002b6a      0x13b CMakeFiles/FOCModule.elf.dir/Drivers/STM32F4xx_HAL_Driver/Src/stm32f4xx_hal_gpio.c.obj
                                0x533 (size before relaxing)
 .debug_str     0x00002ca5      0x8f8 CMakeFiles/FOCModule.elf.dir/Drivers/STM32F4xx_HAL_Driver/Src/stm32f4xx_hal_i2c.c.obj
                               0x1083 (size before relaxing)
 .debug_str     0x0000359d      0x1aa CMakeFiles/FOCModule.elf.dir/Drivers/STM32F4xx_HAL_Driver/Src/stm32f4xx_hal_rcc.c.obj
                                0x759 (size before relaxing)
 .debug_str     0x00003747      0xdf7 CMakeFiles/FOCModule.elf.dir/Drivers/STM32F4xx_HAL_Driver/Src/stm32f4xx_hal_tim.c.obj
                               0x170c (size before relaxing)
 .debug_str     0x0000453e      0x498 CMakeFiles/FOCModule.elf.dir/Drivers/STM32F4xx_HAL_Driver/Src/stm32f4xx_hal_tim_ex.c.obj
                                0xf0d (size before relaxing)
 .debug_str     0x000049d6      0x14d CMakeFiles/FOCModule.elf.dir/FOC/Encoder/Src/AS5600.c.obj
                                0x850 (size before relaxing)
 .debug_str     0x00004b23       0xa8 CMakeFiles/FOCModule.elf.dir/FOC/Src/FOC_PWM.c.obj
                                0x7c1 (size before relaxing)
 .debug_str     0x00004bcb      0x293 CMakeFiles/FOCModule.elf.dir/FOC/Src/FOC_core.c.obj
                                0x4a4 (size before relaxing)
 .debug_str     0x00004e5e       0xc2 CMakeFiles/FOCModule.elf.dir/FOC/Src/FOC_current_sense.c.obj
                                0xa26 (size before relaxing)
 .debug_str     0x00004f20       0xe9 CMakeFiles/FOCModule.elf.dir/FOC/Src/FOC_encoder.c.obj
                                0x335 (size before relaxing)
 .debug_str     0x00005009       0x68 CMakeFiles/FOCModule.elf.dir/FOC/Src/FOC_scope.c.obj
                                0x618 (size before relaxing)
 .debug_str     0x00005071       0x51 CMakeFiles/FOCModule.elf.dir/FOC/Src/FOC_setting.c.obj
                                0x29d (size before relaxing)
 .debug_str     0x000050c2       0x70 CMakeFiles/FOCModule.elf.dir/FOC/Src/FOC_utility.c.obj
                                0x26a (size before relaxing)
 .debug_str     0x00005132      0xc29 D:\Projects\FOCModule\Firmware\FOCModule\Middlewares\ST\ARM\DSP\Lib\libarm_cortexM4lf_math.a(arm_sin_f32.o)
                                0xd42 (size before relaxing)
 .debug_str     0x00005d5b       0x34 D:\Projects\FOCModule\Firmware\FOCModule\Middlewares\ST\ARM\DSP\Lib\libarm_cortexM4lf_math.a(arm_cos_f32.o)
                                0xd42 (size before relaxing)
 .debug_str     0x00005d8f       0x2e D:\Projects\FOCModule\Firmware\FOCModule\Middlewares\ST\ARM\DSP\Lib\libarm_cortexM4lf_math.a(arm_common_tables.o)
                                0xd1d (size before relaxing)

.comment        0x00000000       0xbe
 .comment       0x00000000       0x49 CMakeFiles/FOCModule.elf.dir/Core/Src/adc.c.obj
                                 0x4a (size before relaxing)
 .comment       0x00000049       0x4a CMakeFiles/FOCModule.elf.dir/Core/Src/dac.c.obj
 .comment       0x00000049       0x4a CMakeFiles/FOCModule.elf.dir/Core/Src/gpio.c.obj
 .comment       0x00000049       0x4a CMakeFiles/FOCModule.elf.dir/Core/Src/i2c.c.obj
 .comment       0x00000049       0x4a CMakeFiles/FOCModule.elf.dir/Core/Src/main.c.obj
 .comment       0x00000049       0x4a CMakeFiles/FOCModule.elf.dir/Core/Src/stm32f4xx_hal_msp.c.obj
 .comment       0x00000049       0x4a CMakeFiles/FOCModule.elf.dir/Core/Src/stm32f4xx_it.c.obj
 .comment       0x00000049       0x4a CMakeFiles/FOCModule.elf.dir/Core/Src/system_stm32f4xx.c.obj
 .comment       0x00000049       0x4a CMakeFiles/FOCModule.elf.dir/Core/Src/tim.c.obj
 .comment       0x00000049       0x4a CMakeFiles/FOCModule.elf.dir/Drivers/STM32F4xx_HAL_Driver/Src/stm32f4xx_hal.c.obj
 .comment       0x00000049       0x4a CMakeFiles/FOCModule.elf.dir/Drivers/STM32F4xx_HAL_Driver/Src/stm32f4xx_hal_adc.c.obj
 .comment       0x00000049       0x4a CMakeFiles/FOCModule.elf.dir/Drivers/STM32F4xx_HAL_Driver/Src/stm32f4xx_hal_adc_ex.c.obj
 .comment       0x00000049       0x4a CMakeFiles/FOCModule.elf.dir/Drivers/STM32F4xx_HAL_Driver/Src/stm32f4xx_hal_cortex.c.obj
 .comment       0x00000049       0x4a CMakeFiles/FOCModule.elf.dir/Drivers/STM32F4xx_HAL_Driver/Src/stm32f4xx_hal_dac.c.obj
 .comment       0x00000049       0x4a CMakeFiles/FOCModule.elf.dir/Drivers/STM32F4xx_HAL_Driver/Src/stm32f4xx_hal_gpio.c.obj
 .comment       0x00000049       0x4a CMakeFiles/FOCModule.elf.dir/Drivers/STM32F4xx_HAL_Driver/Src/stm32f4xx_hal_i2c.c.obj
 .comment       0x00000049       0x4a CMakeFiles/FOCModule.elf.dir/Drivers/STM32F4xx_HAL_Driver/Src/stm32f4xx_hal_rcc.c.obj
 .comment       0x00000049       0x4a CMakeFiles/FOCModule.elf.dir/Drivers/STM32F4xx_HAL_Driver/Src/stm32f4xx_hal_tim.c.obj
 .comment       0x00000049       0x4a CMakeFiles/FOCModule.elf.dir/Drivers/STM32F4xx_HAL_Driver/Src/stm32f4xx_hal_tim_ex.c.obj
 .comment       0x00000049       0x4a CMakeFiles/FOCModule.elf.dir/FOC/Encoder/Src/AS5600.c.obj
 .comment       0x00000049       0x4a CMakeFiles/FOCModule.elf.dir/FOC/Src/FOC_PWM.c.obj
 .comment       0x00000049       0x4a CMakeFiles/FOCModule.elf.dir/FOC/Src/FOC_core.c.obj
 .comment       0x00000049       0x4a CMakeFiles/FOCModule.elf.dir/FOC/Src/FOC_current_sense.c.obj
 .comment       0x00000049       0x4a CMakeFiles/FOCModule.elf.dir/FOC/Src/FOC_encoder.c.obj
 .comment       0x00000049       0x4a CMakeFiles/FOCModule.elf.dir/FOC/Src/FOC_scope.c.obj
 .comment       0x00000049       0x4a CMakeFiles/FOCModule.elf.dir/FOC/Src/FOC_setting.c.obj
 .comment       0x00000049       0x4a CMakeFiles/FOCModule.elf.dir/FOC/Src/FOC_utility.c.obj
 .comment       0x00000049       0x75 D:\Projects\FOCModule\Firmware\FOCModule\Middlewares\ST\ARM\DSP\Lib\libarm_cortexM4lf_math.a(arm_sin_f32.o)
                                 0x76 (size before relaxing)
 .comment       0x000000be       0x76 D:\Projects\FOCModule\Firmware\FOCModule\Middlewares\ST\ARM\DSP\Lib\libarm_cortexM4lf_math.a(arm_cos_f32.o)
 .comment       0x000000be       0x76 D:\Projects\FOCModule\Firmware\FOCModule\Middlewares\ST\ARM\DSP\Lib\libarm_cortexM4lf_math.a(arm_common_tables.o)

.debug_frame    0x00000000     0x2d7c
 .debug_frame   0x00000000       0x6c CMakeFiles/FOCModule.elf.dir/Core/Src/adc.c.obj
 .debug_frame   0x0000006c       0x68 CMakeFiles/FOCModule.elf.dir/Core/Src/dac.c.obj
 .debug_frame   0x000000d4       0x34 CMakeFiles/FOCModule.elf.dir/Core/Src/gpio.c.obj
 .debug_frame   0x00000108       0x64 CMakeFiles/FOCModule.elf.dir/Core/Src/i2c.c.obj
 .debug_frame   0x0000016c       0x58 CMakeFiles/FOCModule.elf.dir/Core/Src/main.c.obj
 .debug_frame   0x000001c4       0x28 CMakeFiles/FOCModule.elf.dir/Core/Src/stm32f4xx_hal_msp.c.obj
 .debug_frame   0x000001ec       0xc0 CMakeFiles/FOCModule.elf.dir/Core/Src/stm32f4xx_it.c.obj
 .debug_frame   0x000002ac       0x30 CMakeFiles/FOCModule.elf.dir/Core/Src/system_stm32f4xx.c.obj
 .debug_frame   0x000002dc       0x80 CMakeFiles/FOCModule.elf.dir/Core/Src/tim.c.obj
 .debug_frame   0x0000035c      0x1ec CMakeFiles/FOCModule.elf.dir/Drivers/STM32F4xx_HAL_Driver/Src/stm32f4xx_hal.c.obj
 .debug_frame   0x00000548      0x268 CMakeFiles/FOCModule.elf.dir/Drivers/STM32F4xx_HAL_Driver/Src/stm32f4xx_hal_adc.c.obj
 .debug_frame   0x000007b0      0x18c CMakeFiles/FOCModule.elf.dir/Drivers/STM32F4xx_HAL_Driver/Src/stm32f4xx_hal_adc_ex.c.obj
 .debug_frame   0x0000093c      0x148 CMakeFiles/FOCModule.elf.dir/Drivers/STM32F4xx_HAL_Driver/Src/stm32f4xx_hal_cortex.c.obj
 .debug_frame   0x00000a84      0x1e8 CMakeFiles/FOCModule.elf.dir/Drivers/STM32F4xx_HAL_Driver/Src/stm32f4xx_hal_dac.c.obj
 .debug_frame   0x00000c6c       0xd8 CMakeFiles/FOCModule.elf.dir/Drivers/STM32F4xx_HAL_Driver/Src/stm32f4xx_hal_gpio.c.obj
 .debug_frame   0x00000d44      0x970 CMakeFiles/FOCModule.elf.dir/Drivers/STM32F4xx_HAL_Driver/Src/stm32f4xx_hal_i2c.c.obj
 .debug_frame   0x000016b4      0x16c CMakeFiles/FOCModule.elf.dir/Drivers/STM32F4xx_HAL_Driver/Src/stm32f4xx_hal_rcc.c.obj
 .debug_frame   0x00001820      0xb0c CMakeFiles/FOCModule.elf.dir/Drivers/STM32F4xx_HAL_Driver/Src/stm32f4xx_hal_tim.c.obj
 .debug_frame   0x0000232c      0x40c CMakeFiles/FOCModule.elf.dir/Drivers/STM32F4xx_HAL_Driver/Src/stm32f4xx_hal_tim_ex.c.obj
 .debug_frame   0x00002738       0xa0 CMakeFiles/FOCModule.elf.dir/FOC/Encoder/Src/AS5600.c.obj
 .debug_frame   0x000027d8       0x5c CMakeFiles/FOCModule.elf.dir/FOC/Src/FOC_PWM.c.obj
 .debug_frame   0x00002834      0x124 CMakeFiles/FOCModule.elf.dir/FOC/Src/FOC_core.c.obj
 .debug_frame   0x00002958       0x60 CMakeFiles/FOCModule.elf.dir/FOC/Src/FOC_current_sense.c.obj
 .debug_frame   0x000029b8       0x58 CMakeFiles/FOCModule.elf.dir/FOC/Src/FOC_encoder.c.obj
 .debug_frame   0x00002a10       0x6c CMakeFiles/FOCModule.elf.dir/FOC/Src/FOC_scope.c.obj
 .debug_frame   0x00002a7c       0x48 CMakeFiles/FOCModule.elf.dir/FOC/Src/FOC_utility.c.obj
 .debug_frame   0x00002ac4       0x20 D:\Projects\FOCModule\Firmware\FOCModule\Middlewares\ST\ARM\DSP\Lib\libarm_cortexM4lf_math.a(arm_sin_f32.o)
 .debug_frame   0x00002ae4       0x20 D:\Projects\FOCModule\Firmware\FOCModule\Middlewares\ST\ARM\DSP\Lib\libarm_cortexM4lf_math.a(arm_cos_f32.o)
 .debug_frame   0x00002b04       0x2c c:/tools/gcc-arm-none-eabi-10.3-2021.07/bin/../lib/gcc/arm-none-eabi/10.3.1/thumb/v7e-m+fp/hard\libgcc.a(_aeabi_uldivmod.o)
 .debug_frame   0x00002b30       0x34 c:/tools/gcc-arm-none-eabi-10.3-2021.07/bin/../lib/gcc/arm-none-eabi/10.3.1/thumb/v7e-m+fp/hard\libgcc.a(_udivmoddi4.o)
 .debug_frame   0x00002b64       0x20 c:/tools/gcc-arm-none-eabi-10.3-2021.07/bin/../lib/gcc/arm-none-eabi/10.3.1/../../../../arm-none-eabi/lib/thumb/v7e-m+fp/hard\libg.a(lib_a-errno.o)
 .debug_frame   0x00002b84       0x2c c:/tools/gcc-arm-none-eabi-10.3-2021.07/bin/../lib/gcc/arm-none-eabi/10.3.1/../../../../arm-none-eabi/lib/thumb/v7e-m+fp/hard\libg.a(lib_a-init.o)
 .debug_frame   0x00002bb0       0x2c c:/tools/gcc-arm-none-eabi-10.3-2021.07/bin/../lib/gcc/arm-none-eabi/10.3.1/../../../../arm-none-eabi/lib/thumb/v7e-m+fp/hard\libg.a(lib_a-memset.o)
 .debug_frame   0x00002bdc       0x68 c:/tools/gcc-arm-none-eabi-10.3-2021.07/bin/../lib/gcc/arm-none-eabi/10.3.1/../../../../arm-none-eabi/lib/thumb/v7e-m+fp/hard\libg.a(lib_a-__call_atexit.o)
 .debug_frame   0x00002c44       0x20 c:/tools/gcc-arm-none-eabi-10.3-2021.07/bin/../lib/gcc/arm-none-eabi/10.3.1/../../../../arm-none-eabi/lib/thumb/v7e-m+fp/hard\libg.a(lib_a-atexit.o)
 .debug_frame   0x00002c64       0x34 c:/tools/gcc-arm-none-eabi-10.3-2021.07/bin/../lib/gcc/arm-none-eabi/10.3.1/../../../../arm-none-eabi/lib/thumb/v7e-m+fp/hard\libg.a(lib_a-fini.o)
 .debug_frame   0x00002c98       0xb0 c:/tools/gcc-arm-none-eabi-10.3-2021.07/bin/../lib/gcc/arm-none-eabi/10.3.1/../../../../arm-none-eabi/lib/thumb/v7e-m+fp/hard\libg.a(lib_a-lock.o)
 .debug_frame   0x00002d48       0x34 c:/tools/gcc-arm-none-eabi-10.3-2021.07/bin/../lib/gcc/arm-none-eabi/10.3.1/../../../../arm-none-eabi/lib/thumb/v7e-m+fp/hard\libg.a(lib_a-__atexit.o)
